Archive member included to satisfy reference by file (symbol)

app/libapp.a(main.c.obj)      (--whole-archive)
app/libapp.a(test_module.c.obj)
                              (--whole-archive)
app/libapp.a(dynamic_cmd.c.obj)
                              (--whole-archive)
app/libapp.a(qsort.c.obj)     (--whole-archive)
zephyr/libzephyr.a(fnmatch.c.obj)
                              (--whole-archive)
zephyr/libzephyr.a(cbprintf.c.obj)
                              (--whole-archive)
zephyr/libzephyr.a(crc32_sw.c.obj)
                              (--whole-archive)
zephyr/libzephyr.a(crc16_sw.c.obj)
                              (--whole-archive)
zephyr/libzephyr.a(crc8_sw.c.obj)
                              (--whole-archive)
zephyr/libzephyr.a(crc7_sw.c.obj)
                              (--whole-archive)
zephyr/libzephyr.a(dec.c.obj)
                              (--whole-archive)
zephyr/libzephyr.a(fdtable.c.obj)
                              (--whole-archive)
zephyr/libzephyr.a(hex.c.obj)
                              (--whole-archive)
zephyr/libzephyr.a(mempool.c.obj)
                              (--whole-archive)
zephyr/libzephyr.a(notify.c.obj)
                              (--whole-archive)
zephyr/libzephyr.a(printk.c.obj)
                              (--whole-archive)
zephyr/libzephyr.a(onoff.c.obj)
                              (--whole-archive)
zephyr/libzephyr.a(rb.c.obj)  (--whole-archive)
zephyr/libzephyr.a(sem.c.obj)
                              (--whole-archive)
zephyr/libzephyr.a(thread_entry.c.obj)
                              (--whole-archive)
zephyr/libzephyr.a(timeutil.c.obj)
                              (--whole-archive)
zephyr/libzephyr.a(work_q.c.obj)
                              (--whole-archive)
zephyr/libzephyr.a(heap.c.obj)
                              (--whole-archive)
zephyr/libzephyr.a(heap-validate.c.obj)
                              (--whole-archive)
zephyr/libzephyr.a(cbprintf_complete.c.obj)
                              (--whole-archive)
zephyr/libzephyr.a(ring_buffer.c.obj)
                              (--whole-archive)
zephyr/libzephyr.a(configs.c.obj)
                              (--whole-archive)
zephyr/libzephyr.a(soc.c.obj)
                              (--whole-archive)
zephyr/libzephyr.a(power.c.obj)
                              (--whole-archive)
zephyr/libzephyr.a(validate_base_addresses.c.obj)
                              (--whole-archive)
zephyr/libzephyr.a(validate_enabled_instances.c.obj)
                              (--whole-archive)
zephyr/libzephyr.a(log_list.c.obj)
                              (--whole-archive)
zephyr/libzephyr.a(log_core.c.obj)
                              (--whole-archive)
zephyr/libzephyr.a(log_msg.c.obj)
                              (--whole-archive)
zephyr/libzephyr.a(log_output.c.obj)
                              (--whole-archive)
zephyr/libzephyr.a(log_cmds.c.obj)
                              (--whole-archive)
zephyr/libzephyr.a(kernel_service.c.obj)
                              (--whole-archive)
zephyr/libzephyr.a(device_service.c.obj)
                              (--whole-archive)
zephyr/libzephyr.a(date_service.c.obj)
                              (--whole-archive)
zephyr/libzephyr.a(shell.c.obj)
                              (--whole-archive)
zephyr/libzephyr.a(shell_fprintf.c.obj)
                              (--whole-archive)
zephyr/libzephyr.a(shell_utils.c.obj)
                              (--whole-archive)
zephyr/libzephyr.a(shell_ops.c.obj)
                              (--whole-archive)
zephyr/libzephyr.a(shell_uart.c.obj)
                              (--whole-archive)
zephyr/libzephyr.a(shell_help.c.obj)
                              (--whole-archive)
zephyr/libzephyr.a(shell_cmds.c.obj)
                              (--whole-archive)
zephyr/libzephyr.a(shell_history.c.obj)
                              (--whole-archive)
zephyr/libzephyr.a(shell_log_backend.c.obj)
                              (--whole-archive)
zephyr/libzephyr.a(shell_wildcard.c.obj)
                              (--whole-archive)
zephyr/libzephyr.a(power.c.obj)
                              (--whole-archive)
zephyr/libzephyr.a(reboot.c.obj)
                              (--whole-archive)
zephyr/libzephyr.a(policy_residency.c.obj)
                              (--whole-archive)
zephyr/libzephyr.a(uart_console.c.obj)
                              (--whole-archive)
zephyr/libzephyr.a(clock_control_nrf.c.obj)
                              (--whole-archive)
zephyr/libzephyr.a(sys_clock_init.c.obj)
                              (--whole-archive)
zephyr/libzephyr.a(nrf_rtc_timer.c.obj)
                              (--whole-archive)
zephyr/libzephyr.a(secure_services_ns.c.obj)
                              (--whole-archive)
zephyr/arch/common/libarch__common.a(sw_isr_common.c.obj)
                              (--whole-archive)
zephyr/arch/arch/arm/core/aarch32/libarch__arm__core__aarch32.a(swap.c.obj)
[...]
Memory Configuration

Name             Origin             Length             Attributes
FLASH            0x0000c000         0x000f4000         xr
SRAM             0x20010000         0x00030000         xw
IDT_LIST         0x20040000         0x00000800         xw
*default*        0x00000000         0xffffffff

Linker script and memory map

LOAD zephyr/CMakeFiles/zephyr_prebuilt.dir/misc/empty_file.c.obj
                0x00000020                _region_min_align = 0x20

.rel.plt        0x0000c000        0x0
 *(SORT_BY_ALIGNMENT(.rel.plt))
                [!provide]                PROVIDE (__rel_iplt_start = .)
 *(SORT_BY_ALIGNMENT(.rel.iplt))
 .rel.iplt      0x0000c000        0x0 app/libapp.a(main.c.obj)
                [!provide]                PROVIDE (__rel_iplt_end = .)

.rela.plt       0x00000000        0x0
 *(SORT_BY_ALIGNMENT(.rela.plt))
                [!provide]                PROVIDE (__rela_iplt_start = .)
 *(SORT_BY_ALIGNMENT(.rela.iplt))
                [!provide]                PROVIDE (__rela_iplt_end = .)

.rel.dyn
 *(SORT_BY_ALIGNMENT(.rel.*))

.rela.dyn
 *(SORT_BY_ALIGNMENT(.rela.*))

/DISCARD/
 *(SORT_BY_ALIGNMENT(.plt))
 *(SORT_BY_ALIGNMENT(.iplt))
 *(SORT_BY_ALIGNMENT(.got.plt))
 *(SORT_BY_ALIGNMENT(.igot.plt))
 *(SORT_BY_ALIGNMENT(.got))
 *(SORT_BY_ALIGNMENT(.igot))
 *(SORT_BY_ALIGNMENT(.note.GNU-stack))
                0x0000c000                _image_rom_start = 0xc000

rom_start       0x0000c000      0x23c
                0x00000000                . = 0x0
                0x00000000                . = ALIGN (0x4)
                0x00000000                . = ALIGN (0x80)
                0x00000000                . = ALIGN (0x200)
                0x0000c000                _vector_start = .
 *(SORT_BY_ALIGNMENT(.exc_vector_table))
 *(SORT_BY_ALIGNMENT(.exc_vector_table.*))
 .exc_vector_table._vector_table_section
                0x0000c000       0x40 zephyr/arch/arch/arm/core/aarch32/cortex_m/libarch__arm__core__aarch32__cortex_m.a(vector_table.S.obj)
                0x0000c000                _vector_table
 *(SORT_BY_ALIGNMENT(.gnu.linkonce.irq_vector_table*))
 .gnu.linkonce.irq_vector_table*
                0x0000c040      0x104 zephyr/arch/common/libisr_tables.a(isr_tables.c.obj)
                0x0000c040                _irq_vector_table
 *(SORT_BY_ALIGNMENT(.vectors))
                0x0000c144                _vector_end = .
 *(SORT_BY_ALIGNMENT(.openocd_dbg))
 *(SORT_BY_ALIGNMENT(.openocd_dbg.*))
                0x00000200                . = 0x200
 *fill*         0x0000c144       0xbc 
                0x0000c200                _fw_info_start = .
 *(SORT_BY_NAME(SORT_BY_ALIGNMENT(.firmware_info*)))
 .firmware_info
                0x0000c200       0x3c modules/nrf/subsys/fw_info/lib..__nrf__subsys__fw_info.a(fw_info.c.obj)
                0x0000c200                m_firmware_info
                0x0000003c                _fw_info_size = ABSOLUTE ((. - _fw_info_start))

text            0x0000c240     0xfcb4
                0x0000c240                _image_text_start = .
 *(SORT_BY_ALIGNMENT(.text))
 .text          0x0000c240       0xa0 c:/users/pablo/ncs/v1.4.99-dev1/toolchain/opt/bin/../lib/gcc/arm-none-eabi/9.2.1/thumb/v8-m.main/nofp\libgcc.a(_aeabi_ldivmod.o)
                0x0000c240                __aeabi_ldivmod
 .text          0x0000c2e0       0x30 c:/users/pablo/ncs/v1.4.99-dev1/toolchain/opt/bin/../lib/gcc/arm-none-eabi/9.2.1/thumb/v8-m.main/nofp\libgcc.a(_aeabi_uldivmod.o)
                0x0000c2e0                __aeabi_uldivmod
 .text          0x0000c310      0x2c8 c:/users/pablo/ncs/v1.4.99-dev1/toolchain/opt/bin/../lib/gcc/arm-none-eabi/9.2.1/thumb/v8-m.main/nofp\libgcc.a(_udivmoddi4.o)
                0x0000c310                __udivmoddi4
 .text          0x0000c5d8        0x4 c:/users/pablo/ncs/v1.4.99-dev1/toolchain/opt/bin/../lib/gcc/arm-none-eabi/9.2.1/thumb/v8-m.main/nofp\libgcc.a(_dvmd_tls.o)
                0x0000c5d8                __aeabi_idiv0
                0x0000c5d8                __aeabi_ldiv0
 *(SORT_BY_ALIGNMENT(.text.*))
 *fill*         0x0000c5dc        0x4 
 .text.clock_settime
                0x0000c5e0       0x94 zephyr/lib/posix/liblib__posix.a(clock.c.obj)
                0x0000c5e0                clock_settime
 .text.cmd_public_key
                0x0000c674       0x54 app/libapp.a(main.c.obj)
 .text.cmd_get_keys
                0x0000c6c8       0x6c app/libapp.a(main.c.obj)
 .text.k_timer_remaining_get.constprop.0
                0x0000c734       0x1c app/libapp.a(main.c.obj)
 .text.sha256_init
                0x0000c750       0x64 app/libapp.a(main.c.obj)
 .text.mul_fp   0x0000c7b4       0x1c app/libapp.a(main.c.obj)
 .text.sigma    0x0000c7d0       0x1c app/libapp.a(main.c.obj)
 .text.sqr_fp   0x0000c7ec       0x10 app/libapp.a(main.c.obj)
 .text.exp_mont_384.constprop.0
                0x0000c7fc       0x68 app/libapp.a(main.c.obj)
 .text.recip_sqrt_fp
                0x0000c864       0x48 app/libapp.a(main.c.obj)
 .text.flt_reciprocal_fp
                0x0000c8ac       0x10 app/libapp.a(main.c.obj)
 .text.add_fp   0x0000c8bc        0xc app/libapp.a(main.c.obj)
 .text.sub_fp   0x0000c8c8        0xc app/libapp.a(main.c.obj)
 .text.POINTonE1_dadd
                0x0000c8d4      0x1a4 app/libapp.a(main.c.obj)
 .text.cneg_fp  0x0000ca78        0xc app/libapp.a(main.c.obj)
 .text.cneg_fp2
                0x0000ca84       0x2c app/libapp.a(main.c.obj)
 .text.from_fp  0x0000cab0       0x10 app/libapp.a(main.c.obj)
 .text.POINTonE1_affine_Compress_BE
                0x0000cac0       0x30 app/libapp.a(main.c.obj)
 .text.POINTonE2_affine_Compress_BE
                0x0000caf0       0x44 app/libapp.a(main.c.obj)
 .text.mul_fp2  0x0000cb34       0x1c app/libapp.a(main.c.obj)
 .text.psi      0x0000cb50       0x54 app/libapp.a(main.c.obj)
 .text.frobenius_map_fp6
                0x0000cba4       0x6c app/libapp.a(main.c.obj)
 .text.frobenius_map_fp12
                0x0000cc10       0x50 app/libapp.a(main.c.obj)
 .text.reciprocal_fp
                0x0000cc60       0x74 app/libapp.a(main.c.obj)
 .text.POINTonE1_from_Jacobian
                0x0000ccd4       0x60 app/libapp.a(main.c.obj)
 .text.POINTonE1_to_affine
                0x0000cd34       0x34 app/libapp.a(main.c.obj)
 .text.blst_p1_compress
                0x0000cd68       0x58 app/libapp.a(main.c.obj)
                0x0000cd68                blst_p1_compress
 .text.div_by_zz
                0x0000cdc0       0x44 app/libapp.a(main.c.obj)
 .text.div_by_z
                0x0000ce04       0x44 app/libapp.a(main.c.obj)
 .text.blst_sha256_block_data_order
                0x0000ce48      0x1d0 app/libapp.a(main.c.obj)
                0x0000ce48                blst_sha256_block_data_order
 .text.hash_to_field
                0x0000d018      0x2ec app/libapp.a(main.c.obj)
 .text.HMAC_init
                0x0000d304       0xe8 app/libapp.a(main.c.obj)
 .text.blst_keygen
                0x0000d3ec      0x1e8 app/libapp.a(main.c.obj)
                0x0000d3ec                blst_keygen
 .text.POINTonE1_double
                0x0000d5d4       0xcc app/libapp.a(main.c.obj)
 .text.POINTonE1_in_G1
                0x0000d6a0       0x90 app/libapp.a(main.c.obj)
 .text.POINTonE1_mult_glv
                0x0000d730       0x78 app/libapp.a(main.c.obj)
 .text.POINTonE1_sign
                0x0000d7a8       0x60 app/libapp.a(main.c.obj)
 .text.blst_sk_to_pk_in_g1
                0x0000d808        0xc app/libapp.a(main.c.obj)
                0x0000d808                blst_sk_to_pk_in_g1
 .text.mul_by_3_fp2
                0x0000d814        0xc app/libapp.a(main.c.obj)
 .text.mul_by_u_plus_1_fp2
                0x0000d820        0xc app/libapp.a(main.c.obj)
 .text.add_fp2  0x0000d82c        0xc app/libapp.a(main.c.obj)
 .text.sub_fp2  0x0000d838        0xc app/libapp.a(main.c.obj)
 .text.sqr_fp2  0x0000d844       0x10 app/libapp.a(main.c.obj)
 .text.POINTonE2_from_Jacobian
                0x0000d854       0x60 app/libapp.a(main.c.obj)
 .text.POINTonE2_to_affine
                0x0000d8b4       0x34 app/libapp.a(main.c.obj)
 .text.POINTonE2_Compress_BE
                0x0000d8e8       0x30 app/libapp.a(main.c.obj)
 .text.sqrt_align_fp2
                0x0000d918       0xd8 app/libapp.a(main.c.obj)
 .text.POINTonE2_dadd_affine
                0x0000d9f0      0x170 app/libapp.a(main.c.obj)
 .text.POINTonE2_double
                0x0000db60       0xc4 app/libapp.a(main.c.obj)
 .text.POINTonE2_sign
                0x0000dc24       0x9c app/libapp.a(main.c.obj)
 .text.map_to_isogenous_E2
                0x0000dcc0      0x28c app/libapp.a(main.c.obj)
 .text.map_to_g2
                0x0000df4c      0x1e8 app/libapp.a(main.c.obj)
 .text.line_dbl
                0x0000e134      0x150 app/libapp.a(main.c.obj)
 .text.miller_loop_n
                0x0000e284      0x144 app/libapp.a(main.c.obj)
 .text.PAIRING_Aggregate_PK_in_G1
                0x0000e3c8      0x238 app/libapp.a(main.c.obj)
 .text.PAIRING_FinalVerify
                0x0000e600       0xa8 app/libapp.a(main.c.obj)
 .text.cmd_signature_verification
                0x0000e6a8       0x6c app/libapp.a(main.c.obj)
 .text.cmd_keygen
                0x0000e714      0x158 app/libapp.a(main.c.obj)
 .text.cmd_benchmark
                0x0000e86c      0x2a4 app/libapp.a(main.c.obj)
 .text.public_key_to_sk
                0x0000eb10       0x68 app/libapp.a(main.c.obj)
                0x0000eb10                public_key_to_sk
 .text.cmd_signature_message
                0x0000eb78      0x110 app/libapp.a(main.c.obj)
 .text.dynamic_cmd_get
                0x0000ec88       0x30 app/libapp.a(dynamic_cmd.c.obj)
 .text.cmd_dynamic_show
                0x0000ecb8       0x64 app/libapp.a(dynamic_cmd.c.obj)
 .text.cmd_dynamic_execute
                0x0000ed1c       0x6c app/libapp.a(dynamic_cmd.c.obj)
 .text.cmd_dynamic_remove
                0x0000ed88       0x9c app/libapp.a(dynamic_cmd.c.obj)
 .text.cmd_dynamic_add
                0x0000ee24       0xd0 app/libapp.a(dynamic_cmd.c.obj)
 .text.char_out
                0x0000eef4       0x10 zephyr/libzephyr.a(printk.c.obj)
 .text.__printk_hook_install
                0x0000ef04        0xc zephyr/libzephyr.a(printk.c.obj)
                0x0000ef04                __printk_hook_install
 .text.vprintk  0x0000ef10       0x1c zephyr/libzephyr.a(printk.c.obj)
                0x0000ef10                vprintk
 .text.vsnprintk
                0x0000ef2c       0x28 zephyr/libzephyr.a(printk.c.obj)
                0x0000ef2c                vsnprintk
 .text.process_event
                0x0000ef54      0x1cc zephyr/libzephyr.a(onoff.c.obj)
 .text.timeutil_timegm64
                0x0000f120      0x104 zephyr/libzephyr.a(timeutil.c.obj)
                0x0000f120                timeutil_timegm64
 .text.extract_conversion
                0x0000f224      0x2b0 zephyr/libzephyr.a(cbprintf_complete.c.obj)
 .text.cbvprintf
                0x0000f4d4      0x408 zephyr/libzephyr.a(cbprintf_complete.c.obj)
                0x0000f4d4                cbvprintf
 .text.nordicsemi_nrf91_init
                0x0000f8dc       0x28 zephyr/libzephyr.a(soc.c.obj)
 .text.arch_busy_wait
                0x0000f904       0x14 zephyr/libzephyr.a(soc.c.obj)
                0x0000f904                arch_busy_wait
 .text.enable_logger
                0x0000f918       0x5c zephyr/libzephyr.a(log_core.c.obj)
 .text.log_process_thread_timer_expiry_fn
                0x0000f974        0xc zephyr/libzephyr.a(log_core.c.obj)
 .text.log_core_init
                0x0000f980       0x74 zephyr/libzephyr.a(log_core.c.obj)
                0x0000f980                log_core_init
 .text.dropped_notify
                0x0000f9f4       0x44 zephyr/libzephyr.a(log_core.c.obj)
                0x0000f9f4                dropped_notify
 .text.log_dropped
                0x0000fa38       0x18 zephyr/libzephyr.a(log_core.c.obj)
                0x0000fa38                log_dropped
 .text.log_source_name_get
                0x0000fa50       0x1c zephyr/libzephyr.a(log_core.c.obj)
                0x0000fa50                log_source_name_get
 .text.z_impl_log_filter_set
                0x0000fa6c       0xa4 zephyr/libzephyr.a(log_core.c.obj)
                0x0000fa6c                z_impl_log_filter_set
 .text.backend_filter_set
                0x0000fb10       0x30 zephyr/libzephyr.a(log_core.c.obj)
 .text.log_backend_enable
                0x0000fb40       0x40 zephyr/libzephyr.a(log_core.c.obj)
                0x0000fb40                log_backend_enable
 .text.log_init
                0x0000fb80       0x4c zephyr/libzephyr.a(log_core.c.obj)
                0x0000fb80                log_init
 .text.log_filter_get
                0x0000fbcc       0x2c zephyr/libzephyr.a(log_core.c.obj)
                0x0000fbcc                log_filter_get
 .text.log_strdup
                0x0000fbf8       0x64 zephyr/libzephyr.a(log_core.c.obj)
                0x0000fbf8                log_strdup
 .text.log_is_strdup
                0x0000fc5c       0x1c zephyr/libzephyr.a(log_core.c.obj)
                0x0000fc5c                log_is_strdup
 .text.z_impl_log_process
                0x0000fc78      0x19c zephyr/libzephyr.a(log_core.c.obj)
                0x0000fc78                z_impl_log_process
 .text.msg_finalize
                0x0000fe14       0xbc zephyr/libzephyr.a(log_core.c.obj)
 .text.log_process_thread_func
                0x0000fed0       0x48 zephyr/libzephyr.a(log_core.c.obj)
 .text.z_impl_log_panic
                0x0000ff18       0x48 zephyr/libzephyr.a(log_core.c.obj)
                0x0000ff18                z_impl_log_panic
 .text.log_free
                0x0000ff60       0x2c zephyr/libzephyr.a(log_core.c.obj)
                0x0000ff60                log_free
 .text.log_msg_pool_init
                0x0000ff8c       0x14 zephyr/libzephyr.a(log_msg.c.obj)
                0x0000ff8c                log_msg_pool_init
 .text.log_msg_no_space_handle
                0x0000ffa0       0x30 zephyr/libzephyr.a(log_msg.c.obj)
                0x0000ffa0                log_msg_no_space_handle
 .text.log_msg_chunk_alloc
                0x0000ffd0       0x28 zephyr/libzephyr.a(log_msg.c.obj)
                0x0000ffd0                log_msg_chunk_alloc
 .text.msg_free
                0x0000fff8       0x7c zephyr/libzephyr.a(log_msg.c.obj)
 .text.print_formatted
                0x00010074       0x24 zephyr/libzephyr.a(log_output.c.obj)
 .text.prefix_print
                0x00010098      0x11c zephyr/libzephyr.a(log_output.c.obj)
 .text.postfix_print
                0x000101b4       0x3c zephyr/libzephyr.a(log_output.c.obj)
 .text.hexdump_line_print
                0x000101f0       0xdc zephyr/libzephyr.a(log_output.c.obj)
 .text.log_output_msg_process
                0x000102cc       0xf8 zephyr/libzephyr.a(log_output.c.obj)
                0x000102cc                log_output_msg_process
 .text.log_output_dropped_process
                0x000103c4       0x58 zephyr/libzephyr.a(log_output.c.obj)
                0x000103c4                log_output_dropped_process
 .text.log_output_timestamp_freq_set
                0x0001041c       0x30 zephyr/libzephyr.a(log_output.c.obj)
                0x0001041c                log_output_timestamp_freq_set
 .text.severity_lvl_get
                0x0001044c       0x24 zephyr/libzephyr.a(log_cmds.c.obj)
 .text.backend_name_get
                0x00010470       0x30 zephyr/libzephyr.a(log_cmds.c.obj)
 .text.cmd_log_backends_list
                0x000104a0       0x60 zephyr/libzephyr.a(log_cmds.c.obj)
 .text.log_status
                0x00010500       0xac zephyr/libzephyr.a(log_cmds.c.obj)
 .text.module_name_get
                0x000105ac       0x20 zephyr/libzephyr.a(log_cmds.c.obj)
 .text.shell_backend_cmd_execute
                0x000105cc       0x78 zephyr/libzephyr.a(log_cmds.c.obj)
 .text.cmd_log_backend_status
                0x00010644       0x10 zephyr/libzephyr.a(log_cmds.c.obj)
 .text.cmd_log_backend_halt
                0x00010654        0xc zephyr/libzephyr.a(log_cmds.c.obj)
 .text.cmd_log_backend_go
                0x00010660        0xc zephyr/libzephyr.a(log_cmds.c.obj)
 .text.cmd_log_backend_enable
                0x0001066c        0xc zephyr/libzephyr.a(log_cmds.c.obj)
 .text.cmd_log_backend_disable
                0x00010678        0xc zephyr/libzephyr.a(log_cmds.c.obj)
 .text.shell_state_precheck
                0x00010684       0x20 zephyr/libzephyr.a(log_cmds.c.obj)
 .text.filters_set
                0x000106a4       0xd0 zephyr/libzephyr.a(log_cmds.c.obj)
 .text.log_enable
                0x00010774       0x60 zephyr/libzephyr.a(log_cmds.c.obj)
 .text.cmd_kernel_version
                0x000107d4       0x2c zephyr/libzephyr.a(kernel_service.c.obj)
 .text.cmd_kernel_uptime
                0x00010800       0x34 zephyr/libzephyr.a(kernel_service.c.obj)
 .text.cmd_kernel_threads
                0x00010834       0x38 zephyr/libzephyr.a(kernel_service.c.obj)
 .text.cmd_kernel_stacks
                0x0001086c       0x5c zephyr/libzephyr.a(kernel_service.c.obj)
 .text.shell_tdata_dump
                0x000108c8       0xc0 zephyr/libzephyr.a(kernel_service.c.obj)
 .text.cmd_kernel_cycles
                0x00010988       0x1c zephyr/libzephyr.a(kernel_service.c.obj)
 .text.shell_stack_dump
                0x000109a4       0x68 zephyr/libzephyr.a(kernel_service.c.obj)
 .text.cmd_device_list
                0x00010a0c       0x58 zephyr/libzephyr.a(device_service.c.obj)
 .text.device_get_config_level
                0x00010a64       0x48 zephyr/libzephyr.a(device_service.c.obj)
 .text.cmd_device_levels
                0x00010aac       0x94 zephyr/libzephyr.a(device_service.c.obj)
 .text.date_print
                0x00010b40       0x30 zephyr/libzephyr.a(date_service.c.obj)
 .text.get_h_m_s
                0x00010b70       0xa8 zephyr/libzephyr.a(date_service.c.obj)
 .text.cmd_date_set
                0x00010c18      0x124 zephyr/libzephyr.a(date_service.c.obj)
 .text.shell_internal_help_print
                0x00010d3c       0x20 zephyr/libzephyr.a(shell.c.obj)
 .text.state_set.part.0
                0x00010d5c       0x44 zephyr/libzephyr.a(shell.c.obj)
 .text.history_handle
                0x00010da0       0xa4 zephyr/libzephyr.a(shell.c.obj)
 .text.execute  0x00010e44      0x368 zephyr/libzephyr.a(shell.c.obj)
 .text.shell_process
                0x000111ac      0x6bc zephyr/libzephyr.a(shell.c.obj)
                0x000111ac                shell_process
 .text.shell_init
                0x00011868      0x100 zephyr/libzephyr.a(shell.c.obj)
                0x00011868                shell_init
 .text.shell_start
                0x00011968       0x50 zephyr/libzephyr.a(shell.c.obj)
                0x00011968                shell_start
 .text.shell_thread
                0x000119b8       0xc8 zephyr/libzephyr.a(shell.c.obj)
                0x000119b8                shell_thread
 .text.shell_fprintf_fmt
                0x00011a80       0x28 zephyr/libzephyr.a(shell_fprintf.c.obj)
                0x00011a80                shell_fprintf_fmt
 .text.shell_cmd_get
                0x00011aa8       0x4c zephyr/libzephyr.a(shell_utils.c.obj)
                0x00011aa8                shell_cmd_get
 .text.clear_eos.isra.0
                0x00011af4       0x10 zephyr/libzephyr.a(shell_ops.c.obj)
 .text.shell_op_cursor_vert_move
                0x00011b04       0x20 zephyr/libzephyr.a(shell_ops.c.obj)
                0x00011b04                shell_op_cursor_vert_move
 .text.shell_op_cursor_horiz_move
                0x00011b24       0x20 zephyr/libzephyr.a(shell_ops.c.obj)
                0x00011b24                shell_op_cursor_horiz_move
 .text.shell_op_cond_next_line
                0x00011b44       0x28 zephyr/libzephyr.a(shell_ops.c.obj)
                0x00011b44                shell_op_cond_next_line
 .text.shell_op_cursor_position_synchronize
                0x00011b6c       0x54 zephyr/libzephyr.a(shell_ops.c.obj)
                0x00011b6c                shell_op_cursor_position_synchronize
 .text.shell_print_cmd
                0x00011bc0       0x10 zephyr/libzephyr.a(shell_ops.c.obj)
                0x00011bc0                shell_print_cmd
 .text.shell_vt100_color_set
                0x00011bd0       0x48 zephyr/libzephyr.a(shell_ops.c.obj)
                0x00011bd0                shell_vt100_color_set
 .text.shell_vt100_colors_restore
                0x00011c18       0x4c zephyr/libzephyr.a(shell_ops.c.obj)
                0x00011c18                shell_vt100_colors_restore
 .text.shell_op_word_remove
                0x00011c64       0xa8 zephyr/libzephyr.a(shell_ops.c.obj)
                0x00011c64                shell_op_word_remove
 .text.reprint_from_cursor
                0x00011d0c       0x54 zephyr/libzephyr.a(shell_ops.c.obj)
 .text.shell_op_char_insert
                0x00011d60       0x64 zephyr/libzephyr.a(shell_ops.c.obj)
                0x00011d60                shell_op_char_insert
 .text.shell_print_prompt_and_cmd
                0x00011dc4       0x30 zephyr/libzephyr.a(shell_ops.c.obj)
                0x00011dc4                shell_print_prompt_and_cmd
 .text.init     0x00011df4       0x30 zephyr/libzephyr.a(shell_uart.c.obj)
 .text.enable_shell_uart
                0x00011e24       0x30 zephyr/libzephyr.a(shell_uart.c.obj)
 .text.uart_callback
                0x00011e54      0x10c zephyr/libzephyr.a(shell_uart.c.obj)
 .text.formatted_text_print.constprop.0
                0x00011f60       0xf4 zephyr/libzephyr.a(shell_help.c.obj)
 .text.shell_help_subcmd_print
                0x00012054       0xb8 zephyr/libzephyr.a(shell_help.c.obj)
                0x00012054                shell_help_subcmd_print
 .text.shell_help_cmd_print
                0x0001210c       0x48 zephyr/libzephyr.a(shell_help.c.obj)
                0x0001210c                shell_help_cmd_print
 .text.cmd_clear
                0x00012154       0x2c zephyr/libzephyr.a(shell_cmds.c.obj)
 .text.cmd_resize_default
                0x00012180       0x24 zephyr/libzephyr.a(shell_cmds.c.obj)
 .text.cmd_shell_stats_show
                0x000121a4       0x18 zephyr/libzephyr.a(shell_cmds.c.obj)
 .text.cmd_help
                0x000121bc       0x30 zephyr/libzephyr.a(shell_cmds.c.obj)
 .text.cmd_history
                0x000121ec       0x48 zephyr/libzephyr.a(shell_cmds.c.obj)
 .text.cmd_echo
                0x00012234       0x54 zephyr/libzephyr.a(shell_cmds.c.obj)
 .text.cmd_resize
                0x00012288      0x17c zephyr/libzephyr.a(shell_cmds.c.obj)
 .text.shell_wildcard_process
                0x00012404       0xe8 zephyr/libzephyr.a(shell_wildcard.c.obj)
                0x00012404                shell_wildcard_process
 .text.sys_reboot
                0x000124ec       0x30 zephyr/libzephyr.a(reboot.c.obj)
                0x000124ec                sys_reboot
 .text.uart_console_init
                0x0001251c       0x2c zephyr/libzephyr.a(uart_console.c.obj)
 .text.console_out
                0x00012548       0x28 zephyr/libzephyr.a(uart_console.c.obj)
 .text.onoff_stop
                0x00012570       0x48 zephyr/libzephyr.a(clock_control_nrf.c.obj)
 .text.onoff_start
                0x000125b8       0x54 zephyr/libzephyr.a(clock_control_nrf.c.obj)
 .text.clk_init
                0x0001260c       0x60 zephyr/libzephyr.a(clock_control_nrf.c.obj)
 .text.clkstarted_handle.constprop.0
                0x0001266c       0x34 zephyr/libzephyr.a(clock_control_nrf.c.obj)
 .text.clock_event_handler
                0x000126a0       0x1c zephyr/libzephyr.a(clock_control_nrf.c.obj)
 .text.hfclk_start
                0x000126bc       0x30 zephyr/libzephyr.a(clock_control_nrf.c.obj)
 .text.generic_hfclk_start
                0x000126ec       0x64 zephyr/libzephyr.a(clock_control_nrf.c.obj)
 .text.hfclk_stop
                0x00012750       0x30 zephyr/libzephyr.a(clock_control_nrf.c.obj)
 .text.generic_hfclk_stop
                0x00012780       0x20 zephyr/libzephyr.a(clock_control_nrf.c.obj)
 .text.cmd_status
                0x000127a0       0xfc zephyr/libzephyr.a(clock_control_nrf.c.obj)
 .text.api_blocking_start
                0x0001289c       0x3c zephyr/libzephyr.a(clock_control_nrf.c.obj)
 .text.z_nrf_clock_control_lf_on
                0x000128d8      0x104 zephyr/libzephyr.a(clock_control_nrf.c.obj)
                0x000128d8                z_nrf_clock_control_lf_on
 .text.handle_next_cycle_case
                0x000129dc       0x28 zephyr/libzephyr.a(nrf_rtc_timer.c.obj)
 .text.rtc_nrf_isr
                0x00012a04       0x2c zephyr/libzephyr.a(nrf_rtc_timer.c.obj)
                0x00012a04                rtc_nrf_isr
 .text.z_clock_driver_init
                0x00012a30       0x54 zephyr/libzephyr.a(nrf_rtc_timer.c.obj)
                0x00012a30                z_clock_driver_init
 .text.z_clock_set_timeout
                0x00012a84       0xd0 zephyr/libzephyr.a(nrf_rtc_timer.c.obj)
                0x00012a84                z_clock_set_timeout
 .text.z_clock_elapsed
                0x00012b54       0x34 zephyr/libzephyr.a(nrf_rtc_timer.c.obj)
                0x00012b54                z_clock_elapsed
 .text.z_timer_cycle_get_32
                0x00012b88       0x34 zephyr/libzephyr.a(nrf_rtc_timer.c.obj)
                0x00012b88                z_timer_cycle_get_32
 .text.arch_swap
                0x00012bbc       0x38 zephyr/arch/arch/arm/core/aarch32/libarch__arm__core__aarch32.a(swap.c.obj)
                0x00012bbc                arch_swap
 .text.arch_irq_enable
                0x00012bf4       0x20 zephyr/arch/arch/arm/core/aarch32/libarch__arm__core__aarch32.a(irq_manage.c.obj)
                0x00012bf4                arch_irq_enable
 .text.arch_irq_is_enabled
                0x00012c14       0x1c zephyr/arch/arch/arm/core/aarch32/libarch__arm__core__aarch32.a(irq_manage.c.obj)
                0x00012c14                arch_irq_is_enabled
 .text.z_arm_irq_priority_set
                0x00012c30       0x2c zephyr/arch/arch/arm/core/aarch32/libarch__arm__core__aarch32.a(irq_manage.c.obj)
                0x00012c30                z_arm_irq_priority_set
 .text.arch_new_thread
                0x00012c5c       0x38 zephyr/arch/arch/arm/core/aarch32/libarch__arm__core__aarch32.a(thread.c.obj)
                0x00012c5c                arch_new_thread
 .text.arch_switch_to_main_thread
                0x00012c94       0x38 zephyr/arch/arch/arm/core/aarch32/libarch__arm__core__aarch32.a(thread.c.obj)
                0x00012c94                arch_switch_to_main_thread
 .text.z_arm_fatal_error
                0x00012ccc       0x90 zephyr/arch/arch/arm/core/aarch32/libarch__arm__core__aarch32.a(fatal.c.obj)
                0x00012ccc                z_arm_fatal_error
 .text.z_arm_prep_c
                0x00012d5c       0x44 zephyr/arch/arch/arm/core/aarch32/libarch__arm__core__aarch32.a(prep_c.c.obj)
                0x00012d5c                z_arm_prep_c
 .text.z_arm_pendsv
                0x00012da0       0x5c zephyr/arch/arch/arm/core/aarch32/libarch__arm__core__aarch32.a(swap_helper.S.obj)
                0x00012da0                z_arm_pendsv
 .text.z_arm_svc
                0x00012dfc       0x20 zephyr/arch/arch/arm/core/aarch32/libarch__arm__core__aarch32.a(swap_helper.S.obj)
                0x00012dfc                z_arm_svc
 .text.z_arm_cpu_idle_init
                0x00012e1c        0xc zephyr/arch/arch/arm/core/aarch32/libarch__arm__core__aarch32.a(cpu_idle.S.obj)
                0x00012e1c                z_arm_cpu_idle_init
 .text.arch_cpu_idle
                0x00012e28       0x1c zephyr/arch/arch/arm/core/aarch32/libarch__arm__core__aarch32.a(cpu_idle.S.obj)
                0x00012e28                arch_cpu_idle
 .text.arch_cpu_atomic_idle
                0x00012e44       0x14 zephyr/arch/arch/arm/core/aarch32/libarch__arm__core__aarch32.a(cpu_idle.S.obj)
                0x00012e44                arch_cpu_atomic_idle
 .text.z_SysNmiOnReset
                0x00012e58        0x8 zephyr/arch/arch/arm/core/aarch32/libarch__arm__core__aarch32.a(nmi_on_reset.S.obj)
                0x00012e58                z_SysNmiOnReset
 .text._isr_wrapper
                0x00012e60       0x40 zephyr/arch/arch/arm/core/aarch32/libarch__arm__core__aarch32.a(isr_wrapper.S.obj)
                0x00012e60                _isr_wrapper
 .text._reset_section
                0x00012ea0       0x3c zephyr/arch/arch/arm/core/aarch32/cortex_m/libarch__arm__core__aarch32__cortex_m.a(reset.S.obj)
                0x00012ea0                __start
                0x00012ea0                z_arm_reset
 .text.__fault  0x00012edc       0x14 zephyr/arch/arch/arm/core/aarch32/cortex_m/libarch__arm__core__aarch32__cortex_m.a(fault_s.S.obj)
                0x00012edc                z_arm_usage_fault
                0x00012edc                z_arm_mpu_fault
                0x00012edc                z_arm_exc_spurious
                0x00012edc                z_arm_debug_monitor
                0x00012edc                z_arm_hard_fault
                0x00012edc                z_arm_bus_fault
 .text._HandlerModeExit
                0x00012ef0       0x1c zephyr/arch/arch/arm/core/aarch32/cortex_m/libarch__arm__core__aarch32__cortex_m.a(exc_exit.S.obj)
                0x00012ef0                z_arm_int_exit
                0x00012ef0                z_arm_exc_exit
 .text.usage_fault.isra.0
                0x00012f0c      0x154 zephyr/arch/arch/arm/core/aarch32/cortex_m/libarch__arm__core__aarch32__cortex_m.a(fault.c.obj)
 .text.mem_manage_fault.isra.0
                0x00013060      0x13c zephyr/arch/arch/arm/core/aarch32/cortex_m/libarch__arm__core__aarch32__cortex_m.a(fault.c.obj)
 .text.bus_fault.isra.0
                0x0001319c      0x15c zephyr/arch/arch/arm/core/aarch32/cortex_m/libarch__arm__core__aarch32__cortex_m.a(fault.c.obj)
 .text.z_arm_fault
                0x000132f8      0x1f8 zephyr/arch/arch/arm/core/aarch32/cortex_m/libarch__arm__core__aarch32__cortex_m.a(fault.c.obj)
                0x000132f8                z_arm_fault
 .text.z_arm_fault_init
                0x000134f0       0x18 zephyr/arch/arch/arm/core/aarch32/cortex_m/libarch__arm__core__aarch32__cortex_m.a(fault.c.obj)
                0x000134f0                z_arm_fault_init
 .text.sys_arch_reboot
                0x00013508       0x24 zephyr/arch/arch/arm/core/aarch32/cortex_m/libarch__arm__core__aarch32__cortex_m.a(scb.c.obj)
                0x00013508                sys_arch_reboot
 .text.z_arm_interrupt_init
                0x0001352c       0x18 zephyr/arch/arch/arm/core/aarch32/cortex_m/libarch__arm__core__aarch32__cortex_m.a(irq_init.c.obj)
                0x0001352c                z_arm_interrupt_init
 .text.z_impl_k_thread_abort
                0x00013544       0x44 zephyr/arch/arch/arm/core/aarch32/cortex_m/libarch__arm__core__aarch32__cortex_m.a(thread_abort.c.obj)
                0x00013544                z_impl_k_thread_abort
 .text.z_arm_configure_static_mpu_regions
                0x00013588       0x54 zephyr/arch/arch/arm/core/aarch32/cortex_m/mpu/libarch__arm__core__aarch32__cortex_m__mpu.a(arm_core_mpu.c.obj)
                0x00013588                z_arm_configure_static_mpu_regions
 .text.region_init
                0x000135dc       0x30 zephyr/arch/arch/arm/core/aarch32/cortex_m/mpu/libarch__arm__core__aarch32__cortex_m__mpu.a(arm_mpu.c.obj)
 .text.region_allocate_and_init
                0x0001360c       0x40 zephyr/arch/arch/arm/core/aarch32/cortex_m/mpu/libarch__arm__core__aarch32__cortex_m__mpu.a(arm_mpu.c.obj)
 .text.mpu_configure_regions_and_partition.constprop.0
                0x0001364c      0x17c zephyr/arch/arch/arm/core/aarch32/cortex_m/mpu/libarch__arm__core__aarch32__cortex_m__mpu.a(arm_mpu.c.obj)
 .text.arm_core_mpu_enable
                0x000137c8       0x14 zephyr/arch/arch/arm/core/aarch32/cortex_m/mpu/libarch__arm__core__aarch32__cortex_m__mpu.a(arm_mpu.c.obj)
                0x000137c8                arm_core_mpu_enable
 .text.arm_core_mpu_disable
                0x000137dc       0x10 zephyr/arch/arch/arm/core/aarch32/cortex_m/mpu/libarch__arm__core__aarch32__cortex_m__mpu.a(arm_mpu.c.obj)
                0x000137dc                arm_core_mpu_disable
 .text.arm_mpu_init
                0x000137ec       0x4c zephyr/arch/arch/arm/core/aarch32/cortex_m/mpu/libarch__arm__core__aarch32__cortex_m__mpu.a(arm_mpu.c.obj)
 .text.arm_core_mpu_configure_static_mpu_regions
                0x00013838       0x14 zephyr/arch/arch/arm/core/aarch32/cortex_m/mpu/libarch__arm__core__aarch32__cortex_m__mpu.a(arm_mpu.c.obj)
                0x00013838                arm_core_mpu_configure_static_mpu_regions
 .text.arm_core_mpu_mark_areas_for_dynamic_regions
                0x0001384c       0xac zephyr/arch/arch/arm/core/aarch32/cortex_m/mpu/libarch__arm__core__aarch32__cortex_m__mpu.a(arm_mpu.c.obj)
                0x0001384c                arm_core_mpu_mark_areas_for_dynamic_regions
 .text.__stdout_hook_install
                0x000138f8        0xc zephyr/lib/libc/minimal/liblib__libc__minimal.a(stdout_console.c.obj)
                0x000138f8                __stdout_hook_install
 .text.z_impl_zephyr_fputc
                0x00013904       0x18 zephyr/lib/libc/minimal/liblib__libc__minimal.a(stdout_console.c.obj)
                0x00013904                z_impl_zephyr_fputc
 .text.sprintf  0x0001391c       0x30 zephyr/lib/libc/minimal/liblib__libc__minimal.a(sprintf.c.obj)
                0x0001391c                sprintf
 .text.printf   0x0001394c       0x24 zephyr/lib/libc/minimal/liblib__libc__minimal.a(fprintf.c.obj)
                0x0001394c                printf
 .text.gmtime_r
                0x00013970      0x1c4 zephyr/lib/libc/minimal/liblib__libc__minimal.a(gmtime.c.obj)
                0x00013970                gmtime_r
 .text.z_impl_clock_gettime
                0x00013b34       0xa4 zephyr/lib/posix/liblib__posix.a(clock.c.obj)
                0x00013b34                z_impl_clock_gettime
 .text.nrf_gpio_cfg_sense_set
                0x00013bd8       0x20 zephyr/drivers/gpio/libdrivers__gpio.a(gpio_nrfx.c.obj)
 .text.gpio_nrfx_init
                0x00013bf8       0x30 zephyr/drivers/gpio/libdrivers__gpio.a(gpio_nrfx.c.obj)
 .text.gpio_nrfx_config
                0x00013c28       0xb4 zephyr/drivers/gpio/libdrivers__gpio.a(gpio_nrfx.c.obj)
 .text.gpio_nrfx_pin_interrupt_configure
                0x00013cdc      0x1e4 zephyr/drivers/gpio/libdrivers__gpio.a(gpio_nrfx.c.obj)
 .text.gpiote_event_handler
                0x00013ec0      0x11c zephyr/drivers/gpio/libdrivers__gpio.a(gpio_nrfx.c.obj)
 .text.uarte_nrfx_configure
                0x00013fdc      0x16c zephyr/drivers/serial/libdrivers__serial.a(uart_nrfx_uarte.c.obj)
 .text.uarte_nrfx_poll_out
                0x00014148       0xb8 zephyr/drivers/serial/libdrivers__serial.a(uart_nrfx_uarte.c.obj)
 .text.uarte_instance_init.isra.0
                0x00014200      0x14c zephyr/drivers/serial/libdrivers__serial.a(uart_nrfx_uarte.c.obj)
 .text.uarte_0_init
                0x0001434c       0x30 zephyr/drivers/serial/libdrivers__serial.a(uart_nrfx_uarte.c.obj)
 .text.uarte_1_init
                0x0001437c       0x30 zephyr/drivers/serial/libdrivers__serial.a(uart_nrfx_uarte.c.obj)
 .text.k_sys_fatal_error_handler
                0x000143ac       0x38 modules/nrf/lib/fatal_error/lib..__nrf__lib__fatal_error.a(fatal_error.c.obj)
                0x000143ac                k_sys_fatal_error_handler
 .text.check_ext_api_requests
                0x000143e4       0x9c modules/nrf/subsys/fw_info/lib..__nrf__subsys__fw_info.a(fw_info.c.obj)
 .text.SystemInit
                0x00014480       0x10 modules/nordic/lib..__modules__hal__nordic.a(system_nrf9160.c.obj)
                0x00014480                SystemInit
 .text.nrfx_clock_init
                0x00014490       0x20 modules/nordic/lib..__modules__hal__nordic.a(nrfx_clock.c.obj)
                0x00014490                nrfx_clock_init
 .text.nrfx_clock_start
                0x000144b0       0x64 modules/nordic/lib..__modules__hal__nordic.a(nrfx_clock.c.obj)
                0x000144b0                nrfx_clock_start
 .text.nrfx_clock_stop
                0x00014514       0x80 modules/nordic/lib..__modules__hal__nordic.a(nrfx_clock.c.obj)
                0x00014514                nrfx_clock_stop
 .text.nrfx_power_clock_irq_handler
                0x00014594       0x68 modules/nordic/lib..__modules__hal__nordic.a(nrfx_clock.c.obj)
                0x00014594                nrfx_power_clock_irq_handler
 .text.nrfx_dppi_channel_alloc
                0x000145fc       0x3c modules/nordic/lib..__modules__hal__nordic.a(nrfx_dppi.c.obj)
                0x000145fc                nrfx_dppi_channel_alloc
 .text.z_sys_init_run_level
                0x00014638       0x50 zephyr/kernel/libkernel.a(device.c.obj)
                0x00014638                z_sys_init_run_level
 .text.z_device_ready
                0x00014688       0x2c zephyr/kernel/libkernel.a(device.c.obj)
                0x00014688                z_device_ready
 .text.z_impl_device_get_binding
                0x000146b4       0x50 zephyr/kernel/libkernel.a(device.c.obj)
                0x000146b4                z_impl_device_get_binding
 .text.z_impl_z_errno
                0x00014704        0xc zephyr/kernel/libkernel.a(errno.c.obj)
                0x00014704                z_impl_z_errno
 .text.z_fatal_error
                0x00014710       0xfc zephyr/kernel/libkernel.a(fatal.c.obj)
                0x00014710                z_fatal_error
 .text.idle     0x0001480c       0x78 zephyr/kernel/libkernel.a(idle.c.obj)
                0x0001480c                idle
 .text.z_bss_zero
                0x00014884       0x14 zephyr/kernel/libkernel.a(init.c.obj)
                0x00014884                z_bss_zero
 .text.z_data_copy
                0x00014898       0x34 zephyr/kernel/libkernel.a(init.c.obj)
                0x00014898                z_data_copy
 .text.bg_thread_main
                0x000148cc       0x30 zephyr/kernel/libkernel.a(init.c.obj)
 .text.z_cstart
                0x000148fc      0x11c zephyr/kernel/libkernel.a(init.c.obj)
                0x000148fc                z_cstart
 .text.init_mem_slab_module
                0x00014a18       0x44 zephyr/kernel/libkernel.a(mem_slab.c.obj)
 .text.k_mem_slab_alloc
                0x00014a5c       0x64 zephyr/kernel/libkernel.a(mem_slab.c.obj)
                0x00014a5c                k_mem_slab_alloc
 .text.k_mem_slab_free
                0x00014ac0       0x54 zephyr/kernel/libkernel.a(mem_slab.c.obj)
                0x00014ac0                k_mem_slab_free
 .text.z_impl_k_msgq_put
                0x00014b14       0xa8 zephyr/kernel/libkernel.a(msg_q.c.obj)
                0x00014b14                z_impl_k_msgq_put
 .text.z_impl_k_msgq_get
                0x00014bbc       0xc0 zephyr/kernel/libkernel.a(msg_q.c.obj)
                0x00014bbc                z_impl_k_msgq_get
 .text.z_impl_k_mutex_lock
                0x00014c7c       0xf0 zephyr/kernel/libkernel.a(mutex.c.obj)
                0x00014c7c                z_impl_k_mutex_lock
 .text.z_impl_k_mutex_unlock
                0x00014d6c       0x90 zephyr/kernel/libkernel.a(mutex.c.obj)
                0x00014d6c                z_impl_k_mutex_unlock
 .text.z_reset_time_slice
                0x00014dfc       0x2c zephyr/kernel/libkernel.a(sched.c.obj)
                0x00014dfc                z_reset_time_slice
 .text.k_sched_time_slice_set
                0x00014e28       0x58 zephyr/kernel/libkernel.a(sched.c.obj)
                0x00014e28                k_sched_time_slice_set
 .text.z_reschedule
                0x00014e80       0x24 zephyr/kernel/libkernel.a(sched.c.obj)
                0x00014e80                z_reschedule
 .text.k_sched_lock
                0x00014ea4       0x28 zephyr/kernel/libkernel.a(sched.c.obj)
                0x00014ea4                k_sched_lock
 .text.z_priq_dumb_remove
                0x00014ecc       0x2c zephyr/kernel/libkernel.a(sched.c.obj)
                0x00014ecc                z_priq_dumb_remove
 .text.update_cache
                0x00014ef8       0x50 zephyr/kernel/libkernel.a(sched.c.obj)
 .text.k_sched_unlock
                0x00014f48       0x38 zephyr/kernel/libkernel.a(sched.c.obj)
                0x00014f48                k_sched_unlock
 .text.ready_thread
                0x00014f80       0x70 zephyr/kernel/libkernel.a(sched.c.obj)
 .text.z_sched_start
                0x00014ff0       0x3c zephyr/kernel/libkernel.a(sched.c.obj)
                0x00014ff0                z_sched_start
 .text.move_thread_to_end_of_prio_q
                0x0001502c       0x74 zephyr/kernel/libkernel.a(sched.c.obj)
 .text.z_time_slice
                0x000150a0       0x84 zephyr/kernel/libkernel.a(sched.c.obj)
                0x000150a0                z_time_slice
 .text.z_impl_k_thread_suspend
                0x00015124       0x68 zephyr/kernel/libkernel.a(sched.c.obj)
                0x00015124                z_impl_k_thread_suspend
 .text.z_thread_single_abort
                0x0001518c      0x10c zephyr/kernel/libkernel.a(sched.c.obj)
                0x0001518c                z_thread_single_abort
 .text.unready_thread
                0x00015298       0x34 zephyr/kernel/libkernel.a(sched.c.obj)
 .text.pend     0x000152cc       0x4c zephyr/kernel/libkernel.a(sched.c.obj)
 .text.z_pend_curr
                0x00015318       0x28 zephyr/kernel/libkernel.a(sched.c.obj)
                0x00015318                z_pend_curr
 .text.z_tick_sleep.part.0
                0x00015340       0x5c zephyr/kernel/libkernel.a(sched.c.obj)
 .text.z_set_prio
                0x0001539c       0x88 zephyr/kernel/libkernel.a(sched.c.obj)
                0x0001539c                z_set_prio
 .text.z_sched_init
                0x00015424       0x18 zephyr/kernel/libkernel.a(sched.c.obj)
                0x00015424                z_sched_init
 .text.z_impl_k_yield
                0x0001543c       0x9c zephyr/kernel/libkernel.a(sched.c.obj)
                0x0001543c                z_impl_k_yield
 .text.z_impl_k_sleep
                0x000154d8       0x40 zephyr/kernel/libkernel.a(sched.c.obj)
                0x000154d8                z_impl_k_sleep
 .text.z_impl_k_current_get
                0x00015518        0xc zephyr/kernel/libkernel.a(sched.c.obj)
                0x00015518                z_impl_k_current_get
 .text.z_impl_k_sem_give
                0x00015524       0x4c zephyr/kernel/libkernel.a(sem.c.obj)
                0x00015524                z_impl_k_sem_give
 .text.z_impl_k_sem_take
                0x00015570       0x54 zephyr/kernel/libkernel.a(sem.c.obj)
                0x00015570                z_impl_k_sem_take
 .text.k_thread_foreach
                0x000155c4       0x34 zephyr/kernel/libkernel.a(thread.c.obj)
                0x000155c4                k_thread_foreach
 .text.z_thread_monitor_exit
                0x000155f8       0x3c zephyr/kernel/libkernel.a(thread.c.obj)
                0x000155f8                z_thread_monitor_exit
 .text.z_impl_k_thread_name_set
                0x00015634       0x20 zephyr/kernel/libkernel.a(thread.c.obj)
                0x00015634                z_impl_k_thread_name_set
 .text.k_thread_state_str
                0x00015654       0x74 zephyr/kernel/libkernel.a(thread.c.obj)
                0x00015654                k_thread_state_str
 .text.z_setup_new_thread
                0x000156c8       0xc0 zephyr/kernel/libkernel.a(thread.c.obj)
                0x000156c8                z_setup_new_thread
 .text.z_impl_k_thread_create
                0x00015788       0x58 zephyr/kernel/libkernel.a(thread.c.obj)
                0x00015788                z_impl_k_thread_create
 .text.z_init_static_threads
                0x000157e0       0xbc zephyr/kernel/libkernel.a(thread.c.obj)
                0x000157e0                z_init_static_threads
 .text.z_self_abort
                0x0001589c       0x28 zephyr/kernel/libkernel.a(thread_abort.c.obj)
                0x0001589c                z_self_abort
 .text.sys_kernel_version_get
                0x000158c4        0x8 zephyr/kernel/libkernel.a(version.c.obj)
                0x000158c4                sys_kernel_version_get
 .text.elapsed  0x000158cc       0x14 zephyr/kernel/libkernel.a(timeout.c.obj)
 .text.remove_timeout
                0x000158e0       0x34 zephyr/kernel/libkernel.a(timeout.c.obj)
 .text.next_timeout
                0x00015914       0x58 zephyr/kernel/libkernel.a(timeout.c.obj)
 .text.timeout_rem
                0x0001596c       0x4c zephyr/kernel/libkernel.a(timeout.c.obj)
 .text.z_add_timeout
                0x000159b8      0x110 zephyr/kernel/libkernel.a(timeout.c.obj)
                0x000159b8                z_add_timeout
 .text.z_clock_announce
                0x00015ac8       0xd4 zephyr/kernel/libkernel.a(timeout.c.obj)
                0x00015ac8                z_clock_announce
 .text.z_tick_get
                0x00015b9c       0x34 zephyr/kernel/libkernel.a(timeout.c.obj)
                0x00015b9c                z_tick_get
 .text.z_timer_expiration_handler
                0x00015bd0       0x4c zephyr/kernel/libkernel.a(timer.c.obj)
                0x00015bd0                z_timer_expiration_handler
 .text.z_impl_k_timer_start
                0x00015c1c       0xb8 zephyr/kernel/libkernel.a(timer.c.obj)
                0x00015c1c                z_impl_k_timer_start
 .text.z_impl_k_poll
                0x00015cd4       0xb8 zephyr/kernel/libkernel.a(poll.c.obj)
                0x00015cd4                z_impl_k_poll
 .text.z_impl_k_poll_signal_raise
                0x00015d8c       0x50 zephyr/kernel/libkernel.a(poll.c.obj)
                0x00015d8c                z_impl_k_poll_signal_raise
 .text.z_thread_malloc
                0x00015ddc       0x30 zephyr/kernel/libkernel.a(mempool.c.obj)
                0x00015ddc                z_thread_malloc
 .text.statics_init
                0x00015e0c       0x24 zephyr/kernel/libkernel.a(kheap.c.obj)
 .text.bytes_zero
                0x00015e30        0xe app/libapp.a(main.c.obj)
 .text.vec_select
                0x00015e3e       0x24 app/libapp.a(main.c.obj)
 .text.is_zero  0x00015e62        0xa app/libapp.a(main.c.obj)
 .text.vec_is_zero
                0x00015e6c       0x1a app/libapp.a(main.c.obj)
 .text.vec_is_equal
                0x00015e86       0x24 app/libapp.a(main.c.obj)
 .text.vec_copy
                0x00015eaa       0x18 app/libapp.a(main.c.obj)
 .text.vec_zero
                0x00015ec2       0x14 app/libapp.a(main.c.obj)
 .text.limbs_from_be_bytes
                0x00015ed6       0x1a app/libapp.a(main.c.obj)
 .text.be_bytes_from_limbs
                0x00015ef0       0x1c app/libapp.a(main.c.obj)
 .text.limbs_from_le_bytes
                0x00015f0c       0x18 app/libapp.a(main.c.obj)
 .text.le_bytes_from_limbs
                0x00015f24       0x2c app/libapp.a(main.c.obj)
 .text.get_wval
                0x00015f50       0x18 app/libapp.a(main.c.obj)
 .text.booth_encode
                0x00015f68       0x18 app/libapp.a(main.c.obj)
 .text.sub_mod_n
                0x00015f80       0x60 app/libapp.a(main.c.obj)
 .text.rshift_mod_n
                0x00015fe0       0x76 app/libapp.a(main.c.obj)
 .text.inner_loop_n
                0x00016056       0xdc app/libapp.a(main.c.obj)
 .text.cneg_n   0x00016132       0x2e app/libapp.a(main.c.obj)
 .text.umul_n   0x00016160       0x24 app/libapp.a(main.c.obj)
 .text.mul_mont_n
                0x00016184      0x180 app/libapp.a(main.c.obj)
 .text.add_mod_n
                0x00016304       0xa0 app/libapp.a(main.c.obj)
 .text.mul_by_3_mod_n
                0x000163a4      0x112 app/libapp.a(main.c.obj)
 .text.lshift_mod_n
                0x000164b6       0x96 app/libapp.a(main.c.obj)
 .text.cneg_mod_n
                0x0001654c       0x88 app/libapp.a(main.c.obj)
 .text.from_mont_n
                0x000165d4       0xd4 app/libapp.a(main.c.obj)
 .text.redc_mont_n
                0x000166a8      0x11c app/libapp.a(main.c.obj)
 .text.smul_n_shift_n
                0x000167c4       0xfe app/libapp.a(main.c.obj)
 .text.quot_rem_n
                0x000168c2       0xbc app/libapp.a(main.c.obj)
 .text.sgn0_pty_mod_n.constprop.0
                0x0001697e       0x62 app/libapp.a(main.c.obj)
 .text.smul_2n  0x000169e0       0xa8 app/libapp.a(main.c.obj)
 .text.ct_inverse_mod_n
                0x00016a88      0x30c app/libapp.a(main.c.obj)
 .text.mul_mont_sparse_256
                0x00016d94       0x12 app/libapp.a(main.c.obj)
                0x00016d94                mul_mont_sparse_256
 .text.mul_mont_384
                0x00016da6       0x12 app/libapp.a(main.c.obj)
                0x00016da6                mul_mont_384
 .text.line_by_Px2
                0x00016db8       0x3c app/libapp.a(main.c.obj)
 .text.sqr_mont_384
                0x00016df4       0x14 app/libapp.a(main.c.obj)
                0x00016df4                sqr_mont_384
 .text.add_mod_384
                0x00016e08        0xe app/libapp.a(main.c.obj)
                0x00016e08                add_mod_384
 .text.sub_mod_384
                0x00016e16        0xe app/libapp.a(main.c.obj)
                0x00016e16                sub_mod_384
 .text.POINTonE1_add
                0x00016e24      0x16a app/libapp.a(main.c.obj)
 .text.mul_by_3_mod_384
                0x00016f8e        0x6 app/libapp.a(main.c.obj)
                0x00016f8e                mul_by_3_mod_384
 .text.lshift_mod_384
                0x00016f94        0xe app/libapp.a(main.c.obj)
                0x00016f94                lshift_mod_384
 .text.cneg_mod_384
                0x00016fa2        0xe app/libapp.a(main.c.obj)
                0x00016fa2                cneg_mod_384
 .text.POINTonE1_cneg
                0x00016fb0        0xc app/libapp.a(main.c.obj)
 .text.POINTonE1_gather_booth_w4
                0x00016fbc       0x44 app/libapp.a(main.c.obj)
 .text.POINTonE1_gather_booth_w5
                0x00017000       0x44 app/libapp.a(main.c.obj)
 .text.frobenius_map_fp2
                0x00017044       0x1a app/libapp.a(main.c.obj)
 .text.POINTonE2_cneg
                0x0001705e        0xc app/libapp.a(main.c.obj)
 .text.POINTonE2_gather_booth_w4
                0x0001706a       0x48 app/libapp.a(main.c.obj)
 .text.POINTonE2_gather_booth_w5
                0x000170b2       0x48 app/libapp.a(main.c.obj)
 .text.neg_fp6  0x000170fa       0x2c app/libapp.a(main.c.obj)
 .text.conjugate_fp12
                0x00017126        0xa app/libapp.a(main.c.obj)
 .text.from_mont_384
                0x00017130        0xe app/libapp.a(main.c.obj)
                0x00017130                from_mont_384
 .text.redc_mont_256
                0x0001713e        0xe app/libapp.a(main.c.obj)
                0x0001713e                redc_mont_256
 .text.redc_mont_384
                0x0001714c        0xe app/libapp.a(main.c.obj)
                0x0001714c                redc_mont_384
 .text.div_by_2_mod_384
                0x0001715a       0x14 app/libapp.a(main.c.obj)
                0x0001715a                div_by_2_mod_384
 .text.sgn0_pty_mont_384
                0x0001716e       0x22 app/libapp.a(main.c.obj)
                0x0001716e                sgn0_pty_mont_384
 .text.sgn0_pty_mod_384x
                0x00017190       0x54 app/libapp.a(main.c.obj)
                0x00017190                sgn0_pty_mod_384x
 .text.sgn0_pty_mont_384x
                0x000171e4       0x36 app/libapp.a(main.c.obj)
                0x000171e4                sgn0_pty_mont_384x
 .text.mul_mont_384x
                0x0001721a       0x96 app/libapp.a(main.c.obj)
                0x0001721a                mul_mont_384x
 .text.map_fp2_times_Zz
                0x000172b0       0x22 app/libapp.a(main.c.obj)
 .text.ct_inverse_mod_384
                0x000172d2        0xe app/libapp.a(main.c.obj)
                0x000172d2                ct_inverse_mod_384
 .text.reciprocal_fp2
                0x000172e0       0x50 app/libapp.a(main.c.obj)
 .text.div_3_limbs
                0x00017330       0x7a app/libapp.a(main.c.obj)
                0x00017330                div_3_limbs
 .text.quot_rem_128
                0x000173aa        0x6 app/libapp.a(main.c.obj)
                0x000173aa                quot_rem_128
 .text.quot_rem_64
                0x000173b0        0x6 app/libapp.a(main.c.obj)
                0x000173b0                quot_rem_64
 .text.blst_sha256_hcopy
                0x000173b6       0x12 app/libapp.a(main.c.obj)
                0x000173b6                blst_sha256_hcopy
 .text.blst_sha256_emit
                0x000173c8       0x2a app/libapp.a(main.c.obj)
                0x000173c8                blst_sha256_emit
 .text.sha256_final
                0x000173f2       0x6c app/libapp.a(main.c.obj)
 .text.HMAC_final
                0x0001745e       0x2e app/libapp.a(main.c.obj)
 .text.blst_sha256_bcopy
                0x0001748c       0x12 app/libapp.a(main.c.obj)
                0x0001748c                blst_sha256_bcopy
 .text.sha256_update
                0x0001749e       0x8c app/libapp.a(main.c.obj)
 .text.mul_by_8_mod_384
                0x0001752a        0x8 app/libapp.a(main.c.obj)
                0x0001752a                mul_by_8_mod_384
 .text.POINTonE1_precompute_w4
                0x00017532       0x3e app/libapp.a(main.c.obj)
 .text.POINTonE1_mult_w5
                0x00017570       0xe6 app/libapp.a(main.c.obj)
 .text.POINTonE1s_mult_w4.constprop.0
                0x00017656      0x138 app/libapp.a(main.c.obj)
 .text.mul_by_3_mod_384x
                0x0001778e       0x1e app/libapp.a(main.c.obj)
                0x0001778e                mul_by_3_mod_384x
 .text.mul_by_8_mod_384x
                0x000177ac       0x1a app/libapp.a(main.c.obj)
                0x000177ac                mul_by_8_mod_384x
 .text.mul_by_1_plus_i_mod_384x
                0x000177c6       0x32 app/libapp.a(main.c.obj)
                0x000177c6                mul_by_1_plus_i_mod_384x
 .text.add_mod_384x
                0x000177f8       0x26 app/libapp.a(main.c.obj)
                0x000177f8                add_mod_384x
 .text.map_fp2  0x0001781e       0x30 app/libapp.a(main.c.obj)
 .text.add_fp6  0x0001784e       0x30 app/libapp.a(main.c.obj)
 .text.sub_mod_384x
                0x0001787e       0x26 app/libapp.a(main.c.obj)
                0x0001787e                sub_mod_384x
 .text.mul_fp6  0x000178a4      0x10c app/libapp.a(main.c.obj)
 .text.sub_fp6  0x000179b0       0x30 app/libapp.a(main.c.obj)
 .text.mul_fp12
                0x000179e0       0x8e app/libapp.a(main.c.obj)
 .text.sqr_fp12
                0x00017a6e       0x9e app/libapp.a(main.c.obj)
 .text.mul_by_xy0_fp6
                0x00017b0c       0x98 app/libapp.a(main.c.obj)
 .text.mul_by_xy00z0_fp12
                0x00017ba4       0xba app/libapp.a(main.c.obj)
 .text.sqr_mont_384x
                0x00017c5e       0x5a app/libapp.a(main.c.obj)
                0x00017c5e                sqr_mont_384x
 .text.blst_p2_compress
                0x00017cb8       0x38 app/libapp.a(main.c.obj)
                0x00017cb8                blst_p2_compress
 .text.POINTonE2_add
                0x00017cf0      0x172 app/libapp.a(main.c.obj)
 .text.POINTonE2_dadd
                0x00017e62      0x1aa app/libapp.a(main.c.obj)
 .text.POINTonE2_precompute_w4
                0x0001800c       0x42 app/libapp.a(main.c.obj)
 .text.POINTonE2_mult_w5
                0x0001804e       0xee app/libapp.a(main.c.obj)
 .text.POINTonE2_add_n_dbl
                0x0001813c       0x20 app/libapp.a(main.c.obj)
 .text.POINTonE2_times_minus_z
                0x0001815c       0x40 app/libapp.a(main.c.obj)
 .text.POINTonE2_in_G2
                0x0001819c       0x56 app/libapp.a(main.c.obj)
 .text.POINTonE2s_mult_w4.constprop.0
                0x000181f2      0x134 app/libapp.a(main.c.obj)
 .text.POINTonE2_mult_gls
                0x00018326       0x9c app/libapp.a(main.c.obj)
 .text.Hash_to_G2
                0x000183c2       0x2a app/libapp.a(main.c.obj)
 .text.sqr_fp4  0x000183ec       0x58 app/libapp.a(main.c.obj)
 .text.cyclotomic_sqr_fp12
                0x00018444      0x114 app/libapp.a(main.c.obj)
 .text.mul_n_sqr
                0x00018558       0x1e app/libapp.a(main.c.obj)
 .text.raise_to_z_div_by_2
                0x00018576       0x46 app/libapp.a(main.c.obj)
 .text.sqr_fp6  0x000185bc       0xbc app/libapp.a(main.c.obj)
 .text.inverse_fp12
                0x00018678      0x12c app/libapp.a(main.c.obj)
 .text.final_exp
                0x000187a4      0x15e app/libapp.a(main.c.obj)
 .text.start_dbl_n
                0x00018902       0x76 app/libapp.a(main.c.obj)
 .text.line_add
                0x00018978      0x154 app/libapp.a(main.c.obj)
 .text.add_n_dbl_n
                0x00018acc       0x92 app/libapp.a(main.c.obj)
 .text.PAIRING_Commit
                0x00018b5e       0x48 app/libapp.a(main.c.obj)
 .text.blst_core_verify_pk_in_g1
                0x00018ba6       0x66 app/libapp.a(main.c.obj)
                0x00018ba6                blst_core_verify_pk_in_g1
 .text.blst_bendian_from_scalar
                0x00018c0c       0x24 app/libapp.a(main.c.obj)
                0x00018c0c                blst_bendian_from_scalar
 .text.main     0x00018c30        0x2 app/libapp.a(main.c.obj)
                0x00018c30                main
 .text.string_cmp
                0x00018c32        0x4 app/libapp.a(dynamic_cmd.c.obj)
 .text.swapfunc
                0x00018c36       0x16 app/libapp.a(qsort.c.obj)
 .text.med3.isra.0
                0x00018c4c       0x40 app/libapp.a(qsort.c.obj)
 .text.qsort    0x00018c8c      0x1e8 app/libapp.a(qsort.c.obj)
                0x00018c8c                qsort
 .text.foldcase
                0x00018e74       0x10 zephyr/libzephyr.a(fnmatch.c.obj)
 .text.fnmatchx
                0x00018e84      0x260 zephyr/libzephyr.a(fnmatch.c.obj)
 .text.fnmatch  0x000190e4        0x6 zephyr/libzephyr.a(fnmatch.c.obj)
                0x000190e4                fnmatch
 .text.char2hex
                0x000190ea       0x30 zephyr/libzephyr.a(hex.c.obj)
                0x000190ea                char2hex
 .text.hex2char
                0x0001911a       0x1a zephyr/libzephyr.a(hex.c.obj)
                0x0001911a                hex2char
 .text.bin2hex  0x00019134       0x56 zephyr/libzephyr.a(hex.c.obj)
                0x00019134                bin2hex
 .text.hex2bin  0x0001918a       0x74 zephyr/libzephyr.a(hex.c.obj)
                0x0001918a                hex2bin
 .text.sys_notify_validate
                0x000191fe       0x28 zephyr/libzephyr.a(notify.c.obj)
                0x000191fe                sys_notify_validate
 .text.sys_notify_finalize
                0x00019226       0x32 zephyr/libzephyr.a(notify.c.obj)
                0x00019226                sys_notify_finalize
 .text.arch_printk_char_out
                0x00019258        0x4 zephyr/libzephyr.a(printk.c.obj)
                0x00019258                arch_printk_char_out
 .text.str_out  0x0001925c       0x26 zephyr/libzephyr.a(printk.c.obj)
 .text.printk   0x00019282       0x1a zephyr/libzephyr.a(printk.c.obj)
                0x00019282                printk
 .text.snprintk
                0x0001929c       0x1a zephyr/libzephyr.a(printk.c.obj)
                0x0001929c                snprintk
 .text.process_recheck
                0x000192b6       0x38 zephyr/libzephyr.a(onoff.c.obj)
 .text.notify_one
                0x000192ee       0x2c zephyr/libzephyr.a(onoff.c.obj)
 .text.transition_complete
                0x0001931a       0x1c zephyr/libzephyr.a(onoff.c.obj)
 .text.validate_args
                0x00019336       0x1e zephyr/libzephyr.a(onoff.c.obj)
 .text.onoff_manager_init
                0x00019354       0x26 zephyr/libzephyr.a(onoff.c.obj)
                0x00019354                onoff_manager_init
 .text.onoff_request
                0x0001937a       0x92 zephyr/libzephyr.a(onoff.c.obj)
                0x0001937a                onoff_request
 .text.z_thread_entry
                0x0001940c       0x14 zephyr/libzephyr.a(thread_entry.c.obj)
                0x0001940c                z_thread_entry
 .text.timeutil_timegm
                0x00019420       0x18 zephyr/libzephyr.a(timeutil.c.obj)
                0x00019420                timeutil_timegm
 .text.chunk_field
                0x00019438       0x16 zephyr/libzephyr.a(heap.c.obj)
 .text.chunk_set
                0x0001944e       0x16 zephyr/libzephyr.a(heap.c.obj)
 .text.chunk_size
                0x00019464        0xc zephyr/libzephyr.a(heap.c.obj)
 .text.set_chunk_used
                0x00019470       0x30 zephyr/libzephyr.a(heap.c.obj)
 .text.set_chunk_size
                0x000194a0        0x8 zephyr/libzephyr.a(heap.c.obj)
 .text.bucket_idx
                0x000194a8       0x1a zephyr/libzephyr.a(heap.c.obj)
 .text.split_chunks
                0x000194c2       0x4e zephyr/libzephyr.a(heap.c.obj)
 .text.free_list_remove_bidx
                0x00019510       0x5e zephyr/libzephyr.a(heap.c.obj)
 .text.alloc_chunk
                0x0001956e       0x82 zephyr/libzephyr.a(heap.c.obj)
 .text.free_list_add
                0x000195f0       0x8a zephyr/libzephyr.a(heap.c.obj)
 .text.sys_heap_alloc
                0x0001967a       0x68 zephyr/libzephyr.a(heap.c.obj)
                0x0001967a                sys_heap_alloc
 .text.sys_heap_init
                0x000196e2       0xa4 zephyr/libzephyr.a(heap.c.obj)
                0x000196e2                sys_heap_init
 .text.encode_uint
                0x00019786       0x96 zephyr/libzephyr.a(cbprintf_complete.c.obj)
 .text.outs     0x0001981c       0x2c zephyr/libzephyr.a(cbprintf_complete.c.obj)
 .text.ring_buf_get_rewind_threshold
                0x00019848        0x6 zephyr/libzephyr.a(ring_buffer.c.obj)
                0x00019848                ring_buf_get_rewind_threshold
 .text.ring_buf_put_claim
                0x0001984e       0x38 zephyr/libzephyr.a(ring_buffer.c.obj)
                0x0001984e                ring_buf_put_claim
 .text.ring_buf_put_finish
                0x00019886       0x1a zephyr/libzephyr.a(ring_buffer.c.obj)
                0x00019886                ring_buf_put_finish
 .text.ring_buf_put
                0x000198a0       0x3e zephyr/libzephyr.a(ring_buffer.c.obj)
                0x000198a0                ring_buf_put
 .text.ring_buf_get_claim
                0x000198de       0x38 zephyr/libzephyr.a(ring_buffer.c.obj)
                0x000198de                ring_buf_get_claim
 .text.ring_buf_get_finish
                0x00019916       0x5e zephyr/libzephyr.a(ring_buffer.c.obj)
                0x00019916                ring_buf_get_finish
 .text.ring_buf_get
                0x00019974       0x3e zephyr/libzephyr.a(ring_buffer.c.obj)
                0x00019974                ring_buf_get
 .text._ConfigAbsSyms
                0x000199b2        0x2 zephyr/libzephyr.a(configs.c.obj)
                0x000199b2                _ConfigAbsSyms
 .text.z_platform_init
                0x000199b4        0x4 zephyr/libzephyr.a(soc.c.obj)
                0x000199b4                z_platform_init
 .text.log_list_init
                0x000199b8        0x8 zephyr/libzephyr.a(log_list.c.obj)
                0x000199b8                log_list_init
 .text.log_list_add_tail
                0x000199c0       0x14 zephyr/libzephyr.a(log_list.c.obj)
                0x000199c0                log_list_add_tail
 .text.log_list_head_peek
                0x000199d4        0x4 zephyr/libzephyr.a(log_list.c.obj)
                0x000199d4                log_list_head_peek
 .text.log_list_head_get
                0x000199d8        0xc zephyr/libzephyr.a(log_list.c.obj)
                0x000199d8                log_list_head_get
 .text.z_log_msg_std_alloc
                0x000199e4       0x12 zephyr/libzephyr.a(log_core.c.obj)
 .text.k_cycle_get_32_wrapper
                0x000199f6        0x4 zephyr/libzephyr.a(log_core.c.obj)
 .text.dummy_timestamp
                0x000199fa        0x4 zephyr/libzephyr.a(log_core.c.obj)
 .text.z_log_get_s_mask
                0x000199fe       0x40 zephyr/libzephyr.a(log_core.c.obj)
                0x000199fe                z_log_get_s_mask
 .text.log_backend_disable
                0x00019a3e        0xa zephyr/libzephyr.a(log_core.c.obj)
                0x00019a3e                log_backend_disable
 .text.log_0    0x00019a48       0x1a zephyr/libzephyr.a(log_core.c.obj)
                0x00019a48                log_0
 .text.log_1    0x00019a62       0x28 zephyr/libzephyr.a(log_core.c.obj)
                0x00019a62                log_1
 .text.log_2    0x00019a8a       0x32 zephyr/libzephyr.a(log_core.c.obj)
                0x00019a8a                log_2
 .text.log_3    0x00019abc       0x38 zephyr/libzephyr.a(log_core.c.obj)
                0x00019abc                log_3
 .text.log_msg_hexdump_data_op
                0x00019af4       0xac zephyr/libzephyr.a(log_msg.c.obj)
 .text.log_msg_get
                0x00019ba0       0x12 zephyr/libzephyr.a(log_msg.c.obj)
                0x00019ba0                log_msg_get
 .text.log_msg_nargs_get
                0x00019bb2        0x6 zephyr/libzephyr.a(log_msg.c.obj)
                0x00019bb2                log_msg_nargs_get
 .text.log_msg_arg_get
                0x00019bb8       0x3e zephyr/libzephyr.a(log_msg.c.obj)
                0x00019bb8                log_msg_arg_get
 .text.log_msg_put
                0x00019bf6       0x1e zephyr/libzephyr.a(log_msg.c.obj)
                0x00019bf6                log_msg_put
 .text.log_msg_str_get
                0x00019c14        0x4 zephyr/libzephyr.a(log_msg.c.obj)
                0x00019c14                log_msg_str_get
 .text.log_msg_hexdump_data_get
                0x00019c18        0xe zephyr/libzephyr.a(log_msg.c.obj)
                0x00019c18                log_msg_hexdump_data_get
 .text.buffer_write
                0x00019c26       0x1a zephyr/libzephyr.a(log_output.c.obj)
 .text.std_print
                0x00019c40      0x2ba zephyr/libzephyr.a(log_output.c.obj)
 .text.log_output_flush
                0x00019efa       0x1a zephyr/libzephyr.a(log_output.c.obj)
                0x00019efa                log_output_flush
 .text.out_func
                0x00019f14       0x2e zephyr/libzephyr.a(log_output.c.obj)
 .text.log_halt
                0x00019f42        0x8 zephyr/libzephyr.a(log_cmds.c.obj)
 .text.log_go   0x00019f4a        0xa zephyr/libzephyr.a(log_cmds.c.obj)
 .text.cmd_log_self_halt
                0x00019f54       0x18 zephyr/libzephyr.a(log_cmds.c.obj)
 .text.cmd_log_self_go
                0x00019f6c       0x18 zephyr/libzephyr.a(log_cmds.c.obj)
 .text.cmd_log_self_status
                0x00019f84       0x20 zephyr/libzephyr.a(log_cmds.c.obj)
 .text.cmd_log_self_enable
                0x00019fa4       0x22 zephyr/libzephyr.a(log_cmds.c.obj)
 .text.log_disable
                0x00019fc6       0x14 zephyr/libzephyr.a(log_cmds.c.obj)
 .text.cmd_log_self_disable
                0x00019fda       0x22 zephyr/libzephyr.a(log_cmds.c.obj)
 .text.cmd_kernel_reboot_warm
                0x00019ffc        0xc zephyr/libzephyr.a(kernel_service.c.obj)
 .text.cmd_kernel_reboot_cold
                0x0001a008        0xc zephyr/libzephyr.a(kernel_service.c.obj)
 .text.cmd_date_get
                0x0001a014       0x24 zephyr/libzephyr.a(date_service.c.obj)
 .text.shell_signal_handle
                0x0001a038       0x2a zephyr/libzephyr.a(shell.c.obj)
 .text.kill_handler
                0x0001a062       0x36 zephyr/libzephyr.a(shell.c.obj)
 .text.k_mutex_unlock
                0x0001a098        0x4 zephyr/libzephyr.a(shell.c.obj)
 .text.shell_strlen
                0x0001a09c        0xc zephyr/libzephyr.a(shell.c.obj)
 .text.shell_raw_fprintf
                0x0001a0a8       0x1a zephyr/libzephyr.a(shell.c.obj)
 .text.transport_evt_handler
                0x0001a0c2       0x14 zephyr/libzephyr.a(shell.c.obj)
 .text.k_mutex_lock.constprop.0
                0x0001a0d6        0x4 zephyr/libzephyr.a(shell.c.obj)
 .text.shell_log_process
                0x0001a0da       0x48 zephyr/libzephyr.a(shell.c.obj)
 .text.shell_vfprintf
                0x0001a122       0x70 zephyr/libzephyr.a(shell.c.obj)
                0x0001a122                shell_vfprintf
 .text.shell_fprintf
                0x0001a192       0x1a zephyr/libzephyr.a(shell.c.obj)
                0x0001a192                shell_fprintf
 .text.shell_help
                0x0001a1ac       0x2a zephyr/libzephyr.a(shell.c.obj)
                0x0001a1ac                shell_help
 .text.shell_fprintf_buffer_flush
                0x0001a1d6       0x18 zephyr/libzephyr.a(shell_fprintf.c.obj)
                0x0001a1d6                shell_fprintf_buffer_flush
 .text.out_func
                0x0001a1ee       0x38 zephyr/libzephyr.a(shell_fprintf.c.obj)
 .text.isspace  0x0001a226       0x14 zephyr/libzephyr.a(shell_utils.c.obj)
 .text.shell_strlen
                0x0001a23a        0xc zephyr/libzephyr.a(shell_utils.c.obj)
 .text.column_span_with_buffer_offsets_get
                0x0001a246       0x1e zephyr/libzephyr.a(shell_utils.c.obj)
                0x0001a246                column_span_with_buffer_offsets_get
 .text.row_span_with_buffer_offsets_get
                0x0001a264       0x16 zephyr/libzephyr.a(shell_utils.c.obj)
                0x0001a264                row_span_with_buffer_offsets_get
 .text.shell_multiline_data_calc
                0x0001a27a       0x2c zephyr/libzephyr.a(shell_utils.c.obj)
                0x0001a27a                shell_multiline_data_calc
 .text.shell_make_argv
                0x0001a2a6      0x188 zephyr/libzephyr.a(shell_utils.c.obj)
                0x0001a2a6                shell_make_argv
 .text.shell_pattern_remove
                0x0001a42e       0x4e zephyr/libzephyr.a(shell_utils.c.obj)
                0x0001a42e                shell_pattern_remove
 .text.shell_find_cmd
                0x0001a47c       0x2e zephyr/libzephyr.a(shell_utils.c.obj)
                0x0001a47c                shell_find_cmd
 .text.shell_get_last_command
                0x0001a4aa       0x5c zephyr/libzephyr.a(shell_utils.c.obj)
                0x0001a4aa                shell_get_last_command
 .text.shell_spaces_trim
                0x0001a506       0x6c zephyr/libzephyr.a(shell_utils.c.obj)
                0x0001a506                shell_spaces_trim
 .text.shell_cmd_trim
                0x0001a572       0x64 zephyr/libzephyr.a(shell_utils.c.obj)
                0x0001a572                shell_cmd_trim
 .text.shell_raw_fprintf
                0x0001a5d6       0x1a zephyr/libzephyr.a(shell_ops.c.obj)
 .text.full_line_cmd.isra.0
                0x0001a5f0       0x28 zephyr/libzephyr.a(shell_ops.c.obj)
 .text.shell_cursor_in_empty_line
                0x0001a618       0x28 zephyr/libzephyr.a(shell_ops.c.obj)
                0x0001a618                shell_cursor_in_empty_line
 .text.shell_op_cursor_move
                0x0001a640       0x48 zephyr/libzephyr.a(shell_ops.c.obj)
                0x0001a640                shell_op_cursor_move
 .text.shell_op_cursor_word_move
                0x0001a688       0x74 zephyr/libzephyr.a(shell_ops.c.obj)
                0x0001a688                shell_op_cursor_word_move
 .text.shell_op_cursor_home_move
                0x0001a6fc        0xc zephyr/libzephyr.a(shell_ops.c.obj)
                0x0001a6fc                shell_op_cursor_home_move
 .text.shell_op_cursor_end_move
                0x0001a708        0xe zephyr/libzephyr.a(shell_ops.c.obj)
                0x0001a708                shell_op_cursor_end_move
 .text.shell_op_left_arrow
                0x0001a716       0x10 zephyr/libzephyr.a(shell_ops.c.obj)
                0x0001a716                shell_op_left_arrow
 .text.shell_op_right_arrow
                0x0001a726       0x12 zephyr/libzephyr.a(shell_ops.c.obj)
                0x0001a726                shell_op_right_arrow
 .text.shell_op_delete_from_cursor
                0x0001a738       0x14 zephyr/libzephyr.a(shell_ops.c.obj)
                0x0001a738                shell_op_delete_from_cursor
 .text.shell_cmd_line_erase
                0x0001a74c       0x34 zephyr/libzephyr.a(shell_ops.c.obj)
                0x0001a74c                shell_cmd_line_erase
 .text.shell_write
                0x0001a780       0x6a zephyr/libzephyr.a(shell_ops.c.obj)
                0x0001a780                shell_write
 .text.shell_print_stream
                0x0001a7ea        0x4 zephyr/libzephyr.a(shell_ops.c.obj)
                0x0001a7ea                shell_print_stream
 .text.shell_internal_vfprintf
                0x0001a7ee       0x50 zephyr/libzephyr.a(shell_ops.c.obj)
                0x0001a7ee                shell_internal_vfprintf
 .text.shell_internal_fprintf
                0x0001a83e       0x1a zephyr/libzephyr.a(shell_ops.c.obj)
                0x0001a83e                shell_internal_fprintf
 .text.data_insert
                0x0001a858       0x64 zephyr/libzephyr.a(shell_ops.c.obj)
 .text.shell_op_completion_insert
                0x0001a8bc        0x4 zephyr/libzephyr.a(shell_ops.c.obj)
                0x0001a8bc                shell_op_completion_insert
 .text.shell_op_char_delete
                0x0001a8c0       0x36 zephyr/libzephyr.a(shell_ops.c.obj)
                0x0001a8c0                shell_op_char_delete
 .text.shell_op_char_backspace
                0x0001a8f6       0x22 zephyr/libzephyr.a(shell_ops.c.obj)
                0x0001a8f6                shell_op_char_backspace
 .text.z_impl_uart_irq_tx_disable
                0x0001a918        0xa zephyr/libzephyr.a(shell_uart.c.obj)
 .text.uninit   0x0001a922       0x14 zephyr/libzephyr.a(shell_uart.c.obj)
 .text.read     0x0001a936       0x12 zephyr/libzephyr.a(shell_uart.c.obj)
 .text.write    0x0001a948       0x64 zephyr/libzephyr.a(shell_uart.c.obj)
 .text.enable   0x0001a9ac       0x14 zephyr/libzephyr.a(shell_uart.c.obj)
 .text.shell_raw_fprintf
                0x0001a9c0       0x1a zephyr/libzephyr.a(shell_help.c.obj)
 .text.cmd_bacskpace_mode_backspace
                0x0001a9da       0x12 zephyr/libzephyr.a(shell_cmds.c.obj)
 .text.cmd_bacskpace_mode_delete
                0x0001a9ec       0x12 zephyr/libzephyr.a(shell_cmds.c.obj)
 .text.cmd_colors_off
                0x0001a9fe       0x12 zephyr/libzephyr.a(shell_cmds.c.obj)
 .text.cmd_colors_on
                0x0001aa10       0x12 zephyr/libzephyr.a(shell_cmds.c.obj)
 .text.cmd_echo_off
                0x0001aa22       0x12 zephyr/libzephyr.a(shell_cmds.c.obj)
 .text.cmd_echo_on
                0x0001aa34       0x12 zephyr/libzephyr.a(shell_cmds.c.obj)
 .text.cmd_shell_stats_reset
                0x0001aa46        0x8 zephyr/libzephyr.a(shell_cmds.c.obj)
 .text.shell_raw_fprintf
                0x0001aa4e       0x1a zephyr/libzephyr.a(shell_cmds.c.obj)
 .text.remove_from_tail.part.0
                0x0001aa68       0x24 zephyr/libzephyr.a(shell_history.c.obj)
 .text.shell_history_mode_exit
                0x0001aa8c        0x6 zephyr/libzephyr.a(shell_history.c.obj)
                0x0001aa8c                shell_history_mode_exit
 .text.shell_history_get
                0x0001aa92       0x56 zephyr/libzephyr.a(shell_history.c.obj)
                0x0001aa92                shell_history_get
 .text.shell_history_purge
                0x0001aae8       0x18 zephyr/libzephyr.a(shell_history.c.obj)
                0x0001aae8                shell_history_purge
 .text.shell_history_put
                0x0001ab00       0xd8 zephyr/libzephyr.a(shell_history.c.obj)
                0x0001ab00                shell_history_put
 .text.shell_history_init
                0x0001abd8        0xc zephyr/libzephyr.a(shell_history.c.obj)
                0x0001abd8                shell_history_init
 .text.msg_from_fifo.isra.0
                0x0001abe4       0x1a zephyr/libzephyr.a(shell_log_backend.c.obj)
 .text.dropped  0x0001abfe       0x2a zephyr/libzephyr.a(shell_log_backend.c.obj)
 .text.put      0x0001ac28      0x10e zephyr/libzephyr.a(shell_log_backend.c.obj)
 .text.shell_log_backend_output_func
                0x0001ad36       0x14 zephyr/libzephyr.a(shell_log_backend.c.obj)
                0x0001ad36                shell_log_backend_output_func
 .text.shell_log_backend_enable
                0x0001ad4a       0x1e zephyr/libzephyr.a(shell_log_backend.c.obj)
                0x0001ad4a                shell_log_backend_enable
 .text.shell_log_backend_disable
                0x0001ad68       0x20 zephyr/libzephyr.a(shell_log_backend.c.obj)
                0x0001ad68                shell_log_backend_disable
 .text.shell_log_backend_process
                0x0001ad88       0x7e zephyr/libzephyr.a(shell_log_backend.c.obj)
                0x0001ad88                shell_log_backend_process
 .text.panic    0x0001ae06       0x52 zephyr/libzephyr.a(shell_log_backend.c.obj)
 .text.shell_wildcard_character_exist
                0x0001ae58       0x28 zephyr/libzephyr.a(shell_wildcard.c.obj)
                0x0001ae58                shell_wildcard_character_exist
 .text.shell_wildcard_prepare
                0x0001ae80       0x48 zephyr/libzephyr.a(shell_wildcard.c.obj)
                0x0001ae80                shell_wildcard_prepare
 .text.shell_wildcard_finalize
                0x0001aec8       0x1a zephyr/libzephyr.a(shell_wildcard.c.obj)
                0x0001aec8                shell_wildcard_finalize
 .text.get_status
                0x0001aee2       0x12 zephyr/libzephyr.a(clock_control_nrf.c.obj)
 .text.set_off_state
                0x0001aef4       0x32 zephyr/libzephyr.a(clock_control_nrf.c.obj)
 .text.set_starting_state
                0x0001af26       0x3c zephyr/libzephyr.a(clock_control_nrf.c.obj)
 .text.set_on_state
                0x0001af62       0x26 zephyr/libzephyr.a(clock_control_nrf.c.obj)
 .text.onoff_started_callback
                0x0001af88       0x12 zephyr/libzephyr.a(clock_control_nrf.c.obj)
 .text.blocking_start_callback
                0x0001af9a        0x6 zephyr/libzephyr.a(clock_control_nrf.c.obj)
 .text.lfclk_stop
                0x0001afa0        0x6 zephyr/libzephyr.a(clock_control_nrf.c.obj)
 .text.lfclk_start
                0x0001afa6        0x6 zephyr/libzephyr.a(clock_control_nrf.c.obj)
 .text.api_stop
                0x0001afac       0x28 zephyr/libzephyr.a(clock_control_nrf.c.obj)
 .text.api_start
                0x0001afd4       0x34 zephyr/libzephyr.a(clock_control_nrf.c.obj)
 .text.z_clock_isr
                0x0001b008        0x2 zephyr/libzephyr.a(sys_clock_init.c.obj)
                0x0001b008                z_clock_isr
 .text.z_clock_idle_exit
                0x0001b00a        0x2 zephyr/libzephyr.a(sys_clock_init.c.obj)
                0x0001b00a                z_clock_idle_exit
 .text.sys_clock_disable
                0x0001b00c        0x2 zephyr/libzephyr.a(sys_clock_init.c.obj)
                0x0001b00c                sys_clock_disable
 .text.spm_request_random_number
                0x0001b00e       0x18 zephyr/libzephyr.a(secure_services_ns.c.obj)
                0x0001b00e                spm_request_random_number
 .text.z_irq_spurious
                0x0001b026        0x8 zephyr/arch/arch/arm/core/aarch32/libarch__arm__core__aarch32.a(irq_manage.c.obj)
                0x0001b026                z_irq_spurious
 .text.configure_builtin_stack_guard
                0x0001b02e        0xa zephyr/arch/arch/arm/core/aarch32/libarch__arm__core__aarch32.a(thread.c.obj)
                0x0001b02e                configure_builtin_stack_guard
 .text.z_do_kernel_oops
                0x0001b038        0x8 zephyr/arch/arch/arm/core/aarch32/libarch__arm__core__aarch32.a(fatal.c.obj)
                0x0001b038                z_do_kernel_oops
 .text.z_arm_nmi
                0x0001b040        0xe zephyr/arch/arch/arm/core/aarch32/libarch__arm__core__aarch32.a(nmi.c.obj)
                0x0001b040                z_arm_nmi
 .text.mpu_configure_region
                0x0001b04e       0x32 zephyr/arch/arch/arm/core/aarch32/cortex_m/mpu/libarch__arm__core__aarch32__cortex_m__mpu.a(arm_mpu.c.obj)
 .text.arm_cmse_mpu_region_get
                0x0001b080       0x12 zephyr/arch/arch/arm/core/aarch32/cortex_m/cmse/libarch__arm__core__aarch32__cortex_m__cmse.a(arm_core_cmse.c.obj)
                0x0001b080                arm_cmse_mpu_region_get
 .text.strtol   0x0001b092       0xec zephyr/lib/libc/minimal/liblib__libc__minimal.a(strtol.c.obj)
                0x0001b092                strtol
 .text.strstr   0x0001b17e       0x40 zephyr/lib/libc/minimal/liblib__libc__minimal.a(strstr.c.obj)
                0x0001b17e                strstr
 .text.strcpy   0x0001b1be       0x14 zephyr/lib/libc/minimal/liblib__libc__minimal.a(string.c.obj)
                0x0001b1be                strcpy
 .text.strncpy  0x0001b1d2       0x26 zephyr/lib/libc/minimal/liblib__libc__minimal.a(string.c.obj)
                0x0001b1d2                strncpy
 .text.strchr   0x0001b1f8       0x1c zephyr/lib/libc/minimal/liblib__libc__minimal.a(string.c.obj)
                0x0001b1f8                strchr
 .text.strlen   0x0001b214        0xe zephyr/lib/libc/minimal/liblib__libc__minimal.a(string.c.obj)
                0x0001b214                strlen
 .text.strcmp   0x0001b222       0x18 zephyr/lib/libc/minimal/liblib__libc__minimal.a(string.c.obj)
                0x0001b222                strcmp
 .text.strncmp  0x0001b23a       0x1e zephyr/lib/libc/minimal/liblib__libc__minimal.a(string.c.obj)
                0x0001b23a                strncmp
 .text.memcmp   0x0001b258       0x20 zephyr/lib/libc/minimal/liblib__libc__minimal.a(string.c.obj)
                0x0001b258                memcmp
 .text.memmove  0x0001b278       0x2e zephyr/lib/libc/minimal/liblib__libc__minimal.a(string.c.obj)
                0x0001b278                memmove
 .text.memcpy   0x0001b2a6       0x56 zephyr/lib/libc/minimal/liblib__libc__minimal.a(string.c.obj)
                0x0001b2a6                memcpy
 .text.memset   0x0001b2fc       0x46 zephyr/lib/libc/minimal/liblib__libc__minimal.a(string.c.obj)
                0x0001b2fc                memset
 .text._stdout_hook_default
                0x0001b342        0x6 zephyr/lib/libc/minimal/liblib__libc__minimal.a(stdout_console.c.obj)
 .text.fputc    0x0001b348        0x4 zephyr/lib/libc/minimal/liblib__libc__minimal.a(stdout_console.c.obj)
                0x0001b348                fputc
 .text.sprintf_out
                0x0001b34c       0x1a zephyr/lib/libc/minimal/liblib__libc__minimal.a(sprintf.c.obj)
 .text.gpio_nrfx_port_get_raw
                0x0001b366        0xc zephyr/drivers/gpio/libdrivers__gpio.a(gpio_nrfx.c.obj)
 .text.gpio_nrfx_port_set_masked_raw
                0x0001b372       0x12 zephyr/drivers/gpio/libdrivers__gpio.a(gpio_nrfx.c.obj)
 .text.gpio_nrfx_port_set_bits_raw
                0x0001b384        0xa zephyr/drivers/gpio/libdrivers__gpio.a(gpio_nrfx.c.obj)
 .text.gpio_nrfx_port_clear_bits_raw
                0x0001b38e        0xa zephyr/drivers/gpio/libdrivers__gpio.a(gpio_nrfx.c.obj)
 .text.gpio_nrfx_port_toggle_bits
                0x0001b398        0xe zephyr/drivers/gpio/libdrivers__gpio.a(gpio_nrfx.c.obj)
 .text.gpio_nrfx_manage_callback
                0x0001b3a6       0x56 zephyr/drivers/gpio/libdrivers__gpio.a(gpio_nrfx.c.obj)
 .text.uarte_nrfx_isr_int
                0x0001b3fc       0x7e zephyr/drivers/serial/libdrivers__serial.a(uart_nrfx_uarte.c.obj)
 .text.uarte_nrfx_config_get
                0x0001b47a       0x10 zephyr/drivers/serial/libdrivers__serial.a(uart_nrfx_uarte.c.obj)
 .text.uarte_nrfx_err_check
                0x0001b48a        0xe zephyr/drivers/serial/libdrivers__serial.a(uart_nrfx_uarte.c.obj)
 .text.is_tx_ready
                0x0001b498       0x1e zephyr/drivers/serial/libdrivers__serial.a(uart_nrfx_uarte.c.obj)
 .text.uarte_nrfx_poll_in
                0x0001b4b6       0x26 zephyr/drivers/serial/libdrivers__serial.a(uart_nrfx_uarte.c.obj)
 .text.uarte_nrfx_fifo_fill
                0x0001b4dc       0x90 zephyr/drivers/serial/libdrivers__serial.a(uart_nrfx_uarte.c.obj)
 .text.uarte_nrfx_fifo_read
                0x0001b56c       0x22 zephyr/drivers/serial/libdrivers__serial.a(uart_nrfx_uarte.c.obj)
 .text.uarte_nrfx_irq_tx_enable
                0x0001b58e       0x2e zephyr/drivers/serial/libdrivers__serial.a(uart_nrfx_uarte.c.obj)
 .text.uarte_nrfx_irq_tx_disable
                0x0001b5bc        0xa zephyr/drivers/serial/libdrivers__serial.a(uart_nrfx_uarte.c.obj)
 .text.uarte_nrfx_irq_tx_ready_complete
                0x0001b5c6       0x20 zephyr/drivers/serial/libdrivers__serial.a(uart_nrfx_uarte.c.obj)
 .text.uarte_nrfx_irq_rx_ready
                0x0001b5e6       0x10 zephyr/drivers/serial/libdrivers__serial.a(uart_nrfx_uarte.c.obj)
 .text.uarte_nrfx_irq_rx_enable
                0x0001b5f6        0xc zephyr/drivers/serial/libdrivers__serial.a(uart_nrfx_uarte.c.obj)
 .text.uarte_nrfx_irq_rx_disable
                0x0001b602        0xc zephyr/drivers/serial/libdrivers__serial.a(uart_nrfx_uarte.c.obj)
 .text.uarte_nrfx_irq_err_enable
                0x0001b60e        0xe zephyr/drivers/serial/libdrivers__serial.a(uart_nrfx_uarte.c.obj)
 .text.uarte_nrfx_irq_err_disable
                0x0001b61c        0xe zephyr/drivers/serial/libdrivers__serial.a(uart_nrfx_uarte.c.obj)
 .text.uarte_nrfx_irq_update
                0x0001b62a        0x4 zephyr/drivers/serial/libdrivers__serial.a(uart_nrfx_uarte.c.obj)
 .text.uarte_nrfx_irq_callback_set
                0x0001b62e        0xa zephyr/drivers/serial/libdrivers__serial.a(uart_nrfx_uarte.c.obj)
 .text.uarte_nrfx_irq_is_pending
                0x0001b638       0x36 zephyr/drivers/serial/libdrivers__serial.a(uart_nrfx_uarte.c.obj)
 .text.nrfx_isr
                0x0001b66e        0x2 modules/nordic/lib..__modules__hal__nordic.a(nrfx_glue.c.obj)
                0x0001b66e                nrfx_isr
 .text.nrfx_busy_wait
                0x0001b670        0x4 modules/nordic/lib..__modules__hal__nordic.a(nrfx_glue.c.obj)
                0x0001b670                nrfx_busy_wait
 .text.nrfx_clock_enable
                0x0001b674       0x16 modules/nordic/lib..__modules__hal__nordic.a(nrfx_clock.c.obj)
                0x0001b674                nrfx_clock_enable
 .text.z_sys_power_save_idle_exit
                0x0001b68a        0x4 zephyr/kernel/libkernel.a(idle.c.obj)
                0x0001b68a                z_sys_power_save_idle_exit
 .text.k_mem_slab_init
                0x0001b68e       0x36 zephyr/kernel/libkernel.a(mem_slab.c.obj)
                0x0001b68e                k_mem_slab_init
 .text.z_impl_k_msgq_peek
                0x0001b6c4       0x34 zephyr/kernel/libkernel.a(msg_q.c.obj)
                0x0001b6c4                z_impl_k_msgq_peek
 .text.z_impl_k_mutex_init
                0x0001b6f8        0xe zephyr/kernel/libkernel.a(mutex.c.obj)
                0x0001b6f8                z_impl_k_mutex_init
 .text.queue_insert
                0x0001b706       0xca zephyr/kernel/libkernel.a(queue.c.obj)
 .text.k_queue_append
                0x0001b7d0       0x16 zephyr/kernel/libkernel.a(queue.c.obj)
                0x0001b7d0                k_queue_append
 .text.z_is_t1_higher_prio_than_t2
                0x0001b7e6       0x12 zephyr/kernel/libkernel.a(sched.c.obj)
                0x0001b7e6                z_is_t1_higher_prio_than_t2
 .text.z_find_first_thread_to_unpend
                0x0001b7f8       0x20 zephyr/kernel/libkernel.a(sched.c.obj)
                0x0001b7f8                z_find_first_thread_to_unpend
 .text.z_unpend_thread_no_timeout
                0x0001b818       0x20 zephyr/kernel/libkernel.a(sched.c.obj)
                0x0001b818                z_unpend_thread_no_timeout
 .text.z_reschedule_irqlock
                0x0001b838       0x18 zephyr/kernel/libkernel.a(sched.c.obj)
                0x0001b838                z_reschedule_irqlock
 .text.z_reschedule_unlocked
                0x0001b850       0x14 zephyr/kernel/libkernel.a(sched.c.obj)
 .text.unpend_thread_no_timeout
                0x0001b864       0x18 zephyr/kernel/libkernel.a(sched.c.obj)
 .text.z_unpend_thread
                0x0001b87c       0x2c zephyr/kernel/libkernel.a(sched.c.obj)
                0x0001b87c                z_unpend_thread
 .text.z_priq_dumb_best
                0x0001b8a8       0x14 zephyr/kernel/libkernel.a(sched.c.obj)
                0x0001b8a8                z_priq_dumb_best
 .text.z_ready_thread
                0x0001b8bc       0x20 zephyr/kernel/libkernel.a(sched.c.obj)
                0x0001b8bc                z_ready_thread
 .text.z_thread_timeout
                0x0001b8dc       0x40 zephyr/kernel/libkernel.a(sched.c.obj)
                0x0001b8dc                z_thread_timeout
 .text.add_to_waitq_locked
                0x0001b91c       0x56 zephyr/kernel/libkernel.a(sched.c.obj)
 .text.z_unpend_first_thread
                0x0001b972       0x4a zephyr/kernel/libkernel.a(sched.c.obj)
                0x0001b972                z_unpend_first_thread
 .text.k_is_in_isr
                0x0001b9bc        0xc zephyr/kernel/libkernel.a(thread.c.obj)
                0x0001b9bc                k_is_in_isr
 .text.z_impl_k_busy_wait
                0x0001b9c8        0x8 zephyr/kernel/libkernel.a(thread.c.obj)
                0x0001b9c8                z_impl_k_busy_wait
 .text.k_thread_name_get
                0x0001b9d0        0x4 zephyr/kernel/libkernel.a(thread.c.obj)
                0x0001b9d0                k_thread_name_get
 .text.z_impl_k_thread_stack_space_get
                0x0001b9d4       0x1c zephyr/kernel/libkernel.a(thread.c.obj)
                0x0001b9d4                z_impl_k_thread_stack_space_get
 .text.z_abort_timeout
                0x0001b9f0       0x2c zephyr/kernel/libkernel.a(timeout.c.obj)
                0x0001b9f0                z_abort_timeout
 .text.z_timeout_remaining
                0x0001ba1c       0x20 zephyr/kernel/libkernel.a(timeout.c.obj)
                0x0001ba1c                z_timeout_remaining
 .text.z_get_next_timeout_expiry
                0x0001ba3c       0x20 zephyr/kernel/libkernel.a(timeout.c.obj)
                0x0001ba3c                z_get_next_timeout_expiry
 .text.z_set_timeout_expiry
                0x0001ba5c       0x34 zephyr/kernel/libkernel.a(timeout.c.obj)
                0x0001ba5c                z_set_timeout_expiry
 .text.z_tick_get_32
                0x0001ba90        0x8 zephyr/kernel/libkernel.a(timeout.c.obj)
                0x0001ba90                z_tick_get_32
 .text.z_impl_k_uptime_ticks
                0x0001ba98        0x4 zephyr/kernel/libkernel.a(timeout.c.obj)
                0x0001ba98                z_impl_k_uptime_ticks
 .text.z_timeout_end_calc
                0x0001ba9c       0x52 zephyr/kernel/libkernel.a(timeout.c.obj)
                0x0001ba9c                z_timeout_end_calc
 .text.k_timer_init
                0x0001baee       0x18 zephyr/kernel/libkernel.a(timer.c.obj)
                0x0001baee                k_timer_init
 .text.z_impl_k_timer_stop
                0x0001bb06       0x44 zephyr/kernel/libkernel.a(timer.c.obj)
                0x0001bb06                z_impl_k_timer_stop
 .text.clear_event_registrations
                0x0001bb4a       0x56 zephyr/kernel/libkernel.a(poll.c.obj)
 .text.k_work_submit_to_queue
                0x0001bba0       0x28 zephyr/kernel/libkernel.a(poll.c.obj)
 .text.signal_poll_event
                0x0001bbc8       0xb8 zephyr/kernel/libkernel.a(poll.c.obj)
 .text.add_event
                0x0001bc80       0x6a zephyr/kernel/libkernel.a(poll.c.obj)
 .text.register_events
                0x0001bcea       0xc2 zephyr/kernel/libkernel.a(poll.c.obj)
 .text.k_poll_event_init
                0x0001bdac       0x1e zephyr/kernel/libkernel.a(poll.c.obj)
                0x0001bdac                k_poll_event_init
 .text.z_handle_obj_poll_events
                0x0001bdca       0x1c zephyr/kernel/libkernel.a(poll.c.obj)
                0x0001bdca                z_handle_obj_poll_events
 .text.z_impl_k_poll_signal_init
                0x0001bde6        0xa zephyr/kernel/libkernel.a(poll.c.obj)
                0x0001bde6                z_impl_k_poll_signal_init
 .text.z_impl_k_poll_signal_check
                0x0001bdf0        0xa zephyr/kernel/libkernel.a(poll.c.obj)
                0x0001bdf0                z_impl_k_poll_signal_check
 .text.k_mem_pool_malloc
                0x0001bdfa       0x30 zephyr/kernel/libkernel.a(mempool.c.obj)
                0x0001bdfa                k_mem_pool_malloc
 .text.k_heap_init
                0x0001be2a       0x10 zephyr/kernel/libkernel.a(kheap.c.obj)
                0x0001be2a                k_heap_init
 .text.k_heap_alloc
                0x0001be3a       0x86 zephyr/kernel/libkernel.a(kheap.c.obj)
                0x0001be3a                k_heap_alloc
 .text.k_mem_pool_alloc
                0x0001bec0       0x32 zephyr/kernel/libkernel.a(kheap.c.obj)
                0x0001bec0                k_mem_pool_alloc
 .text._OffsetAbsSyms
                0x0001bef2        0x2 zephyr/CMakeFiles/offsets.dir/arch/arm/core/offsets/offsets.c.obj
                0x0001bef2                _OffsetAbsSyms
 *(SORT_BY_ALIGNMENT(.TEXT.*))
 *(SORT_BY_ALIGNMENT(.gnu.linkonce.t.*))
 *(SORT_BY_ALIGNMENT(.glue_7t))
 .glue_7t       0x0001bef4        0x0 linker stubs
 *(SORT_BY_ALIGNMENT(.glue_7))
 .glue_7        0x0001bef4        0x0 linker stubs
 *(SORT_BY_ALIGNMENT(.vfp11_veneer))
 .vfp11_veneer  0x0001bef4        0x0 linker stubs
 *(SORT_BY_ALIGNMENT(.v4_bx))
 .v4_bx         0x0001bef4        0x0 linker stubs
                0x0001bef4                _image_text_end = .

.ARM.exidx      0x0001bef4        0x8
                0x0001bef4                __exidx_start = .
 *(SORT_BY_ALIGNMENT(.ARM.exidx*) SORT_BY_ALIGNMENT(gnu.linkonce.armexidx.*))
 .ARM.exidx     0x0001bef4        0x8 c:/users/pablo/ncs/v1.4.99-dev1/toolchain/opt/bin/../lib/gcc/arm-none-eabi/9.2.1/thumb/v8-m.main/nofp\libgcc.a(_udivmoddi4.o)
                0x0001befc                __exidx_end = .
                0x0001befc                _image_rodata_start = .

initlevel       0x0001befc       0x68
                0x0001befc                __init_start = .
                0x0001befc                __init_PRE_KERNEL_1_start = .
 *(SORT_BY_NAME(SORT_BY_ALIGNMENT(.init_PRE_KERNEL_1[0-9]*)))
 .init_PRE_KERNEL_10
                0x0001befc        0x8 zephyr/libzephyr.a(soc.c.obj)
 .init_PRE_KERNEL_130
                0x0001bf04        0x8 zephyr/kernel/libkernel.a(mem_slab.c.obj)
 .init_PRE_KERNEL_130
                0x0001bf0c        0x8 zephyr/kernel/libkernel.a(kheap.c.obj)
 .init_PRE_KERNEL_140
                0x0001bf14        0x8 zephyr/arch/arch/arm/core/aarch32/cortex_m/mpu/libarch__arm__core__aarch32__cortex_m__mpu.a(arm_mpu.c.obj)
 .init_PRE_KERNEL_150
                0x0001bf1c        0x8 zephyr/libzephyr.a(clock_control_nrf.c.obj)
 .init_PRE_KERNEL_150