Archive member included to satisfy reference by file (symbol)

app/libapp.a(main.c.obj)      (--whole-archive)
app/libapp.a(test_module.c.obj)
                              (--whole-archive)
app/libapp.a(dynamic_cmd.c.obj)
                              (--whole-archive)
app/libapp.a(qsort.c.obj)     (--whole-archive)
zephyr/libzephyr.a(fnmatch.c.obj)
                              (--whole-archive)
zephyr/libzephyr.a(cbprintf.c.obj)
                              (--whole-archive)
zephyr/libzephyr.a(crc32_sw.c.obj)
                              (--whole-archive)
zephyr/libzephyr.a(crc16_sw.c.obj)
                              (--whole-archive)
zephyr/libzephyr.a(crc8_sw.c.obj)
                              (--whole-archive)
zephyr/libzephyr.a(crc7_sw.c.obj)
                              (--whole-archive)
zephyr/libzephyr.a(dec.c.obj)
                              (--whole-archive)
zephyr/libzephyr.a(fdtable.c.obj)
                              (--whole-archive)
zephyr/libzephyr.a(hex.c.obj)
                              (--whole-archive)
zephyr/libzephyr.a(mempool.c.obj)
                              (--whole-archive)
zephyr/libzephyr.a(notify.c.obj)
                              (--whole-archive)
zephyr/libzephyr.a(printk.c.obj)
                              (--whole-archive)
zephyr/libzephyr.a(onoff.c.obj)
                              (--whole-archive)
zephyr/libzephyr.a(rb.c.obj)  (--whole-archive)
zephyr/libzephyr.a(sem.c.obj)
                              (--whole-archive)
zephyr/libzephyr.a(thread_entry.c.obj)
                              (--whole-archive)
zephyr/libzephyr.a(timeutil.c.obj)
                              (--whole-archive)
zephyr/libzephyr.a(work_q.c.obj)
                              (--whole-archive)
zephyr/libzephyr.a(heap.c.obj)
                              (--whole-archive)
zephyr/libzephyr.a(heap-validate.c.obj)
                              (--whole-archive)
zephyr/libzephyr.a(cbprintf_complete.c.obj)
                              (--whole-archive)
zephyr/libzephyr.a(ring_buffer.c.obj)
                              (--whole-archive)
zephyr/libzephyr.a(configs.c.obj)
                              (--whole-archive)
zephyr/libzephyr.a(soc.c.obj)
                              (--whole-archive)
zephyr/libzephyr.a(power.c.obj)
                              (--whole-archive)
zephyr/libzephyr.a(validate_base_addresses.c.obj)
                              (--whole-archive)
zephyr/libzephyr.a(validate_enabled_instances.c.obj)
                              (--whole-archive)
zephyr/libzephyr.a(log_list.c.obj)
                              (--whole-archive)
zephyr/libzephyr.a(log_core.c.obj)
                              (--whole-archive)
zephyr/libzephyr.a(log_msg.c.obj)
                              (--whole-archive)
zephyr/libzephyr.a(log_output.c.obj)
                              (--whole-archive)
zephyr/libzephyr.a(log_cmds.c.obj)
                              (--whole-archive)
zephyr/libzephyr.a(kernel_service.c.obj)
                              (--whole-archive)
zephyr/libzephyr.a(device_service.c.obj)
                              (--whole-archive)
zephyr/libzephyr.a(date_service.c.obj)
                              (--whole-archive)
zephyr/libzephyr.a(shell.c.obj)
                              (--whole-archive)
zephyr/libzephyr.a(shell_fprintf.c.obj)
                              (--whole-archive)
zephyr/libzephyr.a(shell_utils.c.obj)
                              (--whole-archive)
zephyr/libzephyr.a(shell_ops.c.obj)
                              (--whole-archive)
zephyr/libzephyr.a(shell_uart.c.obj)
                              (--whole-archive)
zephyr/libzephyr.a(shell_help.c.obj)
                              (--whole-archive)
zephyr/libzephyr.a(shell_cmds.c.obj)
                              (--whole-archive)
zephyr/libzephyr.a(shell_history.c.obj)
                              (--whole-archive)
zephyr/libzephyr.a(shell_log_backend.c.obj)
                              (--whole-archive)
zephyr/libzephyr.a(shell_wildcard.c.obj)
                              (--whole-archive)
zephyr/libzephyr.a(power.c.obj)
                              (--whole-archive)
zephyr/libzephyr.a(reboot.c.obj)
                              (--whole-archive)
zephyr/libzephyr.a(policy_residency.c.obj)
                              (--whole-archive)
zephyr/libzephyr.a(uart_console.c.obj)
                              (--whole-archive)
zephyr/libzephyr.a(clock_control_nrf.c.obj)
                              (--whole-archive)
zephyr/libzephyr.a(sys_clock_init.c.obj)
                              (--whole-archive)
zephyr/libzephyr.a(nrf_rtc_timer.c.obj)
                              (--whole-archive)
zephyr/libzephyr.a(secure_services_ns.c.obj)
                              (--whole-archive)
zephyr/arch/common/libarch__common.a(sw_isr_common.c.obj)
                              (--whole-archive)
zephyr/arch/arch/arm/core/aarch32/libarch__arm__core__aarch32.a(swap.c.obj)
[...]
Memory Configuration

Name             Origin             Length             Attributes
FLASH            0x0000c000         0x000f4000         xr
SRAM             0x20010000         0x00030000         xw
IDT_LIST         0x20040000         0x00000800         xw
*default*        0x00000000         0xffffffff

Linker script and memory map

LOAD zephyr/CMakeFiles/zephyr_final.dir/misc/empty_file.c.obj
LOAD zephyr/CMakeFiles/zephyr_final.dir/isr_tables.c.obj
                0x00000020                _region_min_align = 0x20

.rel.plt        0x0000c000        0x0
 *(SORT_BY_ALIGNMENT(.rel.plt))
                [!provide]                PROVIDE (__rel_iplt_start = .)
 *(SORT_BY_ALIGNMENT(.rel.iplt))
 .rel.iplt      0x0000c000        0x0 zephyr/CMakeFiles/zephyr_final.dir/isr_tables.c.obj
                [!provide]                PROVIDE (__rel_iplt_end = .)

.rela.plt       0x00000000        0x0
 *(SORT_BY_ALIGNMENT(.rela.plt))
                [!provide]                PROVIDE (__rela_iplt_start = .)
 *(SORT_BY_ALIGNMENT(.rela.iplt))
                [!provide]                PROVIDE (__rela_iplt_end = .)

.rel.dyn
 *(SORT_BY_ALIGNMENT(.rel.*))

.rela.dyn
 *(SORT_BY_ALIGNMENT(.rela.*))

/DISCARD/
 *(SORT_BY_ALIGNMENT(.plt))
 *(SORT_BY_ALIGNMENT(.iplt))
 *(SORT_BY_ALIGNMENT(.got.plt))
 *(SORT_BY_ALIGNMENT(.igot.plt))
 *(SORT_BY_ALIGNMENT(.got))
 *(SORT_BY_ALIGNMENT(.igot))
 *(SORT_BY_ALIGNMENT(.irq_info*))
 *(SORT_BY_ALIGNMENT(.intList*))
 *(SORT_BY_ALIGNMENT(.note.GNU-stack))
                0x0000c000                _image_rom_start = 0xc000

rom_start       0x0000c000      0x23c
                0x00000000                . = 0x0
                0x00000000                . = ALIGN (0x4)
                0x00000000                . = ALIGN (0x80)
                0x00000000                . = ALIGN (0x200)
                0x0000c000                _vector_start = .
 *(SORT_BY_ALIGNMENT(.exc_vector_table))
 *(SORT_BY_ALIGNMENT(.exc_vector_table.*))
 .exc_vector_table._vector_table_section
                0x0000c000       0x40 zephyr/arch/arch/arm/core/aarch32/cortex_m/libarch__arm__core__aarch32__cortex_m.a(vector_table.S.obj)
                0x0000c000                _vector_table
 *(SORT_BY_ALIGNMENT(.gnu.linkonce.irq_vector_table*))
 .gnu.linkonce.irq_vector_table*
                0x0000c040      0x104 zephyr/CMakeFiles/zephyr_final.dir/isr_tables.c.obj
                0x0000c040                _irq_vector_table
 *(SORT_BY_ALIGNMENT(.vectors))
                0x0000c144                _vector_end = .
 *(SORT_BY_ALIGNMENT(.openocd_dbg))
 *(SORT_BY_ALIGNMENT(.openocd_dbg.*))
                0x00000200                . = 0x200
 *fill*         0x0000c144       0xbc 
                0x0000c200                _fw_info_start = .
 *(SORT_BY_NAME(SORT_BY_ALIGNMENT(.firmware_info*)))
 .firmware_info
                0x0000c200       0x3c modules/nrf/subsys/fw_info/lib..__nrf__subsys__fw_info.a(fw_info.c.obj)
                0x0000c200                m_firmware_info
                0x0000003c                _fw_info_size = ABSOLUTE ((. - _fw_info_start))

text            0x0000c240    0x17aec
                0x0000c240                _image_text_start = .
 *(SORT_BY_ALIGNMENT(.text))
 .text          0x0000c240       0xa0 c:/users/pablo/ncs/v1.4.99-dev1/toolchain/opt/bin/../lib/gcc/arm-none-eabi/9.2.1/thumb/v8-m.main/nofp\libgcc.a(_aeabi_ldivmod.o)
                0x0000c240                __aeabi_ldivmod
 .text          0x0000c2e0       0x30 c:/users/pablo/ncs/v1.4.99-dev1/toolchain/opt/bin/../lib/gcc/arm-none-eabi/9.2.1/thumb/v8-m.main/nofp\libgcc.a(_aeabi_uldivmod.o)
                0x0000c2e0                __aeabi_uldivmod
 .text          0x0000c310      0x2c8 c:/users/pablo/ncs/v1.4.99-dev1/toolchain/opt/bin/../lib/gcc/arm-none-eabi/9.2.1/thumb/v8-m.main/nofp\libgcc.a(_udivmoddi4.o)
                0x0000c310                __udivmoddi4
 .text          0x0000c5d8        0x4 c:/users/pablo/ncs/v1.4.99-dev1/toolchain/opt/bin/../lib/gcc/arm-none-eabi/9.2.1/thumb/v8-m.main/nofp\libgcc.a(_dvmd_tls.o)
                0x0000c5d8                __aeabi_idiv0
                0x0000c5d8                __aeabi_ldiv0
 .text          0x0000c5dc     0xcb94 ../mylib/src/libblst.a(server.o)
                0x0000fbe8                blst_p1_cneg
                0x0000fbfa                blst_p1_from_affine
                0x0000fc5c                blst_p1_affine_on_curve
                0x0000fc64                blst_p1_on_curve
                0x0000fd68                blst_p1_affine_serialize
                0x0000fd9e                blst_p1_affine_compress
                0x0000fde8                blst_p1_is_equal
                0x0000fdf0                blst_p1_is_inf
                0x0000fe0e                blst_p1_generator
                0x0000fe18                blst_p1_affine_is_inf
                0x0000fe34                blst_p1_affine_generator
                0x0000fe3c                blst_p1_in_g1
                0x0000fe44                blst_p1_affine_in_g1
                0x0000feac                blst_p2_cneg
                0x0000febe                blst_p2_from_affine
                0x0000ff14                blst_p2_affine_serialize
                0x0000ff4a                blst_p2_affine_compress
                0x0000ff94                blst_p2_is_inf
                0x0000ffb2                blst_p2_generator
                0x0000ffbc                blst_p2_affine_is_inf
                0x0000ffd8                blst_p2_affine_generator
                0x0000ffe0                blst_fp12_conjugate
                0x0000ffe8                blst_fp12_is_equal
                0x00010010                blst_fp12_is_one
                0x00010064                blst_fp12_one
                0x0001006c                blst_pairing_sizeof
                0x00010072                blst_pairing_init
                0x00010090                blst_pairing_get_dst
                0x0001009e                mul_mont_sparse_256
                0x000100b2                sqr_mont_sparse_256
                0x000100c8                mul_mont_384
                0x000100dc                sqr_mont_384
                0x000100f2                add_mod_256
                0x00010102                add_mod_384
                0x00010112                sub_mod_256
                0x00010122                sub_mod_384
                0x00010132                mul_by_3_mod_256
                0x0001013c                mul_by_3_mod_384
                0x00010146                lshift_mod_256
                0x00010156                lshift_mod_384
                0x00010166                cneg_mod_256
                0x00010176                cneg_mod_384
                0x00010186                check_mod_256
                0x00010190                from_mont_256
                0x000101a0                from_mont_384
                0x000101b0                redc_mont_256
                0x000101c0                redc_mont_384
                0x000101d0                rshift_mod_256
                0x000101e0                rshift_mod_384
                0x000101f0                div_by_2_mod_384
                0x00010206                eucl_inverse_mod_256
                0x00010216                sgn0_pty_mod_384
                0x00010220                sgn0_pty_mont_384
                0x00010244                sgn0_pty_mod_384x
                0x000102be                sgn0_pty_mont_384x
                0x00010354                mul_mont_384x
                0x00010634                blst_fp12_frobenius_map
                0x00010a78                blst_fp12_mul
                0x00010c20                blst_fp12_sqr
                0x00010f64                blst_fp12_mul_by_xy00z0
                0x000110a0                blst_miller_loop_lines
                0x000110a8                sqr_n_mul_mont_383
                0x00011850                blst_p1_from_jacobian
                0x00011858                blst_p1_to_affine
                0x000118ec                blst_p1_serialize
                0x00011924                blst_p1_compress
                0x00011a30                blst_fp2_inverse
                0x00011a38                blst_fp2_eucl_inverse
                0x00011a40                blst_fp_inverse
                0x00011a48                blst_fp_eucl_inverse
                0x00012274                blst_p1_uncompress
                0x0001227c                blst_p1_deserialize
                0x000122e0                blst_aggregate_in_g1
                0x00012380                blst_fp_sqrt
                0x0001271c                blst_map_to_g1
                0x00012724                sqr_mont_382x
                0x00012828                ct_inverse_mod_383
                0x00012838                div_3_limbs
                0x00012a7c                blst_sk_to_pk_in_g1
                0x00012a8c                blst_sign_pk_in_g2
                0x00012a94                blst_sk_to_pk2_in_g1
                0x00012af4                blst_sign_pk2_in_g2
                0x00012b52                blst_p1_mult
                0x00012c30                quot_rem_128
                0x00012c3a                quot_rem_64
                0x00012c44                blst_sha256_block_data_order
                0x00012e58                blst_sha256_hcopy
                0x00012e6c                blst_sha256_emit
                0x00012f4c                blst_sha256_bcopy
                0x00013374                blst_encode_to_g1
                0x0001339e                blst_hash_to_g1
                0x00013500                blst_keygen
                0x00013754                mul_by_8_mod_384
                0x0001376a                mul_by_3_mod_384x
                0x0001378a                mul_by_8_mod_384x
                0x000137b6                mul_by_1_plus_i_mod_384x
                0x00013804                add_mod_384x
                0x0001383a                sub_mod_384x
                0x00013870                sqr_mont_384x
                0x00013980                blst_p2_from_jacobian
                0x000139d8                blst_p2_to_affine
                0x00013a2c                blst_p2_serialize
                0x00013ab0                blst_p2_compress
                0x00013bb8                blst_p2_affine_on_curve
                0x00013ed0                blst_p2_on_curve
                0x000141bc                blst_fp2_sqrt
                0x00014460                blst_p2_uncompress
                0x00014468                blst_p2_deserialize
                0x000145d4                blst_p2_is_equal
                0x000152d0                blst_p2_mult
                0x00015436                blst_p2_in_g2
                0x0001543e                blst_p2_affine_in_g2
                0x000154a4                blst_pairing_merge
                0x000156f0                blst_sk_to_pk_in_g2
                0x00015700                blst_sign_pk_in_g1
                0x00015708                blst_sk_to_pk2_in_g2
                0x00015768                blst_sign_pk2_in_g1
                0x00015fe0                blst_map_to_g2
                0x00015fe8                blst_encode_to_g2
                0x00016012                blst_hash_to_g2
                0x00016400                blst_fp12_cyclotomic_sqr
                0x00016978                blst_fp12_inverse
                0x00016ae4                blst_final_exp
                0x00017414                blst_miller_loop
                0x000176d4                blst_pairing_aggregate_pk_in_g2
                0x000176fe                blst_pairing_mul_n_aggregate_pk_in_g2
                0x0001773e                blst_pairing_chk_n_aggr_pk_in_g2
                0x00017764                blst_pairing_chk_n_mul_n_aggr_pk_in_g2
                0x000177fc                blst_pairing_commit
                0x00017900                blst_pairing_finalverify
                0x00017908                blst_core_verify_pk_in_g2
                0x00017970                blst_aggregated_in_g1
                0x00017984                blst_aggregated_in_g2
                0x00017a50                blst_precompute_lines
                0x000180d0                blst_pairing_aggregate_pk_in_g1
                0x000180fa                blst_pairing_mul_n_aggregate_pk_in_g1
                0x0001813a                blst_pairing_chk_n_aggr_pk_in_g1
                0x00018160                blst_pairing_chk_n_mul_n_aggr_pk_in_g1
                0x000181a6                blst_core_verify_pk_in_g1
                0x0001820e                blst_aggregate_in_g2
                0x000185ac                blst_fr_add
                0x000185c4                blst_fr_sub
                0x000185dc                blst_fr_mul_by_3
                0x000185ec                blst_fr_lshift
                0x00018604                blst_fr_rshift
                0x0001861c                blst_fr_mul
                0x0001863c                blst_fr_sqr
                0x0001865c                blst_fr_cneg
                0x00018680                blst_fr_to
                0x000186a8                blst_fr_from
                0x000186c4                blst_fr_eucl_inverse
                0x000186e4                blst_fp_add
                0x000186fc                blst_fp_sub
                0x00018714                blst_fp_mul_by_3
                0x00018724                blst_fp_mul_by_8
                0x00018740                blst_fp_lshift
                0x00018758                blst_fp_mul
                0x00018778                blst_fp_sqr
                0x0001879c                blst_fp_cneg
                0x000187c0                blst_fp_to
                0x000187e4                blst_fp_from
                0x00018804                blst_fp_from_uint32
                0x00018828                blst_uint32_from_fp
                0x00018848                blst_fp_from_uint64
                0x0001886c                blst_uint64_from_fp
                0x0001888c                blst_fp_from_bendian
                0x000188d8                blst_bendian_from_fp
                0x00018924                blst_fp_from_lendian
                0x00018970                blst_lendian_from_fp
                0x000189b8                blst_fp2_add
                0x000189f4                blst_fp2_sub
                0x00018a30                blst_fp2_mul_by_3
                0x00018a58                blst_fp2_mul_by_8
                0x00018a88                blst_fp2_lshift
                0x00018ac4                blst_fp2_mul
                0x00018ae0                blst_fp2_sqr
                0x00018af4                blst_fp2_cneg
                0x00018b38                blst_p1_add
                0x00018b40                blst_p1_add_or_double
                0x00018b4a                blst_p1_add_affine
                0x00018b52                blst_p1_add_or_double_affine
                0x00018b5a                blst_p1_double
                0x00018b62                blst_p1_affine_is_equal
                0x00018b8a                blst_p2_add
                0x00018b92                blst_p2_add_or_double
                0x00018b9c                blst_p2_add_affine
                0x00018ba4                blst_p2_add_or_double_affine
                0x00018bac                blst_p2_double
                0x00018bb4                blst_p2_affine_is_equal
                0x00018bdc                blst_scalar_from_uint32
                0x00018c0c                blst_uint32_from_scalar
                0x00018c46                blst_scalar_from_uint64
                0x00018c9a                blst_uint64_from_scalar
                0x00018cf4                blst_scalar_from_bendian
                0x00018d62                blst_bendian_from_scalar
                0x00018dcc                blst_scalar_from_lendian
                0x00018de6                blst_lendian_from_scalar
                0x00018e00                blst_scalar_fr_check
                0x00018e90                blst_sk_check
                0x00018ea0                blst_fr_from_uint64
                0x00018ec8                blst_uint64_from_fr
                0x00018ee4                blst_fr_from_scalar
                0x00018f2c                blst_scalar_from_fr
                0x00018f84                blst_scalar_from_hexascii
                0x00018f90                blst_fp_from_hexascii
                0x00018fc0                blst_uniq_sizeof
                0x00018fc6                blst_uniq_init
                0x00018fce                blst_uniq_test
 *(SORT_BY_ALIGNMENT(.text.*))
 .text.clock_settime
                0x00019170       0x94 zephyr/lib/posix/liblib__posix.a(clock.c.obj)
                0x00019170                clock_settime
 .text.cmd_public_key
                0x00019204       0x54 app/libapp.a(main.c.obj)
 .text.cmd_get_keys
                0x00019258       0x6c app/libapp.a(main.c.obj)
 .text.cmd_keygen
                0x000192c4      0x158 app/libapp.a(main.c.obj)
 .text.cmd_signature_verification
                0x0001941c       0x6c app/libapp.a(main.c.obj)
 .text.k_timer_remaining_get.constprop.0
                0x00019488       0x1c app/libapp.a(main.c.obj)
 .text.cmd_benchmark
                0x000194a4      0x2a4 app/libapp.a(main.c.obj)
 .text.public_key_to_sk
                0x00019748       0x68 app/libapp.a(main.c.obj)
                0x00019748                public_key_to_sk
 .text.cmd_signature_message
                0x000197b0      0x110 app/libapp.a(main.c.obj)
 .text.dynamic_cmd_get
                0x000198c0       0x30 app/libapp.a(dynamic_cmd.c.obj)
 .text.cmd_dynamic_show
                0x000198f0       0x64 app/libapp.a(dynamic_cmd.c.obj)
 .text.cmd_dynamic_execute
                0x00019954       0x6c app/libapp.a(dynamic_cmd.c.obj)
 .text.cmd_dynamic_remove
                0x000199c0       0x9c app/libapp.a(dynamic_cmd.c.obj)
 .text.cmd_dynamic_add
                0x00019a5c       0xd0 app/libapp.a(dynamic_cmd.c.obj)
 .text.char_out
                0x00019b2c       0x10 zephyr/libzephyr.a(printk.c.obj)
 .text.__printk_hook_install
                0x00019b3c        0xc zephyr/libzephyr.a(printk.c.obj)
                0x00019b3c                __printk_hook_install
 .text.vprintk  0x00019b48       0x1c zephyr/libzephyr.a(printk.c.obj)
                0x00019b48                vprintk
 .text.vsnprintk
                0x00019b64       0x28 zephyr/libzephyr.a(printk.c.obj)
                0x00019b64                vsnprintk
 .text.process_event
                0x00019b8c      0x1cc zephyr/libzephyr.a(onoff.c.obj)
 .text.timeutil_timegm64
                0x00019d58      0x104 zephyr/libzephyr.a(timeutil.c.obj)
                0x00019d58                timeutil_timegm64
 .text.extract_conversion
                0x00019e5c      0x2b0 zephyr/libzephyr.a(cbprintf_complete.c.obj)
 .text.cbvprintf
                0x0001a10c      0x408 zephyr/libzephyr.a(cbprintf_complete.c.obj)
                0x0001a10c                cbvprintf
 .text.nordicsemi_nrf91_init
                0x0001a514       0x28 zephyr/libzephyr.a(soc.c.obj)
 .text.arch_busy_wait
                0x0001a53c       0x14 zephyr/libzephyr.a(soc.c.obj)
                0x0001a53c                arch_busy_wait
 .text.enable_logger
                0x0001a550       0x5c zephyr/libzephyr.a(log_core.c.obj)
 .text.log_process_thread_timer_expiry_fn
                0x0001a5ac        0xc zephyr/libzephyr.a(log_core.c.obj)
 .text.log_core_init
                0x0001a5b8       0x74 zephyr/libzephyr.a(log_core.c.obj)
                0x0001a5b8                log_core_init
 .text.dropped_notify
                0x0001a62c       0x44 zephyr/libzephyr.a(log_core.c.obj)
                0x0001a62c                dropped_notify
 .text.log_dropped
                0x0001a670       0x18 zephyr/libzephyr.a(log_core.c.obj)
                0x0001a670                log_dropped
 .text.log_source_name_get
                0x0001a688       0x1c zephyr/libzephyr.a(log_core.c.obj)
                0x0001a688                log_source_name_get
 .text.z_impl_log_filter_set
                0x0001a6a4       0xa4 zephyr/libzephyr.a(log_core.c.obj)
                0x0001a6a4                z_impl_log_filter_set
 .text.backend_filter_set
                0x0001a748       0x30 zephyr/libzephyr.a(log_core.c.obj)
 .text.log_backend_enable
                0x0001a778       0x40 zephyr/libzephyr.a(log_core.c.obj)
                0x0001a778                log_backend_enable
 .text.log_init
                0x0001a7b8       0x4c zephyr/libzephyr.a(log_core.c.obj)
                0x0001a7b8                log_init
 .text.log_filter_get
                0x0001a804       0x2c zephyr/libzephyr.a(log_core.c.obj)
                0x0001a804                log_filter_get
 .text.log_strdup
                0x0001a830       0x64 zephyr/libzephyr.a(log_core.c.obj)
                0x0001a830                log_strdup
 .text.log_is_strdup
                0x0001a894       0x1c zephyr/libzephyr.a(log_core.c.obj)
                0x0001a894                log_is_strdup
 .text.z_impl_log_process
                0x0001a8b0      0x19c zephyr/libzephyr.a(log_core.c.obj)
                0x0001a8b0                z_impl_log_process
 .text.msg_finalize
                0x0001aa4c       0xbc zephyr/libzephyr.a(log_core.c.obj)
 .text.log_process_thread_func
                0x0001ab08       0x48 zephyr/libzephyr.a(log_core.c.obj)
 .text.z_impl_log_panic
                0x0001ab50       0x48 zephyr/libzephyr.a(log_core.c.obj)
                0x0001ab50                z_impl_log_panic
 .text.log_free
                0x0001ab98       0x2c zephyr/libzephyr.a(log_core.c.obj)
                0x0001ab98                log_free
 .text.log_msg_pool_init
                0x0001abc4       0x14 zephyr/libzephyr.a(log_msg.c.obj)
                0x0001abc4                log_msg_pool_init
 .text.log_msg_no_space_handle
                0x0001abd8       0x30 zephyr/libzephyr.a(log_msg.c.obj)
                0x0001abd8                log_msg_no_space_handle
 .text.log_msg_chunk_alloc
                0x0001ac08       0x28 zephyr/libzephyr.a(log_msg.c.obj)
                0x0001ac08                log_msg_chunk_alloc
 .text.msg_free
                0x0001ac30       0x7c zephyr/libzephyr.a(log_msg.c.obj)
 .text.print_formatted
                0x0001acac       0x24 zephyr/libzephyr.a(log_output.c.obj)
 .text.prefix_print
                0x0001acd0      0x11c zephyr/libzephyr.a(log_output.c.obj)
 .text.postfix_print
                0x0001adec       0x3c zephyr/libzephyr.a(log_output.c.obj)
 .text.hexdump_line_print
                0x0001ae28       0xdc zephyr/libzephyr.a(log_output.c.obj)
 .text.log_output_msg_process
                0x0001af04       0xf8 zephyr/libzephyr.a(log_output.c.obj)
                0x0001af04                log_output_msg_process
 .text.log_output_dropped_process
                0x0001affc       0x58 zephyr/libzephyr.a(log_output.c.obj)
                0x0001affc                log_output_dropped_process
 .text.log_output_timestamp_freq_set
                0x0001b054       0x30 zephyr/libzephyr.a(log_output.c.obj)
                0x0001b054                log_output_timestamp_freq_set
 .text.severity_lvl_get
                0x0001b084       0x24 zephyr/libzephyr.a(log_cmds.c.obj)
 .text.backend_name_get
                0x0001b0a8       0x30 zephyr/libzephyr.a(log_cmds.c.obj)
 .text.cmd_log_backends_list
                0x0001b0d8       0x60 zephyr/libzephyr.a(log_cmds.c.obj)
 .text.log_status
                0x0001b138       0xac zephyr/libzephyr.a(log_cmds.c.obj)
 .text.module_name_get
                0x0001b1e4       0x20 zephyr/libzephyr.a(log_cmds.c.obj)
 .text.shell_backend_cmd_execute
                0x0001b204       0x78 zephyr/libzephyr.a(log_cmds.c.obj)
 .text.cmd_log_backend_status
                0x0001b27c       0x10 zephyr/libzephyr.a(log_cmds.c.obj)
 .text.cmd_log_backend_halt
                0x0001b28c        0xc zephyr/libzephyr.a(log_cmds.c.obj)
 .text.cmd_log_backend_go
                0x0001b298        0xc zephyr/libzephyr.a(log_cmds.c.obj)
 .text.cmd_log_backend_enable
                0x0001b2a4        0xc zephyr/libzephyr.a(log_cmds.c.obj)
 .text.cmd_log_backend_disable
                0x0001b2b0        0xc zephyr/libzephyr.a(log_cmds.c.obj)
 .text.shell_state_precheck
                0x0001b2bc       0x20 zephyr/libzephyr.a(log_cmds.c.obj)
 .text.filters_set
                0x0001b2dc       0xd0 zephyr/libzephyr.a(log_cmds.c.obj)
 .text.log_enable
                0x0001b3ac       0x60 zephyr/libzephyr.a(log_cmds.c.obj)
 .text.cmd_kernel_version
                0x0001b40c       0x2c zephyr/libzephyr.a(kernel_service.c.obj)
 .text.cmd_kernel_uptime
                0x0001b438       0x34 zephyr/libzephyr.a(kernel_service.c.obj)
 .text.cmd_kernel_threads
                0x0001b46c       0x38 zephyr/libzephyr.a(kernel_service.c.obj)
 .text.cmd_kernel_stacks
                0x0001b4a4       0x5c zephyr/libzephyr.a(kernel_service.c.obj)
 .text.shell_tdata_dump
                0x0001b500       0xc0 zephyr/libzephyr.a(kernel_service.c.obj)
 .text.cmd_kernel_cycles
                0x0001b5c0       0x1c zephyr/libzephyr.a(kernel_service.c.obj)
 .text.shell_stack_dump
                0x0001b5dc       0x68 zephyr/libzephyr.a(kernel_service.c.obj)
 .text.cmd_device_list
                0x0001b644       0x58 zephyr/libzephyr.a(device_service.c.obj)
 .text.device_get_config_level
                0x0001b69c       0x48 zephyr/libzephyr.a(device_service.c.obj)
 .text.cmd_device_levels
                0x0001b6e4       0x94 zephyr/libzephyr.a(device_service.c.obj)
 .text.date_print
                0x0001b778       0x30 zephyr/libzephyr.a(date_service.c.obj)
 .text.get_h_m_s
                0x0001b7a8       0xa8 zephyr/libzephyr.a(date_service.c.obj)
 .text.cmd_date_set
                0x0001b850      0x124 zephyr/libzephyr.a(date_service.c.obj)
 .text.shell_internal_help_print
                0x0001b974       0x20 zephyr/libzephyr.a(shell.c.obj)
 .text.state_set.part.0
                0x0001b994       0x44 zephyr/libzephyr.a(shell.c.obj)
 .text.history_handle
                0x0001b9d8       0xa4 zephyr/libzephyr.a(shell.c.obj)
 .text.execute  0x0001ba7c      0x368 zephyr/libzephyr.a(shell.c.obj)
 .text.shell_process
                0x0001bde4      0x6bc zephyr/libzephyr.a(shell.c.obj)
                0x0001bde4                shell_process
 .text.shell_init
                0x0001c4a0      0x100 zephyr/libzephyr.a(shell.c.obj)
                0x0001c4a0                shell_init
 .text.shell_start
                0x0001c5a0       0x50 zephyr/libzephyr.a(shell.c.obj)
                0x0001c5a0                shell_start
 .text.shell_thread
                0x0001c5f0       0xc8 zephyr/libzephyr.a(shell.c.obj)
                0x0001c5f0                shell_thread
 .text.shell_fprintf_fmt
                0x0001c6b8       0x28 zephyr/libzephyr.a(shell_fprintf.c.obj)
                0x0001c6b8                shell_fprintf_fmt
 .text.shell_cmd_get
                0x0001c6e0       0x4c zephyr/libzephyr.a(shell_utils.c.obj)
                0x0001c6e0                shell_cmd_get
 .text.clear_eos.isra.0
                0x0001c72c       0x10 zephyr/libzephyr.a(shell_ops.c.obj)
 .text.shell_op_cursor_vert_move
                0x0001c73c       0x20 zephyr/libzephyr.a(shell_ops.c.obj)
                0x0001c73c                shell_op_cursor_vert_move
 .text.shell_op_cursor_horiz_move
                0x0001c75c       0x20 zephyr/libzephyr.a(shell_ops.c.obj)
                0x0001c75c                shell_op_cursor_horiz_move
 .text.shell_op_cond_next_line
                0x0001c77c       0x28 zephyr/libzephyr.a(shell_ops.c.obj)
                0x0001c77c                shell_op_cond_next_line
 .text.shell_op_cursor_position_synchronize
                0x0001c7a4       0x54 zephyr/libzephyr.a(shell_ops.c.obj)
                0x0001c7a4                shell_op_cursor_position_synchronize
 .text.shell_print_cmd
                0x0001c7f8       0x10 zephyr/libzephyr.a(shell_ops.c.obj)
                0x0001c7f8                shell_print_cmd
 .text.shell_vt100_color_set
                0x0001c808       0x48 zephyr/libzephyr.a(shell_ops.c.obj)
                0x0001c808                shell_vt100_color_set
 .text.shell_vt100_colors_restore
                0x0001c850       0x4c zephyr/libzephyr.a(shell_ops.c.obj)
                0x0001c850                shell_vt100_colors_restore
 .text.shell_op_word_remove
                0x0001c89c       0xa8 zephyr/libzephyr.a(shell_ops.c.obj)
                0x0001c89c                shell_op_word_remove
 .text.reprint_from_cursor
                0x0001c944       0x54 zephyr/libzephyr.a(shell_ops.c.obj)
 .text.shell_op_char_insert
                0x0001c998       0x64 zephyr/libzephyr.a(shell_ops.c.obj)
                0x0001c998                shell_op_char_insert
 .text.shell_print_prompt_and_cmd
                0x0001c9fc       0x30 zephyr/libzephyr.a(shell_ops.c.obj)
                0x0001c9fc                shell_print_prompt_and_cmd
 .text.init     0x0001ca2c       0x30 zephyr/libzephyr.a(shell_uart.c.obj)
 .text.enable_shell_uart
                0x0001ca5c       0x30 zephyr/libzephyr.a(shell_uart.c.obj)
 .text.uart_callback
                0x0001ca8c      0x10c zephyr/libzephyr.a(shell_uart.c.obj)
 .text.formatted_text_print.constprop.0
                0x0001cb98       0xf4 zephyr/libzephyr.a(shell_help.c.obj)
 .text.shell_help_subcmd_print
                0x0001cc8c       0xb8 zephyr/libzephyr.a(shell_help.c.obj)
                0x0001cc8c                shell_help_subcmd_print
 .text.shell_help_cmd_print
                0x0001cd44       0x48 zephyr/libzephyr.a(shell_help.c.obj)
                0x0001cd44                shell_help_cmd_print
 .text.cmd_clear
                0x0001cd8c       0x2c zephyr/libzephyr.a(shell_cmds.c.obj)
 .text.cmd_resize_default
                0x0001cdb8       0x24 zephyr/libzephyr.a(shell_cmds.c.obj)
 .text.cmd_shell_stats_show
                0x0001cddc       0x18 zephyr/libzephyr.a(shell_cmds.c.obj)
 .text.cmd_help
                0x0001cdf4       0x30 zephyr/libzephyr.a(shell_cmds.c.obj)
 .text.cmd_history
                0x0001ce24       0x48 zephyr/libzephyr.a(shell_cmds.c.obj)
 .text.cmd_echo
                0x0001ce6c       0x54 zephyr/libzephyr.a(shell_cmds.c.obj)
 .text.cmd_resize
                0x0001cec0      0x17c zephyr/libzephyr.a(shell_cmds.c.obj)
 .text.shell_wildcard_process
                0x0001d03c       0xe8 zephyr/libzephyr.a(shell_wildcard.c.obj)
                0x0001d03c                shell_wildcard_process
 .text.sys_reboot
                0x0001d124       0x30 zephyr/libzephyr.a(reboot.c.obj)
                0x0001d124                sys_reboot
 .text.uart_console_init
                0x0001d154       0x2c zephyr/libzephyr.a(uart_console.c.obj)
 .text.console_out
                0x0001d180       0x28 zephyr/libzephyr.a(uart_console.c.obj)
 .text.onoff_stop
                0x0001d1a8       0x48 zephyr/libzephyr.a(clock_control_nrf.c.obj)
 .text.onoff_start
                0x0001d1f0       0x54 zephyr/libzephyr.a(clock_control_nrf.c.obj)
 .text.clk_init
                0x0001d244       0x60 zephyr/libzephyr.a(clock_control_nrf.c.obj)
 .text.clkstarted_handle.constprop.0
                0x0001d2a4       0x34 zephyr/libzephyr.a(clock_control_nrf.c.obj)
 .text.clock_event_handler
                0x0001d2d8       0x1c zephyr/libzephyr.a(clock_control_nrf.c.obj)
 .text.hfclk_start
                0x0001d2f4       0x30 zephyr/libzephyr.a(clock_control_nrf.c.obj)
 .text.generic_hfclk_start
                0x0001d324       0x64 zephyr/libzephyr.a(clock_control_nrf.c.obj)
 .text.hfclk_stop
                0x0001d388       0x30 zephyr/libzephyr.a(clock_control_nrf.c.obj)
 .text.generic_hfclk_stop
                0x0001d3b8       0x20 zephyr/libzephyr.a(clock_control_nrf.c.obj)
 .text.cmd_status
                0x0001d3d8       0xfc zephyr/libzephyr.a(clock_control_nrf.c.obj)
 .text.api_blocking_start
                0x0001d4d4       0x3c zephyr/libzephyr.a(clock_control_nrf.c.obj)
 .text.z_nrf_clock_control_lf_on
                0x0001d510      0x104 zephyr/libzephyr.a(clock_control_nrf.c.obj)
                0x0001d510                z_nrf_clock_control_lf_on
 .text.handle_next_cycle_case
                0x0001d614       0x28 zephyr/libzephyr.a(nrf_rtc_timer.c.obj)
 .text.rtc_nrf_isr
                0x0001d63c       0x2c zephyr/libzephyr.a(nrf_rtc_timer.c.obj)
                0x0001d63c                rtc_nrf_isr
 .text.z_clock_driver_init
                0x0001d668       0x54 zephyr/libzephyr.a(nrf_rtc_timer.c.obj)
                0x0001d668                z_clock_driver_init
 .text.z_clock_set_timeout
                0x0001d6bc       0xd0 zephyr/libzephyr.a(nrf_rtc_timer.c.obj)
                0x0001d6bc                z_clock_set_timeout
 .text.z_clock_elapsed
                0x0001d78c       0x34 zephyr/libzephyr.a(nrf_rtc_timer.c.obj)
                0x0001d78c                z_clock_elapsed
 .text.z_timer_cycle_get_32
                0x0001d7c0       0x34 zephyr/libzephyr.a(nrf_rtc_timer.c.obj)
                0x0001d7c0                z_timer_cycle_get_32
 .text.arch_swap
                0x0001d7f4       0x38 zephyr/arch/arch/arm/core/aarch32/libarch__arm__core__aarch32.a(swap.c.obj)
                0x0001d7f4                arch_swap
 .text.arch_irq_enable
                0x0001d82c       0x20 zephyr/arch/arch/arm/core/aarch32/libarch__arm__core__aarch32.a(irq_manage.c.obj)
                0x0001d82c                arch_irq_enable
 .text.arch_irq_is_enabled
                0x0001d84c       0x1c zephyr/arch/arch/arm/core/aarch32/libarch__arm__core__aarch32.a(irq_manage.c.obj)
                0x0001d84c                arch_irq_is_enabled
 .text.z_arm_irq_priority_set
                0x0001d868       0x2c zephyr/arch/arch/arm/core/aarch32/libarch__arm__core__aarch32.a(irq_manage.c.obj)
                0x0001d868                z_arm_irq_priority_set
 .text.arch_new_thread
                0x0001d894       0x38 zephyr/arch/arch/arm/core/aarch32/libarch__arm__core__aarch32.a(thread.c.obj)
                0x0001d894                arch_new_thread
 .text.arch_switch_to_main_thread
                0x0001d8cc       0x38 zephyr/arch/arch/arm/core/aarch32/libarch__arm__core__aarch32.a(thread.c.obj)
                0x0001d8cc                arch_switch_to_main_thread
 .text.z_arm_fatal_error
                0x0001d904       0x90 zephyr/arch/arch/arm/core/aarch32/libarch__arm__core__aarch32.a(fatal.c.obj)
                0x0001d904                z_arm_fatal_error
 .text.z_arm_prep_c
                0x0001d994       0x44 zephyr/arch/arch/arm/core/aarch32/libarch__arm__core__aarch32.a(prep_c.c.obj)
                0x0001d994                z_arm_prep_c
 .text.z_arm_pendsv
                0x0001d9d8       0x5c zephyr/arch/arch/arm/core/aarch32/libarch__arm__core__aarch32.a(swap_helper.S.obj)
                0x0001d9d8                z_arm_pendsv
 .text.z_arm_svc
                0x0001da34       0x20 zephyr/arch/arch/arm/core/aarch32/libarch__arm__core__aarch32.a(swap_helper.S.obj)
                0x0001da34                z_arm_svc
 .text.z_arm_cpu_idle_init
                0x0001da54        0xc zephyr/arch/arch/arm/core/aarch32/libarch__arm__core__aarch32.a(cpu_idle.S.obj)
                0x0001da54                z_arm_cpu_idle_init
 .text.arch_cpu_idle
                0x0001da60       0x1c zephyr/arch/arch/arm/core/aarch32/libarch__arm__core__aarch32.a(cpu_idle.S.obj)
                0x0001da60                arch_cpu_idle
 .text.arch_cpu_atomic_idle
                0x0001da7c       0x14 zephyr/arch/arch/arm/core/aarch32/libarch__arm__core__aarch32.a(cpu_idle.S.obj)
                0x0001da7c                arch_cpu_atomic_idle
 .text.z_SysNmiOnReset
                0x0001da90        0x8 zephyr/arch/arch/arm/core/aarch32/libarch__arm__core__aarch32.a(nmi_on_reset.S.obj)
                0x0001da90                z_SysNmiOnReset
 .text._isr_wrapper
                0x0001da98       0x40 zephyr/arch/arch/arm/core/aarch32/libarch__arm__core__aarch32.a(isr_wrapper.S.obj)
                0x0001da98                _isr_wrapper
 .text._reset_section
                0x0001dad8       0x3c zephyr/arch/arch/arm/core/aarch32/cortex_m/libarch__arm__core__aarch32__cortex_m.a(reset.S.obj)
                0x0001dad8                __start
                0x0001dad8                z_arm_reset
 .text.__fault  0x0001db14       0x14 zephyr/arch/arch/arm/core/aarch32/cortex_m/libarch__arm__core__aarch32__cortex_m.a(fault_s.S.obj)
                0x0001db14                z_arm_usage_fault
                0x0001db14                z_arm_mpu_fault
                0x0001db14                z_arm_exc_spurious
                0x0001db14                z_arm_debug_monitor
                0x0001db14                z_arm_hard_fault
                0x0001db14                z_arm_bus_fault
 .text._HandlerModeExit
                0x0001db28       0x1c zephyr/arch/arch/arm/core/aarch32/cortex_m/libarch__arm__core__aarch32__cortex_m.a(exc_exit.S.obj)
                0x0001db28                z_arm_int_exit
                0x0001db28                z_arm_exc_exit
 .text.usage_fault.isra.0
                0x0001db44      0x154 zephyr/arch/arch/arm/core/aarch32/cortex_m/libarch__arm__core__aarch32__cortex_m.a(fault.c.obj)
 .text.mem_manage_fault.isra.0
                0x0001dc98      0x13c zephyr/arch/arch/arm/core/aarch32/cortex_m/libarch__arm__core__aarch32__cortex_m.a(fault.c.obj)
 .text.bus_fault.isra.0
                0x0001ddd4      0x15c zephyr/arch/arch/arm/core/aarch32/cortex_m/libarch__arm__core__aarch32__cortex_m.a(fault.c.obj)
 .text.z_arm_fault
                0x0001df30      0x1f8 zephyr/arch/arch/arm/core/aarch32/cortex_m/libarch__arm__core__aarch32__cortex_m.a(fault.c.obj)
                0x0001df30                z_arm_fault
 .text.z_arm_fault_init
                0x0001e128       0x18 zephyr/arch/arch/arm/core/aarch32/cortex_m/libarch__arm__core__aarch32__cortex_m.a(fault.c.obj)
                0x0001e128                z_arm_fault_init
 .text.sys_arch_reboot
                0x0001e140       0x24 zephyr/arch/arch/arm/core/aarch32/cortex_m/libarch__arm__core__aarch32__cortex_m.a(scb.c.obj)
                0x0001e140                sys_arch_reboot
 .text.z_arm_interrupt_init
                0x0001e164       0x18 zephyr/arch/arch/arm/core/aarch32/cortex_m/libarch__arm__core__aarch32__cortex_m.a(irq_init.c.obj)
                0x0001e164                z_arm_interrupt_init
 .text.z_impl_k_thread_abort
                0x0001e17c       0x44 zephyr/arch/arch/arm/core/aarch32/cortex_m/libarch__arm__core__aarch32__cortex_m.a(thread_abort.c.obj)
                0x0001e17c                z_impl_k_thread_abort
 .text.z_arm_configure_static_mpu_regions
                0x0001e1c0       0x54 zephyr/arch/arch/arm/core/aarch32/cortex_m/mpu/libarch__arm__core__aarch32__cortex_m__mpu.a(arm_core_mpu.c.obj)
                0x0001e1c0                z_arm_configure_static_mpu_regions
 .text.region_init
                0x0001e214       0x30 zephyr/arch/arch/arm/core/aarch32/cortex_m/mpu/libarch__arm__core__aarch32__cortex_m__mpu.a(arm_mpu.c.obj)
 .text.region_allocate_and_init
                0x0001e244       0x40 zephyr/arch/arch/arm/core/aarch32/cortex_m/mpu/libarch__arm__core__aarch32__cortex_m__mpu.a(arm_mpu.c.obj)
 .text.mpu_configure_regions_and_partition.constprop.0
                0x0001e284      0x17c zephyr/arch/arch/arm/core/aarch32/cortex_m/mpu/libarch__arm__core__aarch32__cortex_m__mpu.a(arm_mpu.c.obj)
 .text.arm_core_mpu_enable
                0x0001e400       0x14 zephyr/arch/arch/arm/core/aarch32/cortex_m/mpu/libarch__arm__core__aarch32__cortex_m__mpu.a(arm_mpu.c.obj)
                0x0001e400                arm_core_mpu_enable
 .text.arm_core_mpu_disable
                0x0001e414       0x10 zephyr/arch/arch/arm/core/aarch32/cortex_m/mpu/libarch__arm__core__aarch32__cortex_m__mpu.a(arm_mpu.c.obj)
                0x0001e414                arm_core_mpu_disable
 .text.arm_mpu_init
                0x0001e424       0x4c zephyr/arch/arch/arm/core/aarch32/cortex_m/mpu/libarch__arm__core__aarch32__cortex_m__mpu.a(arm_mpu.c.obj)
 .text.arm_core_mpu_configure_static_mpu_regions
                0x0001e470       0x14 zephyr/arch/arch/arm/core/aarch32/cortex_m/mpu/libarch__arm__core__aarch32__cortex_m__mpu.a(arm_mpu.c.obj)
                0x0001e470                arm_core_mpu_configure_static_mpu_regions
 .text.arm_core_mpu_mark_areas_for_dynamic_regions
                0x0001e484       0xac zephyr/arch/arch/arm/core/aarch32/cortex_m/mpu/libarch__arm__core__aarch32__cortex_m__mpu.a(arm_mpu.c.obj)
                0x0001e484                arm_core_mpu_mark_areas_for_dynamic_regions
 .text.__stdout_hook_install
                0x0001e530        0xc zephyr/lib/libc/minimal/liblib__libc__minimal.a(stdout_console.c.obj)
                0x0001e530                __stdout_hook_install
 .text.z_impl_zephyr_fputc
                0x0001e53c       0x18 zephyr/lib/libc/minimal/liblib__libc__minimal.a(stdout_console.c.obj)
                0x0001e53c                z_impl_zephyr_fputc
 .text.sprintf  0x0001e554       0x30 zephyr/lib/libc/minimal/liblib__libc__minimal.a(sprintf.c.obj)
                0x0001e554                sprintf
 .text.printf   0x0001e584       0x24 zephyr/lib/libc/minimal/liblib__libc__minimal.a(fprintf.c.obj)
                0x0001e584                printf
 .text.gmtime_r
                0x0001e5a8      0x1c4 zephyr/lib/libc/minimal/liblib__libc__minimal.a(gmtime.c.obj)
                0x0001e5a8                gmtime_r
 .text.z_impl_clock_gettime
                0x0001e76c       0xa4 zephyr/lib/posix/liblib__posix.a(clock.c.obj)
                0x0001e76c                z_impl_clock_gettime
 .text.nrf_gpio_cfg_sense_set
                0x0001e810       0x20 zephyr/drivers/gpio/libdrivers__gpio.a(gpio_nrfx.c.obj)
 .text.gpio_nrfx_init
                0x0001e830       0x30 zephyr/drivers/gpio/libdrivers__gpio.a(gpio_nrfx.c.obj)
 .text.gpio_nrfx_config
                0x0001e860       0xb4 zephyr/drivers/gpio/libdrivers__gpio.a(gpio_nrfx.c.obj)
 .text.gpio_nrfx_pin_interrupt_configure
                0x0001e914      0x1e4 zephyr/drivers/gpio/libdrivers__gpio.a(gpio_nrfx.c.obj)
 .text.gpiote_event_handler
                0x0001eaf8      0x11c zephyr/drivers/gpio/libdrivers__gpio.a(gpio_nrfx.c.obj)
 .text.uarte_nrfx_configure
                0x0001ec14      0x16c zephyr/drivers/serial/libdrivers__serial.a(uart_nrfx_uarte.c.obj)
 .text.uarte_nrfx_poll_out
                0x0001ed80       0xb8 zephyr/drivers/serial/libdrivers__serial.a(uart_nrfx_uarte.c.obj)
 .text.uarte_instance_init.isra.0
                0x0001ee38      0x14c zephyr/drivers/serial/libdrivers__serial.a(uart_nrfx_uarte.c.obj)
 .text.uarte_0_init
                0x0001ef84       0x30 zephyr/drivers/serial/libdrivers__serial.a(uart_nrfx_uarte.c.obj)
 .text.uarte_1_init
                0x0001efb4       0x30 zephyr/drivers/serial/libdrivers__serial.a(uart_nrfx_uarte.c.obj)
 .text.k_sys_fatal_error_handler
                0x0001efe4       0x38 modules/nrf/lib/fatal_error/lib..__nrf__lib__fatal_error.a(fatal_error.c.obj)
                0x0001efe4                k_sys_fatal_error_handler
 .text.check_ext_api_requests
                0x0001f01c       0x9c modules/nrf/subsys/fw_info/lib..__nrf__subsys__fw_info.a(fw_info.c.obj)
 .text.SystemInit
                0x0001f0b8       0x10 modules/nordic/lib..__modules__hal__nordic.a(system_nrf9160.c.obj)
                0x0001f0b8                SystemInit
 .text.nrfx_clock_init
                0x0001f0c8       0x20 modules/nordic/lib..__modules__hal__nordic.a(nrfx_clock.c.obj)
                0x0001f0c8                nrfx_clock_init
 .text.nrfx_clock_start
                0x0001f0e8       0x64 modules/nordic/lib..__modules__hal__nordic.a(nrfx_clock.c.obj)
                0x0001f0e8                nrfx_clock_start
 .text.nrfx_clock_stop
                0x0001f14c       0x80 modules/nordic/lib..__modules__hal__nordic.a(nrfx_clock.c.obj)
                0x0001f14c                nrfx_clock_stop
 .text.nrfx_power_clock_irq_handler
                0x0001f1cc       0x68 modules/nordic/lib..__modules__hal__nordic.a(nrfx_clock.c.obj)
                0x0001f1cc                nrfx_power_clock_irq_handler
 .text.nrfx_dppi_channel_alloc
                0x0001f234       0x3c modules/nordic/lib..__modules__hal__nordic.a(nrfx_dppi.c.obj)
                0x0001f234                nrfx_dppi_channel_alloc
 .text.z_sys_init_run_level
                0x0001f270       0x50 zephyr/kernel/libkernel.a(device.c.obj)
                0x0001f270                z_sys_init_run_level
 .text.z_device_ready
                0x0001f2c0       0x2c zephyr/kernel/libkernel.a(device.c.obj)
                0x0001f2c0                z_device_ready
 .text.z_impl_device_get_binding
                0x0001f2ec       0x50 zephyr/kernel/libkernel.a(device.c.obj)
                0x0001f2ec                z_impl_device_get_binding
 .text.z_impl_z_errno
                0x0001f33c        0xc zephyr/kernel/libkernel.a(errno.c.obj)
                0x0001f33c                z_impl_z_errno
 .text.z_fatal_error
                0x0001f348       0xfc zephyr/kernel/libkernel.a(fatal.c.obj)
                0x0001f348                z_fatal_error
 .text.idle     0x0001f444       0x78 zephyr/kernel/libkernel.a(idle.c.obj)
                0x0001f444                idle
 .text.z_bss_zero
                0x0001f4bc       0x14 zephyr/kernel/libkernel.a(init.c.obj)
                0x0001f4bc                z_bss_zero
 .text.z_data_copy
                0x0001f4d0       0x34 zephyr/kernel/libkernel.a(init.c.obj)
                0x0001f4d0                z_data_copy
 .text.bg_thread_main
                0x0001f504       0x30 zephyr/kernel/libkernel.a(init.c.obj)
 .text.z_cstart
                0x0001f534      0x11c zephyr/kernel/libkernel.a(init.c.obj)
                0x0001f534                z_cstart
 .text.init_mem_slab_module
                0x0001f650       0x44 zephyr/kernel/libkernel.a(mem_slab.c.obj)
 .text.k_mem_slab_alloc
                0x0001f694       0x64 zephyr/kernel/libkernel.a(mem_slab.c.obj)
                0x0001f694                k_mem_slab_alloc
 .text.k_mem_slab_free
                0x0001f6f8       0x54 zephyr/kernel/libkernel.a(mem_slab.c.obj)
                0x0001f6f8                k_mem_slab_free
 .text.z_impl_k_msgq_put
                0x0001f74c       0xa8 zephyr/kernel/libkernel.a(msg_q.c.obj)
                0x0001f74c                z_impl_k_msgq_put
 .text.z_impl_k_msgq_get
                0x0001f7f4       0xc0 zephyr/kernel/libkernel.a(msg_q.c.obj)
                0x0001f7f4                z_impl_k_msgq_get
 .text.z_impl_k_mutex_lock
                0x0001f8b4       0xf0 zephyr/kernel/libkernel.a(mutex.c.obj)
                0x0001f8b4                z_impl_k_mutex_lock
 .text.z_impl_k_mutex_unlock
                0x0001f9a4       0x90 zephyr/kernel/libkernel.a(mutex.c.obj)
                0x0001f9a4                z_impl_k_mutex_unlock
 .text.z_reset_time_slice
                0x0001fa34       0x2c zephyr/kernel/libkernel.a(sched.c.obj)
                0x0001fa34                z_reset_time_slice
 .text.k_sched_time_slice_set
                0x0001fa60       0x58 zephyr/kernel/libkernel.a(sched.c.obj)
                0x0001fa60                k_sched_time_slice_set
 .text.z_reschedule
                0x0001fab8       0x24 zephyr/kernel/libkernel.a(sched.c.obj)
                0x0001fab8                z_reschedule
 .text.k_sched_lock
                0x0001fadc       0x28 zephyr/kernel/libkernel.a(sched.c.obj)
                0x0001fadc                k_sched_lock
 .text.z_priq_dumb_remove
                0x0001fb04       0x2c zephyr/kernel/libkernel.a(sched.c.obj)
                0x0001fb04                z_priq_dumb_remove
 .text.update_cache
                0x0001fb30       0x50 zephyr/kernel/libkernel.a(sched.c.obj)
 .text.k_sched_unlock
                0x0001fb80       0x38 zephyr/kernel/libkernel.a(sched.c.obj)
                0x0001fb80                k_sched_unlock
 .text.ready_thread
                0x0001fbb8       0x70 zephyr/kernel/libkernel.a(sched.c.obj)
 .text.z_sched_start
                0x0001fc28       0x3c zephyr/kernel/libkernel.a(sched.c.obj)
                0x0001fc28                z_sched_start
 .text.move_thread_to_end_of_prio_q
                0x0001fc64       0x74 zephyr/kernel/libkernel.a(sched.c.obj)
 .text.z_time_slice
                0x0001fcd8       0x84 zephyr/kernel/libkernel.a(sched.c.obj)
                0x0001fcd8                z_time_slice
 .text.z_impl_k_thread_suspend
                0x0001fd5c       0x68 zephyr/kernel/libkernel.a(sched.c.obj)
                0x0001fd5c                z_impl_k_thread_suspend
 .text.z_thread_single_abort
                0x0001fdc4      0x10c zephyr/kernel/libkernel.a(sched.c.obj)
                0x0001fdc4                z_thread_single_abort
 .text.unready_thread
                0x0001fed0       0x34 zephyr/kernel/libkernel.a(sched.c.obj)
 .text.pend     0x0001ff04       0x4c zephyr/kernel/libkernel.a(sched.c.obj)
 .text.z_pend_curr
                0x0001ff50       0x28 zephyr/kernel/libkernel.a(sched.c.obj)
                0x0001ff50                z_pend_curr
 .text.z_tick_sleep.part.0
                0x0001ff78       0x5c zephyr/kernel/libkernel.a(sched.c.obj)
 .text.z_set_prio
                0x0001ffd4       0x88 zephyr/kernel/libkernel.a(sched.c.obj)
                0x0001ffd4                z_set_prio
 .text.z_sched_init
                0x0002005c       0x18 zephyr/kernel/libkernel.a(sched.c.obj)
                0x0002005c                z_sched_init
 .text.z_impl_k_yield
                0x00020074       0x9c zephyr/kernel/libkernel.a(sched.c.obj)
                0x00020074                z_impl_k_yield
 .text.z_impl_k_sleep
                0x00020110       0x40 zephyr/kernel/libkernel.a(sched.c.obj)
                0x00020110                z_impl_k_sleep
 .text.z_impl_k_current_get
                0x00020150        0xc zephyr/kernel/libkernel.a(sched.c.obj)
                0x00020150                z_impl_k_current_get
 .text.z_impl_k_sem_give
                0x0002015c       0x4c zephyr/kernel/libkernel.a(sem.c.obj)
                0x0002015c                z_impl_k_sem_give
 .text.z_impl_k_sem_take
                0x000201a8       0x54 zephyr/kernel/libkernel.a(sem.c.obj)
                0x000201a8                z_impl_k_sem_take
 .text.k_thread_foreach
                0x000201fc       0x34 zephyr/kernel/libkernel.a(thread.c.obj)
                0x000201fc                k_thread_foreach
 .text.z_thread_monitor_exit
                0x00020230       0x3c zephyr/kernel/libkernel.a(thread.c.obj)
                0x00020230                z_thread_monitor_exit
 .text.z_impl_k_thread_name_set
                0x0002026c       0x20 zephyr/kernel/libkernel.a(thread.c.obj)
                0x0002026c                z_impl_k_thread_name_set
 .text.k_thread_state_str
                0x0002028c       0x74 zephyr/kernel/libkernel.a(thread.c.obj)
                0x0002028c                k_thread_state_str
 .text.z_setup_new_thread
                0x00020300       0xc0 zephyr/kernel/libkernel.a(thread.c.obj)
                0x00020300                z_setup_new_thread
 .text.z_impl_k_thread_create
                0x000203c0       0x58 zephyr/kernel/libkernel.a(thread.c.obj)
                0x000203c0                z_impl_k_thread_create
 .text.z_init_static_threads
                0x00020418       0xbc zephyr/kernel/libkernel.a(thread.c.obj)
                0x00020418                z_init_static_threads
 .text.z_self_abort
                0x000204d4       0x28 zephyr/kernel/libkernel.a(thread_abort.c.obj)
                0x000204d4                z_self_abort
 .text.sys_kernel_version_get
                0x000204fc        0x8 zephyr/kernel/libkernel.a(version.c.obj)
                0x000204fc                sys_kernel_version_get
 .text.elapsed  0x00020504       0x14 zephyr/kernel/libkernel.a(timeout.c.obj)
 .text.remove_timeout
                0x00020518       0x34 zephyr/kernel/libkernel.a(timeout.c.obj)
 .text.next_timeout
                0x0002054c       0x58 zephyr/kernel/libkernel.a(timeout.c.obj)
 .text.timeout_rem
                0x000205a4       0x4c zephyr/kernel/libkernel.a(timeout.c.obj)
 .text.z_add_timeout
                0x000205f0      0x110 zephyr/kernel/libkernel.a(timeout.c.obj)
                0x000205f0                z_add_timeout
 .text.z_clock_announce
                0x00020700       0xd4 zephyr/kernel/libkernel.a(timeout.c.obj)
                0x00020700                z_clock_announce
 .text.z_tick_get
                0x000207d4       0x34 zephyr/kernel/libkernel.a(timeout.c.obj)
                0x000207d4                z_tick_get
 .text.z_timer_expiration_handler
                0x00020808       0x4c zephyr/kernel/libkernel.a(timer.c.obj)
                0x00020808                z_timer_expiration_handler
 .text.z_impl_k_timer_start
                0x00020854       0xb8 zephyr/kernel/libkernel.a(timer.c.obj)
                0x00020854                z_impl_k_timer_start
 .text.z_impl_k_poll
                0x0002090c       0xb8 zephyr/kernel/libkernel.a(poll.c.obj)
                0x0002090c                z_impl_k_poll
 .text.z_impl_k_poll_signal_raise
                0x000209c4       0x50 zephyr/kernel/libkernel.a(poll.c.obj)
                0x000209c4                z_impl_k_poll_signal_raise
 .text.z_thread_malloc
                0x00020a14       0x30 zephyr/kernel/libkernel.a(mempool.c.obj)
                0x00020a14                z_thread_malloc
 .text.statics_init
                0x00020a44       0x24 zephyr/kernel/libkernel.a(kheap.c.obj)
 .text.main     0x00020a68        0x2 app/libapp.a(main.c.obj)
                0x00020a68                main
 .text.string_cmp
                0x00020a6a        0x4 app/libapp.a(dynamic_cmd.c.obj)
 .text.swapfunc
                0x00020a6e       0x16 app/libapp.a(qsort.c.obj)
 .text.med3.isra.0
                0x00020a84       0x40 app/libapp.a(qsort.c.obj)
 .text.qsort    0x00020ac4      0x1e8 app/libapp.a(qsort.c.obj)
                0x00020ac4                qsort
 .text.foldcase
                0x00020cac       0x10 zephyr/libzephyr.a(fnmatch.c.obj)
 .text.fnmatchx
                0x00020cbc      0x260 zephyr/libzephyr.a(fnmatch.c.obj)
 .text.fnmatch  0x00020f1c        0x6 zephyr/libzephyr.a(fnmatch.c.obj)
                0x00020f1c                fnmatch
 .text.char2hex
                0x00020f22       0x30 zephyr/libzephyr.a(hex.c.obj)
                0x00020f22                char2hex
 .text.hex2char
                0x00020f52       0x1a zephyr/libzephyr.a(hex.c.obj)
                0x00020f52                hex2char
 .text.bin2hex  0x00020f6c       0x56 zephyr/libzephyr.a(hex.c.obj)
                0x00020f6c                bin2hex
 .text.hex2bin  0x00020fc2       0x74 zephyr/libzephyr.a(hex.c.obj)
                0x00020fc2                hex2bin
 .text.sys_notify_validate
                0x00021036       0x28 zephyr/libzephyr.a(notify.c.obj)
                0x00021036                sys_notify_validate
 .text.sys_notify_finalize
                0x0002105e       0x32 zephyr/libzephyr.a(notify.c.obj)
                0x0002105e                sys_notify_finalize
 .text.arch_printk_char_out
                0x00021090        0x4 zephyr/libzephyr.a(printk.c.obj)
                0x00021090                arch_printk_char_out
 .text.str_out  0x00021094       0x26 zephyr/libzephyr.a(printk.c.obj)
 .text.printk   0x000210ba       0x1a zephyr/libzephyr.a(printk.c.obj)
                0x000210ba                printk
 .text.snprintk
                0x000210d4       0x1a zephyr/libzephyr.a(printk.c.obj)
                0x000210d4                snprintk
 .text.process_recheck
                0x000210ee       0x38 zephyr/libzephyr.a(onoff.c.obj)
 .text.notify_one
                0x00021126       0x2c zephyr/libzephyr.a(onoff.c.obj)
 .text.transition_complete
                0x00021152       0x1c zephyr/libzephyr.a(onoff.c.obj)
 .text.validate_args
                0x0002116e       0x1e zephyr/libzephyr.a(onoff.c.obj)
 .text.onoff_manager_init
                0x0002118c       0x26 zephyr/libzephyr.a(onoff.c.obj)
                0x0002118c                onoff_manager_init
 .text.onoff_request
                0x000211b2       0x92 zephyr/libzephyr.a(onoff.c.obj)
                0x000211b2                onoff_request
 .text.z_thread_entry
                0x00021244       0x14 zephyr/libzephyr.a(thread_entry.c.obj)
                0x00021244                z_thread_entry
 .text.timeutil_timegm
                0x00021258       0x18 zephyr/libzephyr.a(timeutil.c.obj)
                0x00021258                timeutil_timegm
 .text.chunk_field
                0x00021270       0x16 zephyr/libzephyr.a(heap.c.obj)
 .text.chunk_set
                0x00021286       0x16 zephyr/libzephyr.a(heap.c.obj)
 .text.chunk_size
                0x0002129c        0xc zephyr/libzephyr.a(heap.c.obj)
 .text.set_chunk_used
                0x000212a8       0x30 zephyr/libzephyr.a(heap.c.obj)
 .text.set_chunk_size
                0x000212d8        0x8 zephyr/libzephyr.a(heap.c.obj)
 .text.bucket_idx
                0x000212e0       0x1a zephyr/libzephyr.a(heap.c.obj)
 .text.split_chunks
                0x000212fa       0x4e zephyr/libzephyr.a(heap.c.obj)
 .text.free_list_remove_bidx
                0x00021348       0x5e zephyr/libzephyr.a(heap.c.obj)
 .text.alloc_chunk
                0x000213a6       0x82 zephyr/libzephyr.a(heap.c.obj)
 .text.free_list_add
                0x00021428       0x8a zephyr/libzephyr.a(heap.c.obj)
 .text.sys_heap_alloc
                0x000214b2       0x68 zephyr/libzephyr.a(heap.c.obj)
                0x000214b2                sys_heap_alloc
 .text.sys_heap_init
                0x0002151a       0xa4 zephyr/libzephyr.a(heap.c.obj)
                0x0002151a                sys_heap_init
 .text.encode_uint
                0x000215be       0x96 zephyr/libzephyr.a(cbprintf_complete.c.obj)
 .text.outs     0x00021654       0x2c zephyr/libzephyr.a(cbprintf_complete.c.obj)
 .text.ring_buf_get_rewind_threshold
                0x00021680        0x6 zephyr/libzephyr.a(ring_buffer.c.obj)
                0x00021680                ring_buf_get_rewind_threshold
 .text.ring_buf_put_claim
                0x00021686       0x38 zephyr/libzephyr.a(ring_buffer.c.obj)
                0x00021686                ring_buf_put_claim
 .text.ring_buf_put_finish
                0x000216be       0x1a zephyr/libzephyr.a(ring_buffer.c.obj)
                0x000216be                ring_buf_put_finish
 .text.ring_buf_put
                0x000216d8       0x3e zephyr/libzephyr.a(ring_buffer.c.obj)
                0x000216d8                ring_buf_put
 .text.ring_buf_get_claim
                0x00021716       0x38 zephyr/libzephyr.a(ring_buffer.c.obj)
                0x00021716                ring_buf_get_claim
 .text.ring_buf_get_finish
                0x0002174e       0x5e zephyr/libzephyr.a(ring_buffer.c.obj)
                0x0002174e                ring_buf_get_finish
 .text.ring_buf_get
                0x000217ac       0x3e zephyr/libzephyr.a(ring_buffer.c.obj)
                0x000217ac                ring_buf_get
 .text._ConfigAbsSyms
                0x000217ea        0x2 zephyr/libzephyr.a(configs.c.obj)
                0x000217ea                _ConfigAbsSyms
 .text.z_platform_init
                0x000217ec        0x4 zephyr/libzephyr.a(soc.c.obj)
                0x000217ec                z_platform_init
 .text.log_list_init
                0x000217f0        0x8 zephyr/libzephyr.a(log_list.c.obj)
                0x000217f0                log_list_init
 .text.log_list_add_tail
                0x000217f8       0x14 zephyr/libzephyr.a(log_list.c.obj)
                0x000217f8                log_list_add_tail
 .text.log_list_head_peek
                0x0002180c        0x4 zephyr/libzephyr.a(log_list.c.obj)
                0x0002180c                log_list_head_peek
 .text.log_list_head_get
                0x00021810        0xc zephyr/libzephyr.a(log_list.c.obj)
                0x00021810                log_list_head_get
 .text.z_log_msg_std_alloc
                0x0002181c       0x12 zephyr/libzephyr.a(log_core.c.obj)
 .text.k_cycle_get_32_wrapper
                0x0002182e        0x4 zephyr/libzephyr.a(log_core.c.obj)
 .text.dummy_timestamp
                0x00021832        0x4 zephyr/libzephyr.a(log_core.c.obj)
 .text.z_log_get_s_mask
                0x00021836       0x40 zephyr/libzephyr.a(log_core.c.obj)
                0x00021836                z_log_get_s_mask
 .text.log_backend_disable
                0x00021876        0xa zephyr/libzephyr.a(log_core.c.obj)
                0x00021876                log_backend_disable
 .text.log_0    0x00021880       0x1a zephyr/libzephyr.a(log_core.c.obj)
                0x00021880                log_0
 .text.log_1    0x0002189a       0x28 zephyr/libzephyr.a(log_core.c.obj)
                0x0002189a                log_1
 .text.log_2    0x000218c2       0x32 zephyr/libzephyr.a(log_core.c.obj)
                0x000218c2                log_2
 .text.log_3    0x000218f4       0x38 zephyr/libzephyr.a(log_core.c.obj)
                0x000218f4                log_3
 .text.log_msg_hexdump_data_op
                0x0002192c       0xac zephyr/libzephyr.a(log_msg.c.obj)
 .text.log_msg_get
                0x000219d8       0x12 zephyr/libzephyr.a(log_msg.c.obj)
                0x000219d8                log_msg_get
 .text.log_msg_nargs_get
                0x000219ea        0x6 zephyr/libzephyr.a(log_msg.c.obj)
                0x000219ea                log_msg_nargs_get
 .text.log_msg_arg_get
                0x000219f0       0x3e zephyr/libzephyr.a(log_msg.c.obj)
                0x000219f0                log_msg_arg_get
 .text.log_msg_put
                0x00021a2e       0x1e zephyr/libzephyr.a(log_msg.c.obj)
                0x00021a2e                log_msg_put
 .text.log_msg_str_get
                0x00021a4c        0x4 zephyr/libzephyr.a(log_msg.c.obj)
                0x00021a4c                log_msg_str_get
 .text.log_msg_hexdump_data_get
                0x00021a50        0xe zephyr/libzephyr.a(log_msg.c.obj)
                0x00021a50                log_msg_hexdump_data_get
 .text.buffer_write
                0x00021a5e       0x1a zephyr/libzephyr.a(log_output.c.obj)
 .text.std_print
                0x00021a78      0x2ba zephyr/libzephyr.a(log_output.c.obj)
 .text.log_output_flush
                0x00021d32       0x1a zephyr/libzephyr.a(log_output.c.obj)
                0x00021d32                log_output_flush
 .text.out_func
                0x00021d4c       0x2e zephyr/libzephyr.a(log_output.c.obj)
 .text.log_halt
                0x00021d7a        0x8 zephyr/libzephyr.a(log_cmds.c.obj)
 .text.log_go   0x00021d82        0xa zephyr/libzephyr.a(log_cmds.c.obj)
 .text.cmd_log_self_halt
                0x00021d8c       0x18 zephyr/libzephyr.a(log_cmds.c.obj)
 .text.cmd_log_self_go
                0x00021da4       0x18 zephyr/libzephyr.a(log_cmds.c.obj)
 .text.cmd_log_self_status
                0x00021dbc       0x20 zephyr/libzephyr.a(log_cmds.c.obj)
 .text.cmd_log_self_enable
                0x00021ddc       0x22 zephyr/libzephyr.a(log_cmds.c.obj)
 .text.log_disable
                0x00021dfe       0x14 zephyr/libzephyr.a(log_cmds.c.obj)
 .text.cmd_log_self_disable
                0x00021e12       0x22 zephyr/libzephyr.a(log_cmds.c.obj)
 .text.cmd_kernel_reboot_warm
                0x00021e34        0xc zephyr/libzephyr.a(kernel_service.c.obj)
 .text.cmd_kernel_reboot_cold
                0x00021e40        0xc zephyr/libzephyr.a(kernel_service.c.obj)
 .text.cmd_date_get
                0x00021e4c       0x24 zephyr/libzephyr.a(date_service.c.obj)
 .text.shell_signal_handle
                0x00021e70       0x2a zephyr/libzephyr.a(shell.c.obj)
 .text.kill_handler
                0x00021e9a       0x36 zephyr/libzephyr.a(shell.c.obj)
 .text.k_mutex_unlock
                0x00021ed0        0x4 zephyr/libzephyr.a(shell.c.obj)
 .text.shell_strlen
                0x00021ed4        0xc zephyr/libzephyr.a(shell.c.obj)
 .text.shell_raw_fprintf
                0x00021ee0       0x1a zephyr/libzephyr.a(shell.c.obj)
 .text.transport_evt_handler
                0x00021efa       0x14 zephyr/libzephyr.a(shell.c.obj)
 .text.k_mutex_lock.constprop.0
                0x00021f0e        0x4 zephyr/libzephyr.a(shell.c.obj)
 .text.shell_log_process
                0x00021f12       0x48 zephyr/libzephyr.a(shell.c.obj)
 .text.shell_vfprintf
                0x00021f5a       0x70 zephyr/libzephyr.a(shell.c.obj)
                0x00021f5a                shell_vfprintf
 .text.shell_fprintf
                0x00021fca       0x1a zephyr/libzephyr.a(shell.c.obj)
                0x00021fca                shell_fprintf
 .text.shell_help
                0x00021fe4       0x2a zephyr/libzephyr.a(shell.c.obj)
                0x00021fe4                shell_help
 .text.shell_fprintf_buffer_flush
                0x0002200e       0x18 zephyr/libzephyr.a(shell_fprintf.c.obj)
                0x0002200e                shell_fprintf_buffer_flush
 .text.out_func
                0x00022026       0x38 zephyr/libzephyr.a(shell_fprintf.c.obj)
 .text.isspace  0x0002205e       0x14 zephyr/libzephyr.a(shell_utils.c.obj)
 .text.shell_strlen
                0x00022072        0xc zephyr/libzephyr.a(shell_utils.c.obj)
 .text.column_span_with_buffer_offsets_get
                0x0002207e       0x1e zephyr/libzephyr.a(shell_utils.c.obj)
                0x0002207e                column_span_with_buffer_offsets_get
 .text.row_span_with_buffer_offsets_get
                0x0002209c       0x16 zephyr/libzephyr.a(shell_utils.c.obj)
                0x0002209c                row_span_with_buffer_offsets_get
 .text.shell_multiline_data_calc
                0x000220b2       0x2c zephyr/libzephyr.a(shell_utils.c.obj)
                0x000220b2                shell_multiline_data_calc
 .text.shell_make_argv
                0x000220de      0x188 zephyr/libzephyr.a(shell_utils.c.obj)
                0x000220de                shell_make_argv
 .text.shell_pattern_remove
                0x00022266       0x4e zephyr/libzephyr.a(shell_utils.c.obj)
                0x00022266                shell_pattern_remove
 .text.shell_find_cmd
                0x000222b4       0x2e zephyr/libzephyr.a(shell_utils.c.obj)
                0x000222b4                shell_find_cmd
 .text.shell_get_last_command
                0x000222e2       0x5c zephyr/libzephyr.a(shell_utils.c.obj)
                0x000222e2                shell_get_last_command
 .text.shell_spaces_trim
                0x0002233e       0x6c zephyr/libzephyr.a(shell_utils.c.obj)
                0x0002233e                shell_spaces_trim
 .text.shell_cmd_trim
                0x000223aa       0x64 zephyr/libzephyr.a(shell_utils.c.obj)
                0x000223aa                shell_cmd_trim
 .text.shell_raw_fprintf
                0x0002240e       0x1a zephyr/libzephyr.a(shell_ops.c.obj)
 .text.full_line_cmd.isra.0
                0x00022428       0x28 zephyr/libzephyr.a(shell_ops.c.obj)
 .text.shell_cursor_in_empty_line
                0x00022450       0x28 zephyr/libzephyr.a(shell_ops.c.obj)
                0x00022450                shell_cursor_in_empty_line
 .text.shell_op_cursor_move
                0x00022478       0x48 zephyr/libzephyr.a(shell_ops.c.obj)
                0x00022478                shell_op_cursor_move
 .text.shell_op_cursor_word_move
                0x000224c0       0x74 zephyr/libzephyr.a(shell_ops.c.obj)
                0x000224c0                shell_op_cursor_word_move
 .text.shell_op_cursor_home_move
                0x00022534        0xc zephyr/libzephyr.a(shell_ops.c.obj)
                0x00022534                shell_op_cursor_home_move
 .text.shell_op_cursor_end_move
                0x00022540        0xe zephyr/libzephyr.a(shell_ops.c.obj)
                0x00022540                shell_op_cursor_end_move
 .text.shell_op_left_arrow
                0x0002254e       0x10 zephyr/libzephyr.a(shell_ops.c.obj)
                0x0002254e                shell_op_left_arrow
 .text.shell_op_right_arrow
                0x0002255e       0x12 zephyr/libzephyr.a(shell_ops.c.obj)
                0x0002255e                shell_op_right_arrow
 .text.shell_op_delete_from_cursor
                0x00022570       0x14 zephyr/libzephyr.a(shell_ops.c.obj)
                0x00022570                shell_op_delete_from_cursor
 .text.shell_cmd_line_erase
                0x00022584       0x34 zephyr/libzephyr.a(shell_ops.c.obj)
                0x00022584                shell_cmd_line_erase
 .text.shell_write
                0x000225b8       0x6a zephyr/libzephyr.a(shell_ops.c.obj)
                0x000225b8                shell_write
 .text.shell_print_stream
                0x00022622        0x4 zephyr/libzephyr.a(shell_ops.c.obj)
                0x00022622                shell_print_stream
 .text.shell_internal_vfprintf
                0x00022626       0x50 zephyr/libzephyr.a(shell_ops.c.obj)
                0x00022626                shell_internal_vfprintf
 .text.shell_internal_fprintf
                0x00022676       0x1a zephyr/libzephyr.a(shell_ops.c.obj)
                0x00022676                shell_internal_fprintf
 .text.data_insert
                0x00022690       0x64 zephyr/libzephyr.a(shell_ops.c.obj)
 .text.shell_op_completion_insert
                0x000226f4        0x4 zephyr/libzephyr.a(shell_ops.c.obj)
                0x000226f4                shell_op_completion_insert
 .text.shell_op_char_delete
                0x000226f8       0x36 zephyr/libzephyr.a(shell_ops.c.obj)
                0x000226f8                shell_op_char_delete
 .text.shell_op_char_backspace
                0x0002272e       0x22 zephyr/libzephyr.a(shell_ops.c.obj)
                0x0002272e                shell_op_char_backspace
 .text.z_impl_uart_irq_tx_disable
                0x00022750        0xa zephyr/libzephyr.a(shell_uart.c.obj)
 .text.uninit   0x0002275a       0x14 zephyr/libzephyr.a(shell_uart.c.obj)
 .text.read     0x0002276e       0x12 zephyr/libzephyr.a(shell_uart.c.obj)
 .text.write    0x00022780       0x64 zephyr/libzephyr.a(shell_uart.c.obj)
 .text.enable   0x000227e4       0x14 zephyr/libzephyr.a(shell_uart.c.obj)
 .text.shell_raw_fprintf
                0x000227f8       0x1a zephyr/libzephyr.a(shell_help.c.obj)
 .text.cmd_bacskpace_mode_backspace
                0x00022812       0x12 zephyr/libzephyr.a(shell_cmds.c.obj)
 .text.cmd_bacskpace_mode_delete
                0x00022824       0x12 zephyr/libzephyr.a(shell_cmds.c.obj)
 .text.cmd_colors_off
                0x00022836       0x12 zephyr/libzephyr.a(shell_cmds.c.obj)
 .text.cmd_colors_on
                0x00022848       0x12 zephyr/libzephyr.a(shell_cmds.c.obj)
 .text.cmd_echo_off
                0x0002285a       0x12 zephyr/libzephyr.a(shell_cmds.c.obj)
 .text.cmd_echo_on
                0x0002286c       0x12 zephyr/libzephyr.a(shell_cmds.c.obj)
 .text.cmd_shell_stats_reset
                0x0002287e        0x8 zephyr/libzephyr.a(shell_cmds.c.obj)
 .text.shell_raw_fprintf
                0x00022886       0x1a zephyr/libzephyr.a(shell_cmds.c.obj)
 .text.remove_from_tail.part.0
                0x000228a0       0x24 zephyr/libzephyr.a(shell_history.c.obj)
 .text.shell_history_mode_exit
                0x000228c4        0x6 zephyr/libzephyr.a(shell_history.c.obj)
                0x000228c4                shell_history_mode_exit
 .text.shell_history_get
                0x000228ca       0x56 zephyr/libzephyr.a(shell_history.c.obj)
                0x000228ca                shell_history_get
 .text.shell_history_purge
                0x00022920       0x18 zephyr/libzephyr.a(shell_history.c.obj)
                0x00022920                shell_history_purge
 .text.shell_history_put
                0x00022938       0xd8 zephyr/libzephyr.a(shell_history.c.obj)
                0x00022938                shell_history_put
 .text.shell_history_init
                0x00022a10        0xc zephyr/libzephyr.a(shell_history.c.obj)
                0x00022a10                shell_history_init
 .text.msg_from_fifo.isra.0
                0x00022a1c       0x1a zephyr/libzephyr.a(shell_log_backend.c.obj)
 .text.dropped  0x00022a36       0x2a zephyr/libzephyr.a(shell_log_backend.c.obj)
 .text.put      0x00022a60      0x10e zephyr/libzephyr.a(shell_log_backend.c.obj)
 .text.shell_log_backend_output_func
                0x00022b6e       0x14 zephyr/libzephyr.a(shell_log_backend.c.obj)
                0x00022b6e                shell_log_backend_output_func
 .text.shell_log_backend_enable
                0x00022b82       0x1e zephyr/libzephyr.a(shell_log_backend.c.obj)
                0x00022b82                shell_log_backend_enable
 .text.shell_log_backend_disable
                0x00022ba0       0x20 zephyr/libzephyr.a(shell_log_backend.c.obj)
                0x00022ba0                shell_log_backend_disable
 .text.shell_log_backend_process
                0x00022bc0       0x7e zephyr/libzephyr.a(shell_log_backend.c.obj)
                0x00022bc0                shell_log_backend_process
 .text.panic    0x00022c3e       0x52 zephyr/libzephyr.a(shell_log_backend.c.obj)
 .text.shell_wildcard_character_exist
                0x00022c90       0x28 zephyr/libzephyr.a(shell_wildcard.c.obj)
                0x00022c90                shell_wildcard_character_exist
 .text.shell_wildcard_prepare
                0x00022cb8       0x48 zephyr/libzephyr.a(shell_wildcard.c.obj)
                0x00022cb8                shell_wildcard_prepare
 .text.shell_wildcard_finalize
                0x00022d00       0x1a zephyr/libzephyr.a(shell_wildcard.c.obj)
                0x00022d00                shell_wildcard_finalize
 .text.get_status
                0x00022d1a       0x12 zephyr/libzephyr.a(clock_control_nrf.c.obj)
 .text.set_off_state
                0x00022d2c       0x32 zephyr/libzephyr.a(clock_control_nrf.c.obj)
 .text.set_starting_state
                0x00022d5e       0x3c zephyr/libzephyr.a(clock_control_nrf.c.obj)
 .text.set_on_state
                0x00022d9a       0x26 zephyr/libzephyr.a(clock_control_nrf.c.obj)
 .text.onoff_started_callback
                0x00022dc0       0x12 zephyr/libzephyr.a(clock_control_nrf.c.obj)
 .text.blocking_start_callback
                0x00022dd2        0x6 zephyr/libzephyr.a(clock_control_nrf.c.obj)
 .text.lfclk_stop
                0x00022dd8        0x6 zephyr/libzephyr.a(clock_control_nrf.c.obj)
 .text.lfclk_start
                0x00022dde        0x6 zephyr/libzephyr.a(clock_control_nrf.c.obj)
 .text.api_stop
                0x00022de4       0x28 zephyr/libzephyr.a(clock_control_nrf.c.obj)
 .text.api_start
                0x00022e0c       0x34 zephyr/libzephyr.a(clock_control_nrf.c.obj)
 .text.z_clock_isr
                0x00022e40        0x2 zephyr/libzephyr.a(sys_clock_init.c.obj)
                0x00022e40                z_clock_isr
 .text.z_clock_idle_exit
                0x00022e42        0x2 zephyr/libzephyr.a(sys_clock_init.c.obj)
                0x00022e42                z_clock_idle_exit
 .text.sys_clock_disable
                0x00022e44        0x2 zephyr/libzephyr.a(sys_clock_init.c.obj)
                0x00022e44                sys_clock_disable
 .text.spm_request_random_number
                0x00022e46       0x18 zephyr/libzephyr.a(secure_services_ns.c.obj)
                0x00022e46                spm_request_random_number
 .text.z_irq_spurious
                0x00022e5e        0x8 zephyr/arch/arch/arm/core/aarch32/libarch__arm__core__aarch32.a(irq_manage.c.obj)
                0x00022e5e                z_irq_spurious
 .text.configure_builtin_stack_guard
                0x00022e66        0xa zephyr/arch/arch/arm/core/aarch32/libarch__arm__core__aarch32.a(thread.c.obj)
                0x00022e66                configure_builtin_stack_guard
 .text.z_do_kernel_oops
                0x00022e70        0x8 zephyr/arch/arch/arm/core/aarch32/libarch__arm__core__aarch32.a(fatal.c.obj)
                0x00022e70                z_do_kernel_oops
 .text.z_arm_nmi
                0x00022e78        0xe zephyr/arch/arch/arm/core/aarch32/libarch__arm__core__aarch32.a(nmi.c.obj)
                0x00022e78                z_arm_nmi
 .text.mpu_configure_region
                0x00022e86       0x32 zephyr/arch/arch/arm/core/aarch32/cortex_m/mpu/libarch__arm__core__aarch32__cortex_m__mpu.a(arm_mpu.c.obj)
 .text.arm_cmse_mpu_region_get
                0x00022eb8       0x12 zephyr/arch/arch/arm/core/aarch32/cortex_m/cmse/libarch__arm__core__aarch32__cortex_m__cmse.a(arm_core_cmse.c.obj)
                0x00022eb8                arm_cmse_mpu_region_get
 .text.strtol   0x00022eca       0xec zephyr/lib/libc/minimal/liblib__libc__minimal.a(strtol.c.obj)
                0x00022eca                strtol
 .text.strstr   0x00022fb6       0x40 zephyr/lib/libc/minimal/liblib__libc__minimal.a(strstr.c.obj)
                0x00022fb6                strstr
 .text.strcpy   0x00022ff6       0x14 zephyr/lib/libc/minimal/liblib__libc__minimal.a(string.c.obj)
                0x00022ff6                strcpy
 .text.strncpy  0x0002300a       0x26 zephyr/lib/libc/minimal/liblib__libc__minimal.a(string.c.obj)
                0x0002300a                strncpy
 .text.strchr   0x00023030       0x1c zephyr/lib/libc/minimal/liblib__libc__minimal.a(string.c.obj)
                0x00023030                strchr
 .text.strlen   0x0002304c        0xe zephyr/lib/libc/minimal/liblib__libc__minimal.a(string.c.obj)
                0x0002304c                strlen
 .text.strcmp   0x0002305a       0x18 zephyr/lib/libc/minimal/liblib__libc__minimal.a(string.c.obj)
                0x0002305a                strcmp
 .text.strncmp  0x00023072       0x1e zephyr/lib/libc/minimal/liblib__libc__minimal.a(string.c.obj)
                0x00023072                strncmp
 .text.memcmp   0x00023090       0x20 zephyr/lib/libc/minimal/liblib__libc__minimal.a(string.c.obj)
                0x00023090                memcmp
 .text.memmove  0x000230b0       0x2e zephyr/lib/libc/minimal/liblib__libc__minimal.a(string.c.obj)
                0x000230b0                memmove
 .text.memcpy   0x000230de       0x56 zephyr/lib/libc/minimal/liblib__libc__minimal.a(string.c.obj)
                0x000230de                memcpy
 .text.memset   0x00023134       0x46 zephyr/lib/libc/minimal/liblib__libc__minimal.a(string.c.obj)
                0x00023134                memset
 .text._stdout_hook_default
                0x0002317a        0x6 zephyr/lib/libc/minimal/liblib__libc__minimal.a(stdout_console.c.obj)
 .text.fputc    0x00023180        0x4 zephyr/lib/libc/minimal/liblib__libc__minimal.a(stdout_console.c.obj)
                0x00023180                fputc
 .text.sprintf_out
                0x00023184       0x1a zephyr/lib/libc/minimal/liblib__libc__minimal.a(sprintf.c.obj)
 .text.gpio_nrfx_port_get_raw
                0x0002319e        0xc zephyr/drivers/gpio/libdrivers__gpio.a(gpio_nrfx.c.obj)
 .text.gpio_nrfx_port_set_masked_raw
                0x000231aa       0x12 zephyr/drivers/gpio/libdrivers__gpio.a(gpio_nrfx.c.obj)
 .text.gpio_nrfx_port_set_bits_raw
                0x000231bc        0xa zephyr/drivers/gpio/libdrivers__gpio.a(gpio_nrfx.c.obj)
 .text.gpio_nrfx_port_clear_bits_raw
                0x000231c6        0xa zephyr/drivers/gpio/libdrivers__gpio.a(gpio_nrfx.c.obj)
 .text.gpio_nrfx_port_toggle_bits
                0x000231d0        0xe zephyr/drivers/gpio/libdrivers__gpio.a(gpio_nrfx.c.obj)
 .text.gpio_nrfx_manage_callback
                0x000231de       0x56 zephyr/drivers/gpio/libdrivers__gpio.a(gpio_nrfx.c.obj)
 .text.uarte_nrfx_isr_int
                0x00023234       0x7e zephyr/drivers/serial/libdrivers__serial.a(uart_nrfx_uarte.c.obj)
 .text.uarte_nrfx_config_get
                0x000232b2       0x10 zephyr/drivers/serial/libdrivers__serial.a(uart_nrfx_uarte.c.obj)
 .text.uarte_nrfx_err_check
                0x000232c2        0xe zephyr/drivers/serial/libdrivers__serial.a(uart_nrfx_uarte.c.obj)
 .text.is_tx_ready
                0x000232d0       0x1e zephyr/drivers/serial/libdrivers__serial.a(uart_nrfx_uarte.c.obj)
 .text.uarte_nrfx_poll_in
                0x000232ee       0x26 zephyr/drivers/serial/libdrivers__serial.a(uart_nrfx_uarte.c.obj)
 .text.uarte_nrfx_fifo_fill
                0x00023314       0x90 zephyr/drivers/serial/libdrivers__serial.a(uart_nrfx_uarte.c.obj)
 .text.uarte_nrfx_fifo_read
                0x000233a4       0x22 zephyr/drivers/serial/libdrivers__serial.a(uart_nrfx_uarte.c.obj)
 .text.uarte_nrfx_irq_tx_enable
                0x000233c6       0x2e zephyr/drivers/serial/libdrivers__serial.a(uart_nrfx_uarte.c.obj)
 .text.uarte_nrfx_irq_tx_disable
                0x000233f4        0xa zephyr/drivers/serial/libdrivers__serial.a(uart_nrfx_uarte.c.obj)
 .text.uarte_nrfx_irq_tx_ready_complete
                0x000233fe       0x20 zephyr/drivers/serial/libdrivers__serial.a(uart_nrfx_uarte.c.obj)
 .text.uarte_nrfx_irq_rx_ready
                0x0002341e       0x10 zephyr/drivers/serial/libdrivers__serial.a(uart_nrfx_uarte.c.obj)
 .text.uarte_nrfx_irq_rx_enable
                0x0002342e        0xc zephyr/drivers/serial/libdrivers__serial.a(uart_nrfx_uarte.c.obj)
 .text.uarte_nrfx_irq_rx_disable
                0x0002343a        0xc zephyr/drivers/serial/libdrivers__serial.a(uart_nrfx_uarte.c.obj)
 .text.uarte_nrfx_irq_err_enable
                0x00023446        0xe zephyr/drivers/serial/libdrivers__serial.a(uart_nrfx_uarte.c.obj)
 .text.uarte_nrfx_irq_err_disable
                0x00023454        0xe zephyr/drivers/serial/libdrivers__serial.a(uart_nrfx_uarte.c.obj)
 .text.uarte_nrfx_irq_update
                0x00023462        0x4 zephyr/drivers/serial/libdrivers__serial.a(uart_nrfx_uarte.c.obj)
 .text.uarte_nrfx_irq_callback_set
                0x00023466        0xa zephyr/drivers/serial/libdrivers__serial.a(uart_nrfx_uarte.c.obj)
 .text.uarte_nrfx_irq_is_pending
                0x00023470       0x36 zephyr/drivers/serial/libdrivers__serial.a(uart_nrfx_uarte.c.obj)
 .text.nrfx_isr
                0x000234a6        0x2 modules/nordic/lib..__modules__hal__nordic.a(nrfx_glue.c.obj)
                0x000234a6                nrfx_isr
 .text.nrfx_busy_wait
                0x000234a8        0x4 modules/nordic/lib..__modules__hal__nordic.a(nrfx_glue.c.obj)
                0x000234a8                nrfx_busy_wait
 .text.nrfx_clock_enable
                0x000234ac       0x16 modules/nordic/lib..__modules__hal__nordic.a(nrfx_clock.c.obj)
                0x000234ac                nrfx_clock_enable
 .text.z_sys_power_save_idle_exit
                0x000234c2        0x4 zephyr/kernel/libkernel.a(idle.c.obj)
                0x000234c2                z_sys_power_save_idle_exit
 .text.k_mem_slab_init
                0x000234c6       0x36 zephyr/kernel/libkernel.a(mem_slab.c.obj)
                0x000234c6                k_mem_slab_init
 .text.z_impl_k_msgq_peek
                0x000234fc       0x34 zephyr/kernel/libkernel.a(msg_q.c.obj)
                0x000234fc                z_impl_k_msgq_peek
 .text.z_impl_k_mutex_init
                0x00023530        0xe zephyr/kernel/libkernel.a(mutex.c.obj)
                0x00023530                z_impl_k_mutex_init
 .text.queue_insert
                0x0002353e       0xca zephyr/kernel/libkernel.a(queue.c.obj)
 .text.k_queue_append
                0x00023608       0x16 zephyr/kernel/libkernel.a(queue.c.obj)
                0x00023608                k_queue_append
 .text.z_is_t1_higher_prio_than_t2
                0x0002361e       0x12 zephyr/kernel/libkernel.a(sched.c.obj)
                0x0002361e                z_is_t1_higher_prio_than_t2
 .text.z_find_first_thread_to_unpend
                0x00023630       0x20 zephyr/kernel/libkernel.a(sched.c.obj)
                0x00023630                z_find_first_thread_to_unpend
 .text.z_unpend_thread_no_timeout
                0x00023650       0x20 zephyr/kernel/libkernel.a(sched.c.obj)
                0x00023650                z_unpend_thread_no_timeout
 .text.z_reschedule_irqlock
                0x00023670       0x18 zephyr/kernel/libkernel.a(sched.c.obj)
                0x00023670                z_reschedule_irqlock
 .text.z_reschedule_unlocked
                0x00023688       0x14 zephyr/kernel/libkernel.a(sched.c.obj)
 .text.unpend_thread_no_timeout
                0x0002369c       0x18 zephyr/kernel/libkernel.a(sched.c.obj)
 .text.z_unpend_thread
                0x000236b4       0x2c zephyr/kernel/libkernel.a(sched.c.obj)
                0x000236b4                z_unpend_thread
 .text.z_priq_dumb_best
                0x000236e0       0x14 zephyr/kernel/libkernel.a(sched.c.obj)
                0x000236e0                z_priq_dumb_best
 .text.z_ready_thread
                0x000236f4       0x20 zephyr/kernel/libkernel.a(sched.c.obj)
                0x000236f4                z_ready_thread
 .text.z_thread_timeout
                0x00023714       0x40 zephyr/kernel/libkernel.a(sched.c.obj)
                0x00023714                z_thread_timeout
 .text.add_to_waitq_locked
                0x00023754       0x56 zephyr/kernel/libkernel.a(sched.c.obj)
 .text.z_unpend_first_thread
                0x000237aa       0x4a zephyr/kernel/libkernel.a(sched.c.obj)
                0x000237aa                z_unpend_first_thread
 .text.k_is_in_isr
                0x000237f4        0xc zephyr/kernel/libkernel.a(thread.c.obj)
                0x000237f4                k_is_in_isr
 .text.z_impl_k_busy_wait
                0x00023800        0x8 zephyr/kernel/libkernel.a(thread.c.obj)
                0x00023800                z_impl_k_busy_wait
 .text.k_thread_name_get
                0x00023808        0x4 zephyr/kernel/libkernel.a(thread.c.obj)
                0x00023808                k_thread_name_get
 .text.z_impl_k_thread_stack_space_get
                0x0002380c       0x1c zephyr/kernel/libkernel.a(thread.c.obj)
                0x0002380c                z_impl_k_thread_stack_space_get
 .text.z_abort_timeout
                0x00023828       0x2c zephyr/kernel/libkernel.a(timeout.c.obj)
                0x00023828                z_abort_timeout
 .text.z_timeout_remaining
                0x00023854       0x20 zephyr/kernel/libkernel.a(timeout.c.obj)
                0x00023854                z_timeout_remaining
 .text.z_get_next_timeout_expiry
                0x00023874       0x20 zephyr/kernel/libkernel.a(timeout.c.obj)
                0x00023874                z_get_next_timeout_expiry
 .text.z_set_timeout_expiry
                0x00023894       0x34 zephyr/kernel/libkernel.a(timeout.c.obj)
                0x00023894                z_set_timeout_expiry
 .text.z_tick_get_32
                0x000238c8        0x8 zephyr/kernel/libkernel.a(timeout.c.obj)
                0x000238c8                z_tick_get_32
 .text.z_impl_k_uptime_ticks
                0x000238d0        0x4 zephyr/kernel/libkernel.a(timeout.c.obj)
                0x000238d0                z_impl_k_uptime_ticks
 .text.z_timeout_end_calc
                0x000238d4       0x52 zephyr/kernel/libkernel.a(timeout.c.obj)
                0x000238d4                z_timeout_end_calc
 .text.k_timer_init
                0x00023926       0x18 zephyr/kernel/libkernel.a(timer.c.obj)
                0x00023926                k_timer_init
 .text.z_impl_k_timer_stop
                0x0002393e       0x44 zephyr/kernel/libkernel.a(timer.c.obj)
                0x0002393e                z_impl_k_timer_stop
 .text.clear_event_registrations
                0x00023982       0x56 zephyr/kernel/libkernel.a(poll.c.obj)
 .text.k_work_submit_to_queue
                0x000239d8       0x28 zephyr/kernel/libkernel.a(poll.c.obj)
 .text.signal_poll_event
                0x00023a00       0xb8 zephyr/kernel/libkernel.a(poll.c.obj)
 .text.add_event
                0x00023ab8       0x6a zephyr/kernel/libkernel.a(poll.c.obj)
 .text.register_events
                0x00023b22       0xc2 zephyr/kernel/libkernel.a(poll.c.obj)
 .text.k_poll_event_init
                0x00023be4       0x1e zephyr/kernel/libkernel.a(poll.c.obj)
                0x00023be4                k_poll_event_init
 .text.z_handle_obj_poll_events
                0x00023c02       0x1c zephyr/kernel/libkernel.a(poll.c.obj)
                0x00023c02                z_handle_obj_poll_events
 .text.z_impl_k_poll_signal_init
                0x00023c1e        0xa zephyr/kernel/libkernel.a(poll.c.obj)
                0x00023c1e                z_impl_k_poll_signal_init
 .text.z_impl_k_poll_signal_check
                0x00023c28        0xa zephyr/kernel/libkernel.a(poll.c.obj)
                0x00023c28                z_impl_k_poll_signal_check
 .text.k_mem_pool_malloc
                0x00023c32       0x30 zephyr/kernel/libkernel.a(mempool.c.obj)
                0x00023c32                k_mem_pool_malloc
 .text.k_heap_init
                0x00023c62       0x10 zephyr/kernel/libkernel.a(kheap.c.obj)
                0x00023c62                k_heap_init
 .text.k_heap_alloc
                0x00023c72       0x86 zephyr/kernel/libkernel.a(kheap.c.obj)
                0x00023c72                k_heap_alloc
 .text.k_mem_pool_alloc
                0x00023cf8       0x32 zephyr/kernel/libkernel.a(kheap.c.obj)
                0x00023cf8                k_mem_pool_alloc
 .text._OffsetAbsSyms
                0x00023d2a        0x2 zephyr/CMakeFiles/offsets.dir/arch/arm/core/offsets/offsets.c.obj
                0x00023d2a                _OffsetAbsSyms
 *(SORT_BY_ALIGNMENT(.TEXT.*))
 *(SORT_BY_ALIGNMENT(.gnu.linkonce.t.*))
 *(SORT_BY_ALIGNMENT(.glue_7t))
 .glue_7t       0x00023d2c        0x0 linker stubs
 *(SORT_BY_ALIGNMENT(.glue_7))
 .glue_7        0x00023d2c        0x0 linker stubs
 *(SORT_BY_ALIGNMENT(.vfp11_veneer))
 .vfp11_veneer  0x00023d2c        0x0 linker stubs
 *(SORT_BY_ALIGNMENT(.v4_bx))
 .v4_bx         0x00023d2c        0x0 linker stubs
                0x00023d2c                _image_text_end = .

.ARM.exidx      0x00023d2c        0x8
                0x00023d2c                __exidx_start = .
 *(SORT_BY_ALIGNMENT(.ARM.exidx*) SORT_BY_ALIGNMENT(gnu.linkonce.armexidx.*))
 .ARM.exidx     0x00023d2c        0x8 c:/users/pablo/ncs/v1.4.99-dev1/toolchain/opt/bin/../lib/gcc/arm-none-eabi/9.2.1/thumb/v8-m.main/nofp\libgcc.a(_udivmoddi4.o)
                0x00023d34                __exidx_end = .
                0x00023d34                _image_rodata_start = .

initlevel       0x00023d34       0x68
                0x00023d34                __init_start = .
                0x00023d34                __init_PRE_KERNEL_1_start = .
 *(SORT_BY_NAME(SORT_BY_ALIGNMENT(.init_PRE_KERNEL_1[0-9]*)))
 .init_PRE_KERNEL_10
                0x00023d34        0x8 zephyr/libzephyr.a(soc.c.obj)
 .init_PRE_KERNEL_130
                0x00023d3c        0x8 zephyr/kernel/libkernel.a(mem_slab.c.obj)
 .init_PRE_KERNEL_130
                0x00023d44        0x8 zephyr/kernel/libkernel.a(kheap.c.obj)
 .init_PRE_KERNEL_140
                0x00023d4c        0x8 zephyr/arch/arch/arm/core/aarch32/cortex_m/mpu/libarch__arm__core__aarch32__cortex_m__mpu.a(arm_mpu.c.obj)
 .init_PRE_KERNEL_150
                0x00023d54        0x8 zephyr/libzephyr.a(clock_control_nrf.c.obj)
 .init_PRE_KERNEL_150
                0x00023d5c       0x10 zephyr/drivers/serial/libdrivers__serial.a(uart_nrfx_uarte.c.obj)
 *(SORT_BY_NAME(SORT_BY_ALIGNMENT(.init_PRE_KERNEL_1[1-9][0-9]*)))
                0x00023d6c                __init_PRE_KERNEL_2_start = .
 *(SORT_BY_NAME(SORT_BY_ALIGNMENT(.init_PRE_KERNEL_2[0-9]*)))
 .init_PRE_KERNEL_20
                0x00023d6c        0x8 zephyr/libzephyr.a(sys_clock_init.c.obj)
 *(SORT_BY_NAME(SORT_BY_ALIGNMENT(.init_PRE_KERNEL_2[1-9][0-9]*)))
                0x00023d74                __init_POST_KERNEL_start = .
 *(SORT_BY_NAME(SORT_BY_ALIGNMENT(.init_POST_KERNEL[0-9]*)))
 .init_POST_KERNEL0
                0x00023d74        0x8 zephyr/libzephyr.a(log_core.c.obj)
 .init_POST_KERNEL0
                0x00023d7c        0x8 zephyr/libzephyr.a(shell_uart.c.obj)
 .init_POST_KERNEL40
                0x00023d84        0x8 zephyr/drivers/gpio/libdrivers__gpio.a(gpio_nrfx.c.obj)
 .init_POST_KERNEL60
                0x00023d8c        0x8 zephyr/libzephyr.a(uart_console.c.obj)
 .init_POST_KERNEL90
                0x00023d94        0x8 modules/nrf/subsys/fw_info/lib..__nrf__subsys__fw_info.a(fw_info.c.obj)
 *(SORT_BY_NAME(SORT_BY_ALIGNMENT(.init_POST_KERNEL[1-9][0-9]*)))
                0x00023d9c                __init_APPLICATION_start = .
 *(SORT_BY_NAME(SORT_BY_ALIGNMENT(.init_APPLICATION[0-9]*)))
 *(SORT_BY_NAME(SORT_BY_ALIGNMENT(.init_APPLICATION[1-9][0-9]*)))
                0x00023d9c                __init_SMP_start = .
 *(SORT_BY_NAME(SORT_BY_ALIGNMENT(.init_SMP[0-9]*)))
 *(SORT_BY_NAME(SORT_BY_ALIGNMENT(.init_SMP[1-9][0-9]*)))
                0x00023d9c                __init_end = .

sw_isr_table    0x00023d9c      0x208
                0x00023d9c                . = ALIGN (0x0)
 *(SORT_BY_ALIGNMENT(.gnu.linkonce.sw_isr_table*))
 .gnu.linkonce.sw_isr_table*
                0x00023d9c      0x208 zephyr/CMakeFiles/zephyr_final.dir/isr_tables.c.obj
                0x00023d9c                _sw_isr_table

initlevel_error
                0x00023d34        0x0
 *(SORT_BY_NAME(SORT_BY_ALIGNMENT(.init_[_A-Z0-9]*)))
                0x00000001                ASSERT ((SIZEOF (initlevel_error) == 0x0), Undefined initialization levels used.)

app_shmem_regions
                0x00023fa4        0x0
                0x00023fa4                __app_shmem_regions_start = .
 *(SORT_BY_NAME(SORT_BY_ALIGNMENT(.app_regions.*)))
                0x00023fa4                __app_shmem_regions_end = .

bt_l2cap_fixed_chan_area
                0x00023fa4        0x0
                0x00023fa4                _bt_l2cap_fixed_chan_list_start = .
 *(SORT_BY_NAME(SORT_BY_ALIGNMENT(._bt_l2cap_fixed_chan.static.*)))
                0x00023fa4                _bt_l2cap_fixed_chan_list_end = .

bt_gatt_service_static_area
                0x00023fa4        0x0
                0x00023fa4                _bt_gatt_service_static_list_start = .
 *(SORT_BY_NAME(SORT_BY_ALIGNMENT(._bt_gatt_service_static.static.*)))