Archive member included to satisfy reference by file (symbol)

app/libapp.a(main.c.obj)      (--whole-archive)
zephyr/libzephyr.a(cbprintf.c.obj)
                              (--whole-archive)
zephyr/libzephyr.a(cbprintf_packaged.c.obj)
                              (--whole-archive)
zephyr/libzephyr.a(crc32c_sw.c.obj)
                              (--whole-archive)
zephyr/libzephyr.a(crc32_sw.c.obj)
                              (--whole-archive)
zephyr/libzephyr.a(crc16_sw.c.obj)
                              (--whole-archive)
zephyr/libzephyr.a(crc8_sw.c.obj)
                              (--whole-archive)
zephyr/libzephyr.a(crc7_sw.c.obj)
                              (--whole-archive)
zephyr/libzephyr.a(dec.c.obj)
                              (--whole-archive)
zephyr/libzephyr.a(fdtable.c.obj)
                              (--whole-archive)
zephyr/libzephyr.a(hex.c.obj)
                              (--whole-archive)
zephyr/libzephyr.a(notify.c.obj)
                              (--whole-archive)
zephyr/libzephyr.a(printk.c.obj)
                              (--whole-archive)
zephyr/libzephyr.a(onoff.c.obj)
                              (--whole-archive)
zephyr/libzephyr.a(rb.c.obj)  (--whole-archive)
zephyr/libzephyr.a(sem.c.obj)
                              (--whole-archive)
zephyr/libzephyr.a(thread_entry.c.obj)
                              (--whole-archive)
zephyr/libzephyr.a(timeutil.c.obj)
                              (--whole-archive)
zephyr/libzephyr.a(heap.c.obj)
                              (--whole-archive)
zephyr/libzephyr.a(heap-validate.c.obj)
                              (--whole-archive)
zephyr/libzephyr.a(bitarray.c.obj)
                              (--whole-archive)
zephyr/libzephyr.a(cbprintf_complete.c.obj)
                              (--whole-archive)
zephyr/libzephyr.a(assert.c.obj)
                              (--whole-archive)
zephyr/libzephyr.a(mpsc_pbuf.c.obj)
                              (--whole-archive)
zephyr/libzephyr.a(reboot.c.obj)
                              (--whole-archive)
zephyr/libzephyr.a(configs.c.obj)
                              (--whole-archive)
zephyr/libzephyr.a(soc.c.obj)
                              (--whole-archive)
zephyr/libzephyr.a(power.c.obj)
                              (--whole-archive)
zephyr/libzephyr.a(validate_base_addresses.c.obj)
                              (--whole-archive)
zephyr/libzephyr.a(validate_enabled_instances.c.obj)
                              (--whole-archive)
zephyr/libzephyr.a(log_minimal.c.obj)
                              (--whole-archive)
zephyr/libzephyr.a(power.c.obj)
                              (--whole-archive)
zephyr/libzephyr.a(pm_ctrl.c.obj)
                              (--whole-archive)
zephyr/libzephyr.a(policy_residency.c.obj)
                              (--whole-archive)
zephyr/libzephyr.a(uart_console.c.obj)
                              (--whole-archive)
zephyr/libzephyr.a(clock_control_nrf.c.obj)
                              (--whole-archive)
zephyr/libzephyr.a(sys_clock_init.c.obj)
                              (--whole-archive)
zephyr/libzephyr.a(nrf_rtc_timer.c.obj)
                              (--whole-archive)
zephyr/libzephyr.a(spm.c.obj)
                              (--whole-archive)
zephyr/libzephyr.a(secure_services.c.obj)
                              (--whole-archive)
zephyr/libzephyr.a(flash_map_partition_manager.c.obj)
                              (--whole-archive)
zephyr/libzephyr.a(nrf_cc3xx_platform_abort_zephyr.c.obj)
                              (--whole-archive)
zephyr/libzephyr.a(nrf_cc3xx_platform_mutex_zephyr.c.obj)
                              (--whole-archive)
zephyr/arch/common/libarch__common.a(sw_isr_common.c.obj)
                              (--whole-archive)
zephyr/arch/arch/arm/core/aarch32/libarch__arm__core__aarch32.a(swap.c.obj)
                              (--whole-archive)
zephyr/arch/arch/arm/core/aarch32/libarch__arm__core__aarch32.a(swap_helper.S.obj)
                              (--whole-archive)
zephyr/arch/arch/arm/core/aarch32/libarch__arm__core__aarch32.a(irq_manage.c.obj)
                              (--whole-archive)
zephyr/arch/arch/arm/core/aarch32/libarch__arm__core__aarch32.a(thread.c.obj)
                              (--whole-archive)
zephyr/arch/arch/arm/core/aarch32/libarch__arm__core__aarch32.a(cpu_idle.S.obj)
                              (--whole-archive)
zephyr/arch/arch/arm/core/aarch32/libarch__arm__core__aarch32.a(fatal.c.obj)
                              (--whole-archive)
zephyr/arch/arch/arm/core/aarch32/libarch__arm__core__aarch32.a(nmi.c.obj)
                              (--whole-archive)
zephyr/arch/arch/arm/core/aarch32/libarch__arm__core__aarch32.a(nmi_on_reset.S.obj)
                              (--whole-archive)
zephyr/arch/arch/arm/core/aarch32/libarch__arm__core__aarch32.a(prep_c.c.obj)
                              (--whole-archive)
[...]
Memory Configuration

Name             Origin             Length             Attributes
FLASH            0x00000000         0x00020000         xr
SRAM             0x20000000         0x00008000         xw
SRAM1            0x21000000         0x00010000         rw
IDT_LIST         0x20008000         0x00000800         xw
*default*        0x00000000         0xffffffff

Linker script and memory map

LOAD zephyr/CMakeFiles/zephyr_prebuilt.dir/misc/empty_file.c.obj
                0x00000020                _region_min_align = 0x20

.rel.plt        0x00000000        0x0
 *(SORT_BY_ALIGNMENT(.rel.plt))
                [!provide]                PROVIDE (__rel_iplt_start = .)
 *(SORT_BY_ALIGNMENT(.rel.iplt))
 .rel.iplt      0x00000000        0x0 app/libapp.a(main.c.obj)
                [!provide]                PROVIDE (__rel_iplt_end = .)

.rela.plt       0x00000000        0x0
 *(SORT_BY_ALIGNMENT(.rela.plt))
                [!provide]                PROVIDE (__rela_iplt_start = .)
 *(SORT_BY_ALIGNMENT(.rela.iplt))
                [!provide]                PROVIDE (__rela_iplt_end = .)

.rel.dyn
 *(SORT_BY_ALIGNMENT(.rel.*))

.rela.dyn
 *(SORT_BY_ALIGNMENT(.rela.*))

/DISCARD/
 *(SORT_BY_ALIGNMENT(.plt))
 *(SORT_BY_ALIGNMENT(.iplt))
 *(SORT_BY_ALIGNMENT(.got.plt))
 *(SORT_BY_ALIGNMENT(.igot.plt))
 *(SORT_BY_ALIGNMENT(.got))
 *(SORT_BY_ALIGNMENT(.igot))
 *(SORT_BY_ALIGNMENT(.note.GNU-stack))
                0x00000000                _image_rom_start = 0x0

rom_start       0x00000000      0x23c
                0x00000000                . = 0x0
                0x00000000                . = ALIGN (0x4)
                0x00000000                . = ALIGN (0x80)
                0x00000000                . = ALIGN (0x200)
                0x00000000                _vector_start = .
 *(SORT_BY_ALIGNMENT(.exc_vector_table))
 *(SORT_BY_ALIGNMENT(.exc_vector_table.*))
 .exc_vector_table._vector_table_section
                0x00000000       0x40 zephyr/arch/arch/arm/core/aarch32/cortex_m/libarch__arm__core__aarch32__cortex_m.a(vector_table.S.obj)
                0x00000000                _vector_table
 *(SORT_BY_ALIGNMENT(.gnu.linkonce.irq_vector_table*))
 .gnu.linkonce.irq_vector_table
                0x00000040      0x114 zephyr/arch/common/libisr_tables.a(isr_tables.c.obj)
                0x00000040                _irq_vector_table
 *(SORT_BY_ALIGNMENT(.vectors))
                0x00000154                _vector_end = .
                0x00000200                . = 0x200
 *fill*         0x00000154       0xac 
                0x00000200                _fw_info_start = .
 *(SORT_BY_NAME(SORT_BY_ALIGNMENT(.firmware_info*)))
 .firmware_info
                0x00000200       0x3c modules/nrf/subsys/fw_info/lib..__nrf__subsys__fw_info.a(fw_info.c.obj)
                0x00000200                m_firmware_info
                0x0000003c                _fw_info_size = ABSOLUTE ((. - _fw_info_start))

text            0x0000023c    0x154d0
                0x0000023c                _image_text_start = .
 *(SORT_BY_ALIGNMENT(.text))
 .text          0x0000023c       0x30 c:/ncs/v1.6.0/toolchain/opt/bin/../lib/gcc/arm-none-eabi/9.2.1/thumb/v8-m.main/nofp\libgcc.a(_aeabi_uldivmod.o)
                0x0000023c                __aeabi_uldivmod
 .text          0x0000026c      0x2c8 c:/ncs/v1.6.0/toolchain/opt/bin/../lib/gcc/arm-none-eabi/9.2.1/thumb/v8-m.main/nofp\libgcc.a(_udivmoddi4.o)
                0x0000026c                __udivmoddi4
 .text          0x00000534        0x4 c:/ncs/v1.6.0/toolchain/opt/bin/../lib/gcc/arm-none-eabi/9.2.1/thumb/v8-m.main/nofp\libgcc.a(_dvmd_tls.o)
                0x00000534                __aeabi_idiv0
                0x00000534                __aeabi_ldiv0
 .text          0x00000538     0xcb94 C:/Users/mario/OneDrive/Escritorio/bls-hsm/secure_module/zephyr/spm/mylib/src/libblst.a(server.o)
                0x00003b44                blst_p1_cneg
                0x00003b56                blst_p1_from_affine
                0x00003bb8                blst_p1_affine_on_curve
                0x00003bc0                blst_p1_on_curve
                0x00003cc4                blst_p1_affine_serialize
                0x00003cfa                blst_p1_affine_compress
                0x00003d44                blst_p1_is_equal
                0x00003d4c                blst_p1_is_inf
                0x00003d6a                blst_p1_generator
                0x00003d74                blst_p1_affine_is_inf
                0x00003d90                blst_p1_affine_generator
                0x00003d98                blst_p1_in_g1
                0x00003da0                blst_p1_affine_in_g1
                0x00003e08                blst_p2_cneg
                0x00003e1a                blst_p2_from_affine
                0x00003e70                blst_p2_affine_serialize
                0x00003ea6                blst_p2_affine_compress
                0x00003ef0                blst_p2_is_inf
                0x00003f0e                blst_p2_generator
                0x00003f18                blst_p2_affine_is_inf
                0x00003f34                blst_p2_affine_generator
                0x00003f3c                blst_fp12_conjugate
                0x00003f44                blst_fp12_is_equal
                0x00003f6c                blst_fp12_is_one
                0x00003fc0                blst_fp12_one
                0x00003fc8                blst_pairing_sizeof
                0x00003fce                blst_pairing_init
                0x00003fec                blst_pairing_get_dst
                0x00003ffa                mul_mont_sparse_256
                0x0000400e                sqr_mont_sparse_256
                0x00004024                mul_mont_384
                0x00004038                sqr_mont_384
                0x0000404e                add_mod_256
                0x0000405e                add_mod_384
                0x0000406e                sub_mod_256
                0x0000407e                sub_mod_384
                0x0000408e                mul_by_3_mod_256
                0x00004098                mul_by_3_mod_384
                0x000040a2                lshift_mod_256
                0x000040b2                lshift_mod_384
                0x000040c2                cneg_mod_256
                0x000040d2                cneg_mod_384
                0x000040e2                check_mod_256
                0x000040ec                from_mont_256
                0x000040fc                from_mont_384
                0x0000410c                redc_mont_256
                0x0000411c                redc_mont_384
                0x0000412c                rshift_mod_256
                0x0000413c                rshift_mod_384
                0x0000414c                div_by_2_mod_384
                0x00004162                eucl_inverse_mod_256
                0x00004172                sgn0_pty_mod_384
                0x0000417c                sgn0_pty_mont_384
                0x000041a0                sgn0_pty_mod_384x
                0x0000421a                sgn0_pty_mont_384x
                0x000042b0                mul_mont_384x
                0x00004590                blst_fp12_frobenius_map
                0x000049d4                blst_fp12_mul
                0x00004b7c                blst_fp12_sqr
                0x00004ec0                blst_fp12_mul_by_xy00z0
                0x00004ffc                blst_miller_loop_lines
                0x00005004                sqr_n_mul_mont_383
                0x000057ac                blst_p1_from_jacobian
                0x000057b4                blst_p1_to_affine
                0x00005848                blst_p1_serialize
                0x00005880                blst_p1_compress
                0x0000598c                blst_fp2_inverse
                0x00005994                blst_fp2_eucl_inverse
                0x0000599c                blst_fp_inverse
                0x000059a4                blst_fp_eucl_inverse
                0x000061d0                blst_p1_uncompress
                0x000061d8                blst_p1_deserialize
                0x0000623c                blst_aggregate_in_g1
                0x000062dc                blst_fp_sqrt
                0x00006678                blst_map_to_g1
                0x00006680                sqr_mont_382x
                0x00006784                ct_inverse_mod_383
                0x00006794                div_3_limbs
                0x000069d8                blst_sk_to_pk_in_g1
                0x000069e8                blst_sign_pk_in_g2
                0x000069f0                blst_sk_to_pk2_in_g1
                0x00006a50                blst_sign_pk2_in_g2
                0x00006aae                blst_p1_mult
                0x00006b8c                quot_rem_128
                0x00006b96                quot_rem_64
                0x00006ba0                blst_sha256_block_data_order
                0x00006db4                blst_sha256_hcopy
                0x00006dc8                blst_sha256_emit
                0x00006ea8                blst_sha256_bcopy
                0x000072d0                blst_encode_to_g1
                0x000072fa                blst_hash_to_g1
                0x0000745c                blst_keygen
                0x000076b0                mul_by_8_mod_384
                0x000076c6                mul_by_3_mod_384x
                0x000076e6                mul_by_8_mod_384x
                0x00007712                mul_by_1_plus_i_mod_384x
                0x00007760                add_mod_384x
                0x00007796                sub_mod_384x
                0x000077cc                sqr_mont_384x
                0x000078dc                blst_p2_from_jacobian
                0x00007934                blst_p2_to_affine
                0x00007988                blst_p2_serialize
                0x00007a0c                blst_p2_compress
                0x00007b14                blst_p2_affine_on_curve
                0x00007e2c                blst_p2_on_curve
                0x00008118                blst_fp2_sqrt
                0x000083bc                blst_p2_uncompress
                0x000083c4                blst_p2_deserialize
                0x00008530                blst_p2_is_equal
                0x0000922c                blst_p2_mult
                0x00009392                blst_p2_in_g2
                0x0000939a                blst_p2_affine_in_g2
                0x00009400                blst_pairing_merge
                0x0000964c                blst_sk_to_pk_in_g2
                0x0000965c                blst_sign_pk_in_g1
                0x00009664                blst_sk_to_pk2_in_g2
                0x000096c4                blst_sign_pk2_in_g1
                0x00009f3c                blst_map_to_g2
                0x00009f44                blst_encode_to_g2
                0x00009f6e                blst_hash_to_g2
                0x0000a35c                blst_fp12_cyclotomic_sqr
                0x0000a8d4                blst_fp12_inverse
                0x0000aa40                blst_final_exp
                0x0000b370                blst_miller_loop
                0x0000b630                blst_pairing_aggregate_pk_in_g2
                0x0000b65a                blst_pairing_mul_n_aggregate_pk_in_g2
                0x0000b69a                blst_pairing_chk_n_aggr_pk_in_g2
                0x0000b6c0                blst_pairing_chk_n_mul_n_aggr_pk_in_g2
                0x0000b758                blst_pairing_commit
                0x0000b85c                blst_pairing_finalverify
                0x0000b864                blst_core_verify_pk_in_g2
                0x0000b8cc                blst_aggregated_in_g1
                0x0000b8e0                blst_aggregated_in_g2
                0x0000b9ac                blst_precompute_lines
                0x0000c02c                blst_pairing_aggregate_pk_in_g1
                0x0000c056                blst_pairing_mul_n_aggregate_pk_in_g1
                0x0000c096                blst_pairing_chk_n_aggr_pk_in_g1
                0x0000c0bc                blst_pairing_chk_n_mul_n_aggr_pk_in_g1
                0x0000c102                blst_core_verify_pk_in_g1
                0x0000c16a                blst_aggregate_in_g2
                0x0000c508                blst_fr_add
                0x0000c520                blst_fr_sub
                0x0000c538                blst_fr_mul_by_3
                0x0000c548                blst_fr_lshift
                0x0000c560                blst_fr_rshift
                0x0000c578                blst_fr_mul
                0x0000c598                blst_fr_sqr
                0x0000c5b8                blst_fr_cneg
                0x0000c5dc                blst_fr_to
                0x0000c604                blst_fr_from
                0x0000c620                blst_fr_eucl_inverse
                0x0000c640                blst_fp_add
                0x0000c658                blst_fp_sub
                0x0000c670                blst_fp_mul_by_3
                0x0000c680                blst_fp_mul_by_8
                0x0000c69c                blst_fp_lshift
                0x0000c6b4                blst_fp_mul
                0x0000c6d4                blst_fp_sqr
                0x0000c6f8                blst_fp_cneg
                0x0000c71c                blst_fp_to
                0x0000c740                blst_fp_from
                0x0000c760                blst_fp_from_uint32
                0x0000c784                blst_uint32_from_fp
                0x0000c7a4                blst_fp_from_uint64
                0x0000c7c8                blst_uint64_from_fp
                0x0000c7e8                blst_fp_from_bendian
                0x0000c834                blst_bendian_from_fp
                0x0000c880                blst_fp_from_lendian
                0x0000c8cc                blst_lendian_from_fp
                0x0000c914                blst_fp2_add
                0x0000c950                blst_fp2_sub
                0x0000c98c                blst_fp2_mul_by_3
                0x0000c9b4                blst_fp2_mul_by_8
                0x0000c9e4                blst_fp2_lshift
                0x0000ca20                blst_fp2_mul
                0x0000ca3c                blst_fp2_sqr
                0x0000ca50                blst_fp2_cneg
                0x0000ca94                blst_p1_add
                0x0000ca9c                blst_p1_add_or_double
                0x0000caa6                blst_p1_add_affine
                0x0000caae                blst_p1_add_or_double_affine
                0x0000cab6                blst_p1_double
                0x0000cabe                blst_p1_affine_is_equal
                0x0000cae6                blst_p2_add
                0x0000caee                blst_p2_add_or_double
                0x0000caf8                blst_p2_add_affine
                0x0000cb00                blst_p2_add_or_double_affine
                0x0000cb08                blst_p2_double
                0x0000cb10                blst_p2_affine_is_equal
                0x0000cb38                blst_scalar_from_uint32
                0x0000cb68                blst_uint32_from_scalar
                0x0000cba2                blst_scalar_from_uint64
                0x0000cbf6                blst_uint64_from_scalar
                0x0000cc50                blst_scalar_from_bendian
                0x0000ccbe                blst_bendian_from_scalar
                0x0000cd28                blst_scalar_from_lendian
                0x0000cd42                blst_lendian_from_scalar
                0x0000cd5c                blst_scalar_fr_check
                0x0000cdec                blst_sk_check
                0x0000cdfc                blst_fr_from_uint64
                0x0000ce24                blst_uint64_from_fr
                0x0000ce40                blst_fr_from_scalar
                0x0000ce88                blst_scalar_from_fr
                0x0000cee0                blst_scalar_from_hexascii
                0x0000ceec                blst_fp_from_hexascii
                0x0000cf1c                blst_uniq_sizeof
                0x0000cf22                blst_uniq_init
                0x0000cf2a                blst_uniq_test
 .text          0x0000d0cc       0x2a c:/ncs/v1.6.0/toolchain/opt/bin/../lib/gcc/arm-none-eabi/9.2.1/thumb/v8-m.main/nofp\libgcc.a(cmse_nonsecure_call.o)
                0x0000d0cc                __gnu_cmse_nonsecure_call
 *(SORT_BY_ALIGNMENT(.text.*))
 *fill*         0x0000d0f6        0x2 
 .text.public_key_to_sk
                0x0000d0f8       0x88 app/libapp.a(main.c.obj)
                0x0000d0f8                __acle_se_public_key_to_sk
 .text.ikm_sk   0x0000d180       0x90 app/libapp.a(main.c.obj)
                0x0000d180                __acle_se_ikm_sk
 .text.sk_to_pk
                0x0000d210       0x20 app/libapp.a(main.c.obj)
                0x0000d210                __acle_se_sk_to_pk
 .text.sys_notify_finalize
                0x0000d230       0x3c zephyr/libzephyr.a(notify.c.obj)
                0x0000d230                sys_notify_finalize
 .text.char_out
                0x0000d26c       0x10 zephyr/libzephyr.a(printk.c.obj)
 .text.__printk_hook_install
                0x0000d27c        0xc zephyr/libzephyr.a(printk.c.obj)
                0x0000d27c                __printk_hook_install
 .text.vprintk  0x0000d288       0x1c zephyr/libzephyr.a(printk.c.obj)
                0x0000d288                vprintk
 .text.process_event
                0x0000d2a4      0x374 zephyr/libzephyr.a(onoff.c.obj)
 .text.transition_complete
                0x0000d618       0x54 zephyr/libzephyr.a(onoff.c.obj)
 .text.onoff_request
                0x0000d66c      0x108 zephyr/libzephyr.a(onoff.c.obj)
                0x0000d66c                onoff_request
 .text.cbvprintf
                0x0000d774      0x780 zephyr/libzephyr.a(cbprintf_complete.c.obj)
                0x0000d774                cbvprintf
 .text.sys_reboot
                0x0000def4       0x30 zephyr/libzephyr.a(reboot.c.obj)
                0x0000def4                sys_reboot
 .text.nrf_gpio_pin_port_decode
                0x0000df24       0x78 zephyr/libzephyr.a(soc.c.obj)
 .text.nordicsemi_nrf53_init
                0x0000df9c       0x84 zephyr/libzephyr.a(soc.c.obj)
 .text.arch_busy_wait
                0x0000e020       0x24 zephyr/libzephyr.a(soc.c.obj)
                0x0000e020                arch_busy_wait
 .text.pm_power_state_set
                0x0000e044       0x28 zephyr/libzephyr.a(power.c.obj)
                0x0000e044                pm_power_state_set
 .text.pm_state_notify
                0x0000e06c       0x90 zephyr/libzephyr.a(power.c.obj)
 .text.pm_system_resume
                0x0000e0fc       0x2c zephyr/libzephyr.a(power.c.obj)
                0x0000e0fc                pm_system_resume
 .text.pm_system_suspend
                0x0000e128       0x94 zephyr/libzephyr.a(power.c.obj)
                0x0000e128                pm_system_suspend
 .text.uart_console_init
                0x0000e1bc       0x2c zephyr/libzephyr.a(uart_console.c.obj)
 .text.console_out
                0x0000e1e8       0x28 zephyr/libzephyr.a(uart_console.c.obj)
 .text.onoff_start
                0x0000e210       0x4c zephyr/libzephyr.a(clock_control_nrf.c.obj)
 .text.get_status
                0x0000e25c       0x38 zephyr/libzephyr.a(clock_control_nrf.c.obj)
 .text.stop     0x0000e294       0x7c zephyr/libzephyr.a(clock_control_nrf.c.obj)
 .text.onoff_stop
                0x0000e310       0x28 zephyr/libzephyr.a(clock_control_nrf.c.obj)
 .text.clk_init
                0x0000e338       0x68 zephyr/libzephyr.a(clock_control_nrf.c.obj)
 .text.clkstarted_handle.constprop.0
                0x0000e3a0       0x38 zephyr/libzephyr.a(clock_control_nrf.c.obj)
 .text.clock_event_handler
                0x0000e3d8       0x6c zephyr/libzephyr.a(clock_control_nrf.c.obj)
 .text.generic_hfclk_start
                0x0000e444       0x64 zephyr/libzephyr.a(clock_control_nrf.c.obj)
 .text.generic_hfclk_stop
                0x0000e4a8       0x24 zephyr/libzephyr.a(clock_control_nrf.c.obj)
 .text.api_blocking_start
                0x0000e4cc       0x34 zephyr/libzephyr.a(clock_control_nrf.c.obj)
 .text.z_nrf_clock_control_lf_on
                0x0000e500      0x148 zephyr/libzephyr.a(clock_control_nrf.c.obj)
                0x0000e500                z_nrf_clock_control_lf_on
 .text.sys_clock_isr
                0x0000e648       0x24 zephyr/libzephyr.a(sys_clock_init.c.obj)
                0x0000e648                sys_clock_isr
 .text.sys_clock_timeout_handler
                0x0000e66c       0x18 zephyr/libzephyr.a(nrf_rtc_timer.c.obj)
 .text.set_absolute_alarm
                0x0000e684       0x98 zephyr/libzephyr.a(nrf_rtc_timer.c.obj)
 .text.rtc_nrf_isr
                0x0000e71c       0x50 zephyr/libzephyr.a(nrf_rtc_timer.c.obj)
                0x0000e71c                rtc_nrf_isr
 .text.sys_clock_driver_init
                0x0000e76c       0x54 zephyr/libzephyr.a(nrf_rtc_timer.c.obj)
                0x0000e76c                sys_clock_driver_init
 .text.sys_clock_set_timeout
                0x0000e7c0       0x64 zephyr/libzephyr.a(nrf_rtc_timer.c.obj)
                0x0000e7c0                sys_clock_set_timeout
 .text.sys_clock_elapsed
                0x0000e824       0x1c zephyr/libzephyr.a(nrf_rtc_timer.c.obj)
                0x0000e824                sys_clock_elapsed
 .text.__NVIC_DisableIRQ
                0x0000e840       0x28 zephyr/libzephyr.a(spm.c.obj)
 .text.config_regions
                0x0000e868       0xd8 zephyr/libzephyr.a(spm.c.obj)
 .text.spm_jump
                0x0000e940       0xc0 zephyr/libzephyr.a(spm.c.obj)
                0x0000e940                spm_jump
 .text.spm_config
                0x0000ea00      0x1d0 zephyr/libzephyr.a(spm.c.obj)
                0x0000ea00                spm_config
 .text.spm_secure_services_init
                0x0000ebd0       0x10 zephyr/libzephyr.a(secure_services.c.obj)
                0x0000ebd0                spm_secure_services_init
 .text.spm_request_random_number_nse
                0x0000ebe0       0x48 zephyr/libzephyr.a(secure_services.c.obj)
                0x0000ebe0                __acle_se_spm_request_random_number_nse
 .text.nrf_cc3xx_platform_abort_init
                0x0000ec28        0xc zephyr/libzephyr.a(nrf_cc3xx_platform_abort_zephyr.c.obj)
                0x0000ec28                nrf_cc3xx_platform_abort_init
 .text.mutex_unlock_platform
                0x0000ec34       0x60 zephyr/libzephyr.a(nrf_cc3xx_platform_mutex_zephyr.c.obj)
 .text.mutex_free_platform
                0x0000ec94       0x48 zephyr/libzephyr.a(nrf_cc3xx_platform_mutex_zephyr.c.obj)
 .text.mutex_init_platform
                0x0000ecdc       0x70 zephyr/libzephyr.a(nrf_cc3xx_platform_mutex_zephyr.c.obj)
 .text.mutex_lock_platform
                0x0000ed4c       0x68 zephyr/libzephyr.a(nrf_cc3xx_platform_mutex_zephyr.c.obj)
 .text.nrf_cc3xx_platform_mutex_init
                0x0000edb4       0x2c zephyr/libzephyr.a(nrf_cc3xx_platform_mutex_zephyr.c.obj)
                0x0000edb4                nrf_cc3xx_platform_mutex_init
 .text.arch_swap
                0x0000ede0       0x34 zephyr/arch/arch/arm/core/aarch32/libarch__arm__core__aarch32.a(swap.c.obj)
                0x0000ede0                arch_swap
 .text.z_arm_pendsv
                0x0000ee14       0x58 zephyr/arch/arch/arm/core/aarch32/libarch__arm__core__aarch32.a(swap_helper.S.obj)
                0x0000ee14                z_arm_pendsv
 .text.z_arm_svc
                0x0000ee6c       0x20 zephyr/arch/arch/arm/core/aarch32/libarch__arm__core__aarch32.a(swap_helper.S.obj)
                0x0000ee6c                z_arm_svc
 .text.arch_irq_enable
                0x0000ee8c       0x20 zephyr/arch/arch/arm/core/aarch32/libarch__arm__core__aarch32.a(irq_manage.c.obj)
                0x0000ee8c                arch_irq_enable
 .text.arch_irq_is_enabled
                0x0000eeac       0x1c zephyr/arch/arch/arm/core/aarch32/libarch__arm__core__aarch32.a(irq_manage.c.obj)
                0x0000eeac                arch_irq_is_enabled
 .text.z_arm_irq_priority_set
                0x0000eec8       0x4c zephyr/arch/arch/arm/core/aarch32/libarch__arm__core__aarch32.a(irq_manage.c.obj)
                0x0000eec8                z_arm_irq_priority_set
 .text.arch_new_thread
                0x0000ef14       0x38 zephyr/arch/arch/arm/core/aarch32/libarch__arm__core__aarch32.a(thread.c.obj)
                0x0000ef14                arch_new_thread
 .text.arch_switch_to_main_thread
                0x0000ef4c       0x28 zephyr/arch/arch/arm/core/aarch32/libarch__arm__core__aarch32.a(thread.c.obj)
                0x0000ef4c                arch_switch_to_main_thread
 .text.z_arm_cpu_idle_init
                0x0000ef74        0xc zephyr/arch/arch/arm/core/aarch32/libarch__arm__core__aarch32.a(cpu_idle.S.obj)
                0x0000ef74                z_arm_cpu_idle_init
 .text.arch_cpu_idle
                0x0000ef80       0x1c zephyr/arch/arch/arm/core/aarch32/libarch__arm__core__aarch32.a(cpu_idle.S.obj)
                0x0000ef80                arch_cpu_idle
 .text.arch_cpu_atomic_idle
                0x0000ef9c       0x14 zephyr/arch/arch/arm/core/aarch32/libarch__arm__core__aarch32.a(cpu_idle.S.obj)
                0x0000ef9c                arch_cpu_atomic_idle
 .text.z_arm_fatal_error
                0x0000efb0       0x5c zephyr/arch/arch/arm/core/aarch32/libarch__arm__core__aarch32.a(fatal.c.obj)
                0x0000efb0                z_arm_fatal_error
 .text.z_SysNmiOnReset
                0x0000f00c        0x8 zephyr/arch/arch/arm/core/aarch32/libarch__arm__core__aarch32.a(nmi_on_reset.S.obj)
                0x0000f00c                z_SysNmiOnReset
 .text.z_arm_prep_c
                0x0000f014       0x38 zephyr/arch/arch/arm/core/aarch32/libarch__arm__core__aarch32.a(prep_c.c.obj)
                0x0000f014                z_arm_prep_c
 .text._isr_wrapper
                0x0000f04c       0x40 zephyr/arch/arch/arm/core/aarch32/libarch__arm__core__aarch32.a(isr_wrapper.S.obj)
                0x0000f04c                _isr_wrapper
 .text._reset_section
                0x0000f08c       0x60 zephyr/arch/arch/arm/core/aarch32/cortex_m/libarch__arm__core__aarch32__cortex_m.a(reset.S.obj)
                0x0000f08c                __start
                0x0000f08c                z_arm_reset
 .text.__fault  0x0000f0ec       0x14 zephyr/arch/arch/arm/core/aarch32/cortex_m/libarch__arm__core__aarch32__cortex_m.a(fault_s.S.obj)
                0x0000f0ec                z_arm_bus_fault
                0x0000f0ec                z_arm_usage_fault
                0x0000f0ec                z_arm_mpu_fault
                0x0000f0ec                z_arm_exc_spurious
                0x0000f0ec                z_arm_debug_monitor
                0x0000f0ec                z_arm_hard_fault
                0x0000f0ec                z_arm_secure_fault
 .text.mem_manage_fault.isra.0
                0x0000f100       0xd8 zephyr/arch/arch/arm/core/aarch32/cortex_m/libarch__arm__core__aarch32__cortex_m.a(fault.c.obj)
 .text.bus_fault.isra.0
                0x0000f1d8       0xb4 zephyr/arch/arch/arm/core/aarch32/cortex_m/libarch__arm__core__aarch32__cortex_m.a(fault.c.obj)
 .text.usage_fault.isra.0
                0x0000f28c       0xac zephyr/arch/arch/arm/core/aarch32/cortex_m/libarch__arm__core__aarch32__cortex_m.a(fault.c.obj)
 .text.secure_fault.isra.0
                0x0000f338       0xa4 zephyr/arch/arch/arm/core/aarch32/cortex_m/libarch__arm__core__aarch32__cortex_m.a(fault.c.obj)
 .text.z_arm_fault
                0x0000f3dc      0x1d0 zephyr/arch/arch/arm/core/aarch32/cortex_m/libarch__arm__core__aarch32__cortex_m.a(fault.c.obj)
                0x0000f3dc                z_arm_fault
 .text.z_arm_fault_init
                0x0000f5ac       0x18 zephyr/arch/arch/arm/core/aarch32/cortex_m/libarch__arm__core__aarch32__cortex_m.a(fault.c.obj)
                0x0000f5ac                z_arm_fault_init
 .text._HandlerModeExit
                0x0000f5c4       0x1c zephyr/arch/arch/arm/core/aarch32/cortex_m/libarch__arm__core__aarch32__cortex_m.a(exc_exit.S.obj)
                0x0000f5c4                z_arm_int_exit
                0x0000f5c4                z_arm_exc_exit
 .text.sys_arch_reboot
                0x0000f5e0       0x24 zephyr/arch/arch/arm/core/aarch32/cortex_m/libarch__arm__core__aarch32__cortex_m.a(scb.c.obj)
                0x0000f5e0                sys_arch_reboot
 .text.z_arm_clear_arm_mpu_config
                0x0000f604       0x20 zephyr/arch/arch/arm/core/aarch32/cortex_m/libarch__arm__core__aarch32__cortex_m.a(scb.c.obj)
                0x0000f604                z_arm_clear_arm_mpu_config
 .text.z_arm_init_arch_hw_at_boot
                0x0000f624       0x4c zephyr/arch/arch/arm/core/aarch32/cortex_m/libarch__arm__core__aarch32__cortex_m.a(scb.c.obj)
                0x0000f624                z_arm_init_arch_hw_at_boot
 .text.z_arm_interrupt_init
                0x0000f670       0x18 zephyr/arch/arch/arm/core/aarch32/cortex_m/libarch__arm__core__aarch32__cortex_m.a(irq_init.c.obj)
                0x0000f670                z_arm_interrupt_init
 .text.z_impl_k_thread_abort
                0x0000f688       0x24 zephyr/arch/arch/arm/core/aarch32/cortex_m/libarch__arm__core__aarch32__cortex_m.a(thread_abort.c.obj)
                0x0000f688                z_impl_k_thread_abort
 .text.tz_nonsecure_state_setup
                0x0000f6ac       0x38 zephyr/arch/arch/arm/core/aarch32/cortex_m/tz/libarch__arm__core__aarch32__cortex_m__tz.a(arm_core_tz.c.obj)
                0x0000f6ac                tz_nonsecure_state_setup
 .text.tz_nbanked_exception_target_state_set
                0x0000f6e4       0x28 zephyr/arch/arch/arm/core/aarch32/cortex_m/tz/libarch__arm__core__aarch32__cortex_m__tz.a(arm_core_tz.c.obj)
                0x0000f6e4                tz_nbanked_exception_target_state_set
 .text.tz_nonsecure_exception_prio_config
                0x0000f70c       0x28 zephyr/arch/arch/arm/core/aarch32/cortex_m/tz/libarch__arm__core__aarch32__cortex_m__tz.a(arm_core_tz.c.obj)
                0x0000f70c                tz_nonsecure_exception_prio_config
 .text.tz_nonsecure_system_reset_req_block
                0x0000f734       0x28 zephyr/arch/arch/arm/core/aarch32/cortex_m/tz/libarch__arm__core__aarch32__cortex_m__tz.a(arm_core_tz.c.obj)
                0x0000f734                tz_nonsecure_system_reset_req_block
 .text.tz_nonsecure_fpu_access_enable
                0x0000f75c       0x14 zephyr/arch/arch/arm/core/aarch32/cortex_m/tz/libarch__arm__core__aarch32__cortex_m__tz.a(arm_core_tz.c.obj)
                0x0000f75c                tz_nonsecure_fpu_access_enable
 .text.tz_sau_configure
                0x0000f770       0x28 zephyr/arch/arch/arm/core/aarch32/cortex_m/tz/libarch__arm__core__aarch32__cortex_m__tz.a(arm_core_tz.c.obj)
                0x0000f770                tz_sau_configure
 .text.z_arm_configure_static_mpu_regions
                0x0000f798       0x38 zephyr/arch/arch/arm/core/aarch32/mpu/libarch__arm__core__aarch32__mpu.a(arm_core_mpu.c.obj)
                0x0000f798                z_arm_configure_static_mpu_regions
 .text.region_init
                0x0000f7d0       0x30 zephyr/arch/arch/arm/core/aarch32/mpu/libarch__arm__core__aarch32__mpu.a(arm_mpu.c.obj)
 .text.mpu_configure_region
                0x0000f800       0x50 zephyr/arch/arch/arm/core/aarch32/mpu/libarch__arm__core__aarch32__mpu.a(arm_mpu.c.obj)
 .text.mpu_configure_regions_and_partition.constprop.0
                0x0000f850      0x168 zephyr/arch/arch/arm/core/aarch32/mpu/libarch__arm__core__aarch32__mpu.a(arm_mpu.c.obj)
 .text.arm_core_mpu_enable
                0x0000f9b8       0x14 zephyr/arch/arch/arm/core/aarch32/mpu/libarch__arm__core__aarch32__mpu.a(arm_mpu.c.obj)
                0x0000f9b8                arm_core_mpu_enable
 .text.arm_core_mpu_disable
                0x0000f9cc       0x10 zephyr/arch/arch/arm/core/aarch32/mpu/libarch__arm__core__aarch32__mpu.a(arm_mpu.c.obj)
                0x0000f9cc                arm_core_mpu_disable
 .text.arm_core_mpu_configure_static_mpu_regions
                0x0000f9dc       0x38 zephyr/arch/arch/arm/core/aarch32/mpu/libarch__arm__core__aarch32__mpu.a(arm_mpu.c.obj)
                0x0000f9dc                arm_core_mpu_configure_static_mpu_regions
 .text.arm_core_mpu_mark_areas_for_dynamic_regions
                0x0000fa14       0xd0 zephyr/arch/arch/arm/core/aarch32/mpu/libarch__arm__core__aarch32__mpu.a(arm_mpu.c.obj)
                0x0000fa14                arm_core_mpu_mark_areas_for_dynamic_regions
 .text.z_arm_mpu_init
                0x0000fae4       0x88 zephyr/arch/arch/arm/core/aarch32/mpu/libarch__arm__core__aarch32__mpu.a(arm_mpu.c.obj)
                0x0000fae4                z_arm_mpu_init
 .text.__stdout_hook_install
                0x0000fb6c        0xc zephyr/lib/libc/minimal/liblib__libc__minimal.a(stdout_console.c.obj)
                0x0000fb6c                __stdout_hook_install
 .text.uarte_nrfx_configure
                0x0000fb78      0x184 zephyr/drivers/serial/libdrivers__serial.a(uart_nrfx_uarte.c.obj)
 .text.nrf_gpio_pin_port_decode
                0x0000fcfc       0x78 zephyr/drivers/serial/libdrivers__serial.a(uart_nrfx_uarte.c.obj)
 .text.uarte_nrfx_poll_out
                0x0000fd74       0xc4 zephyr/drivers/serial/libdrivers__serial.a(uart_nrfx_uarte.c.obj)
 .text.entropy_cc3xx_rng_get_entropy
                0x0000fe38       0x80 zephyr/drivers/entropy/libdrivers__entropy.a(entropy_cc310.c.obj)
 .text.entropy_cc3xx_rng_init
                0x0000feb8       0x1c zephyr/drivers/entropy/libdrivers__entropy.a(entropy_cc310.c.obj)
 .text.k_sys_fatal_error_handler
                0x0000fed4       0x14 modules/nrf/lib/fatal_error/lib..__nrf__lib__fatal_error.a(fatal_error.c.obj)
                0x0000fed4                k_sys_fatal_error_handler
 .text.check_ext_api_requests
                0x0000fee8       0x9c modules/nrf/subsys/fw_info/lib..__nrf__subsys__fw_info.a(fw_info.c.obj)
 .text.nrf53_errata_42
                0x0000ff84       0x28 modules/hal_nordic/nrfx/libmodules__hal_nordic__nrfx.a(system_nrf5340_application.c.obj)
 .text.SystemCoreClockUpdate
                0x0000ffac       0x20 modules/hal_nordic/nrfx/libmodules__hal_nordic__nrfx.a(system_nrf5340_application.c.obj)
                0x0000ffac                SystemCoreClockUpdate
 .text.SystemInit
                0x0000ffcc      0x128 modules/hal_nordic/nrfx/libmodules__hal_nordic__nrfx.a(system_nrf5340_application.c.obj)
                0x0000ffcc                SystemInit
 .text.nrfx_clock_init
                0x000100f4       0x40 modules/hal_nordic/nrfx/libmodules__hal_nordic__nrfx.a(nrfx_clock.c.obj)
                0x000100f4                nrfx_clock_init
 .text.nrfx_clock_enable
                0x00010134       0x44 modules/hal_nordic/nrfx/libmodules__hal_nordic__nrfx.a(nrfx_clock.c.obj)
                0x00010134                nrfx_clock_enable
 .text.nrfx_clock_start
                0x00010178       0xec modules/hal_nordic/nrfx/libmodules__hal_nordic__nrfx.a(nrfx_clock.c.obj)
                0x00010178                nrfx_clock_start
 .text.nrfx_clock_stop
                0x00010264      0x138 modules/hal_nordic/nrfx/libmodules__hal_nordic__nrfx.a(nrfx_clock.c.obj)
                0x00010264                nrfx_clock_stop
 .text.nrfx_power_clock_irq_handler
                0x0001039c       0xb0 modules/hal_nordic/nrfx/libmodules__hal_nordic__nrfx.a(nrfx_clock.c.obj)
                0x0001039c                nrfx_power_clock_irq_handler
 .text.z_sys_init_run_level
                0x0001044c       0x40 zephyr/kernel/libkernel.a(device.c.obj)
                0x0001044c                z_sys_init_run_level
 .text.z_impl_device_get_binding
                0x0001048c       0x58 zephyr/kernel/libkernel.a(device.c.obj)
                0x0001048c                z_impl_device_get_binding
 .text.z_fatal_error
                0x000104e4       0xb8 zephyr/kernel/libkernel.a(fatal.c.obj)
                0x000104e4                z_fatal_error
 .text.z_bss_zero
                0x0001059c       0x14 zephyr/kernel/libkernel.a(init.c.obj)
                0x0001059c                z_bss_zero
 .text.bg_thread_main
                0x000105b0       0x34 zephyr/kernel/libkernel.a(init.c.obj)
 .text.z_cstart
                0x000105e4      0x12c zephyr/kernel/libkernel.a(init.c.obj)
                0x000105e4                z_cstart
 .text.init_mem_slab_module
                0x00010710       0x68 zephyr/kernel/libkernel.a(mem_slab.c.obj)
 .text.k_mem_slab_alloc
                0x00010778       0xb4 zephyr/kernel/libkernel.a(mem_slab.c.obj)
                0x00010778                k_mem_slab_alloc
 .text.k_mem_slab_free
                0x0001082c       0xa4 zephyr/kernel/libkernel.a(mem_slab.c.obj)
                0x0001082c                k_mem_slab_free
 .text.z_setup_new_thread
                0x000108d0       0xa8 zephyr/kernel/libkernel.a(thread.c.obj)
                0x000108d0                z_setup_new_thread
 .text.z_init_static_threads
                0x00010978      0x100 zephyr/kernel/libkernel.a(thread.c.obj)
                0x00010978                z_init_static_threads
 .text.z_spin_lock_valid
                0x00010a78       0x1c zephyr/kernel/libkernel.a(thread.c.obj)
                0x00010a78                z_spin_lock_valid
 .text.z_spin_unlock_valid
                0x00010a94       0x1c zephyr/kernel/libkernel.a(thread.c.obj)
                0x00010a94                z_spin_unlock_valid
 .text.z_spin_lock_set_owner
                0x00010ab0       0x10 zephyr/kernel/libkernel.a(thread.c.obj)
                0x00010ab0                z_spin_lock_set_owner
 .text.idle     0x00010ac0       0x2c zephyr/kernel/libkernel.a(idle.c.obj)
                0x00010ac0                idle
 .text.z_impl_k_mutex_lock
                0x00010aec      0x1a4 zephyr/kernel/libkernel.a(mutex.c.obj)
                0x00010aec                z_impl_k_mutex_lock
 .text.z_impl_k_mutex_unlock
                0x00010c90      0x138 zephyr/kernel/libkernel.a(mutex.c.obj)
                0x00010c90                z_impl_k_mutex_unlock
 .text.z_impl_k_sem_give
                0x00010dc8       0x6c zephyr/kernel/libkernel.a(sem.c.obj)
                0x00010dc8                z_impl_k_sem_give
 .text.z_impl_k_sem_take
                0x00010e34       0xd4 zephyr/kernel/libkernel.a(sem.c.obj)
                0x00010e34                z_impl_k_sem_take
 .text.z_reset_time_slice
                0x00010f08       0x2c zephyr/kernel/libkernel.a(sched.c.obj)
                0x00010f08                z_reset_time_slice
 .text.k_sched_time_slice_set
                0x00010f34       0xa8 zephyr/kernel/libkernel.a(sched.c.obj)
                0x00010f34                k_sched_time_slice_set
 .text.z_reschedule
                0x00010fdc       0x6c zephyr/kernel/libkernel.a(sched.c.obj)
                0x00010fdc                z_reschedule
 .text.k_sched_lock
                0x00011048       0xa8 zephyr/kernel/libkernel.a(sched.c.obj)
                0x00011048                k_sched_lock
 .text.z_priq_dumb_remove
                0x000110f0       0x3c zephyr/kernel/libkernel.a(sched.c.obj)
                0x000110f0                z_priq_dumb_remove
 .text.unpend_thread_no_timeout
                0x0001112c       0x3c zephyr/kernel/libkernel.a(sched.c.obj)
 .text.update_cache
                0x00011168       0x60 zephyr/kernel/libkernel.a(sched.c.obj)
 .text.unready_thread
                0x000111c8       0x38 zephyr/kernel/libkernel.a(sched.c.obj)
 .text.add_to_waitq_locked
                0x00011200       0x84 zephyr/kernel/libkernel.a(sched.c.obj)
 .text.pend     0x00011284       0x98 zephyr/kernel/libkernel.a(sched.c.obj)
 .text.z_pend_curr
                0x0001131c       0x4c zephyr/kernel/libkernel.a(sched.c.obj)
                0x0001131c                z_pend_curr
 .text.z_impl_k_thread_suspend
                0x00011368       0xb0 zephyr/kernel/libkernel.a(sched.c.obj)
                0x00011368                z_impl_k_thread_suspend
 .text.k_sched_unlock
                0x00011418       0xb8 zephyr/kernel/libkernel.a(sched.c.obj)
                0x00011418                k_sched_unlock
 .text.move_thread_to_end_of_prio_q
                0x000114d0       0xac zephyr/kernel/libkernel.a(sched.c.obj)
 .text.z_time_slice
                0x0001157c       0xcc zephyr/kernel/libkernel.a(sched.c.obj)
                0x0001157c                z_time_slice
 .text.ready_thread
                0x00011648       0xa0 zephyr/kernel/libkernel.a(sched.c.obj)
 .text.z_ready_thread
                0x000116e8       0x6c zephyr/kernel/libkernel.a(sched.c.obj)
                0x000116e8                z_ready_thread
 .text.z_sched_start
                0x00011754       0x84 zephyr/kernel/libkernel.a(sched.c.obj)
                0x00011754                z_sched_start
 .text.z_thread_timeout
                0x000117d8       0x90 zephyr/kernel/libkernel.a(sched.c.obj)
                0x000117d8                z_thread_timeout
 .text.z_set_prio
                0x00011868      0x114 zephyr/kernel/libkernel.a(sched.c.obj)
                0x00011868                z_set_prio
 .text.z_unpend_first_thread
                0x0001197c       0x7c zephyr/kernel/libkernel.a(sched.c.obj)
                0x0001197c                z_unpend_first_thread
 .text.z_sched_init
                0x000119f8       0x18 zephyr/kernel/libkernel.a(sched.c.obj)
                0x000119f8                z_sched_init
 .text.z_impl_k_yield
                0x00011a10      0x128 zephyr/kernel/libkernel.a(sched.c.obj)
                0x00011a10                z_impl_k_yield
 .text.z_tick_sleep
                0x00011b38      0x100 zephyr/kernel/libkernel.a(sched.c.obj)
 .text.z_impl_k_sleep
                0x00011c38       0x60 zephyr/kernel/libkernel.a(sched.c.obj)
                0x00011c38                z_impl_k_sleep
 .text.z_impl_k_current_get
                0x00011c98        0xc zephyr/kernel/libkernel.a(sched.c.obj)
                0x00011c98                z_impl_k_current_get
 .text.z_thread_abort
                0x00011ca4      0x128 zephyr/kernel/libkernel.a(sched.c.obj)
                0x00011ca4                z_thread_abort
 .text.z_data_copy
                0x00011dcc       0x34 zephyr/kernel/libkernel.a(xip.c.obj)
                0x00011dcc                z_data_copy
 .text.elapsed  0x00011e00       0x14 zephyr/kernel/libkernel.a(timeout.c.obj)
 .text.remove_timeout
                0x00011e14       0x34 zephyr/kernel/libkernel.a(timeout.c.obj)
 .text.next_timeout
                0x00011e48       0x58 zephyr/kernel/libkernel.a(timeout.c.obj)
 .text.z_add_timeout
                0x00011ea0      0x174 zephyr/kernel/libkernel.a(timeout.c.obj)
                0x00011ea0                z_add_timeout
 .text.z_abort_timeout
                0x00012014       0x78 zephyr/kernel/libkernel.a(timeout.c.obj)
                0x00012014                z_abort_timeout
 .text.z_get_next_timeout_expiry
                0x0001208c       0x6c zephyr/kernel/libkernel.a(timeout.c.obj)
                0x0001208c                z_get_next_timeout_expiry
 .text.z_set_timeout_expiry
                0x000120f8       0x7c zephyr/kernel/libkernel.a(timeout.c.obj)
                0x000120f8                z_set_timeout_expiry
 .text.sys_clock_announce
                0x00012174      0x168 zephyr/kernel/libkernel.a(timeout.c.obj)
                0x00012174                sys_clock_announce
 .text.sys_clock_tick_get
                0x000122dc       0x7c zephyr/kernel/libkernel.a(timeout.c.obj)
                0x000122dc                sys_clock_tick_get
 .text.boot_banner
                0x00012358       0x18 zephyr/kernel/libkernel.a(banner.c.obj)
                0x00012358                boot_banner
 .text.nrf_cc3xx_platform_init
                0x00012370       0x44 C:/ncs/v1.6.0/nrfxlib/crypto/nrf_cc312_platform/lib/cortex-m33/soft-float/no-interrupts/libnrf_cc312_platform_0.9.10.a(nrf_cc3xx_platform.c.obj)
                0x00012370                nrf_cc3xx_platform_init
 .text.nrf_cc3xx_platform_abort
                0x000123b4       0x24 C:/ncs/v1.6.0/nrfxlib/crypto/nrf_cc312_platform/lib/cortex-m33/soft-float/no-interrupts/libnrf_cc312_platform_0.9.10.a(nrf_cc3xx_platform_abort.c.obj)
 .text.CC_PalAbort
                0x000123d8       0x40 C:/ncs/v1.6.0/nrfxlib/crypto/nrf_cc312_platform/lib/cortex-m33/soft-float/no-interrupts/libnrf_cc312_platform_0.9.10.a(nrf_cc3xx_platform_abort.c.obj)
                0x000123d8                CC_PalAbort
 .text.nrf_cc3xx_platform_set_abort
                0x00012418       0x10 C:/ncs/v1.6.0/nrfxlib/crypto/nrf_cc312_platform/lib/cortex-m33/soft-float/no-interrupts/libnrf_cc312_platform_0.9.10.a(nrf_cc3xx_platform_abort.c.obj)
                0x00012418                nrf_cc3xx_platform_set_abort
 .text.nrf_cc3xx_platform_ctr_drbg_init
                0x00012428       0x68 C:/ncs/v1.6.0/nrfxlib/crypto/nrf_cc312_platform/lib/cortex-m33/soft-float/no-interrupts/libnrf_cc312_platform_0.9.10.a(nrf_cc3xx_platform_ctr_drbg.c.obj)
                0x00012428                nrf_cc3xx_platform_ctr_drbg_init
 .text.nrf_cc3xx_platform_ctr_drbg_get
                0x00012490       0x44 C:/ncs/v1.6.0/nrfxlib/crypto/nrf_cc312_platform/lib/cortex-m33/soft-float/no-interrupts/libnrf_cc312_platform_0.9.10.a(nrf_cc3xx_platform_ctr_drbg.c.obj)
                0x00012490                nrf_cc3xx_platform_ctr_drbg_get
 .text.mutex_unlock
                0x000124d4       0x20 C:/ncs/v1.6.0/nrfxlib/crypto/nrf_cc312_platform/lib/cortex-m33/soft-float/no-interrupts/libnrf_cc312_platform_0.9.10.a(nrf_cc3xx_platform_mutex.c.obj)
 .text.mutex_free
                0x000124f4       0x24 C:/ncs/v1.6.0/nrfxlib/crypto/nrf_cc312_platform/lib/cortex-m33/soft-float/no-interrupts/libnrf_cc312_platform_0.9.10.a(nrf_cc3xx_platform_mutex.c.obj)
 .text.mutex_init
                0x00012518       0x20 C:/ncs/v1.6.0/nrfxlib/crypto/nrf_cc312_platform/lib/cortex-m33/soft-float/no-interrupts/libnrf_cc312_platform_0.9.10.a(nrf_cc3xx_platform_mutex.c.obj)
 .text.mutex_lock
                0x00012538       0x30 C:/ncs/v1.6.0/nrfxlib/crypto/nrf_cc312_platform/lib/cortex-m33/soft-float/no-interrupts/libnrf_cc312_platform_0.9.10.a(nrf_cc3xx_platform_mutex.c.obj)
 .text.nrf_cc3xx_platform_set_mutexes
                0x00012568       0x38 C:/ncs/v1.6.0/nrfxlib/crypto/nrf_cc312_platform/lib/cortex-m33/soft-float/no-interrupts/libnrf_cc312_platform_0.9.10.a(nrf_cc3xx_platform_mutex.c.obj)
                0x00012568                nrf_cc3xx_platform_set_mutexes
 .text.entropy_update
                0x000125a0       0x7c C:/ncs/v1.6.0/nrfxlib/crypto/nrf_cc312_platform/lib/cortex-m33/soft-float/no-interrupts/libnrf_cc312_platform_0.9.10.a(entropy.c.obj)
 .text.entropy_gather_internal.part.0
                0x0001261c       0x78 C:/ncs/v1.6.0/nrfxlib/crypto/nrf_cc312_platform/lib/cortex-m33/soft-float/no-interrupts/libnrf_cc312_platform_0.9.10.a(entropy.c.obj)
 .text.cc_mbedtls_entropy_init
                0x00012694       0x80 C:/ncs/v1.6.0/nrfxlib/crypto/nrf_cc312_platform/lib/cortex-m33/soft-float/no-interrupts/libnrf_cc312_platform_0.9.10.a(entropy.c.obj)
                0x00012694                cc_mbedtls_entropy_init
 .text.cc_mbedtls_entropy_func
                0x00012714      0x10c C:/ncs/v1.6.0/nrfxlib/crypto/nrf_cc312_platform/lib/cortex-m33/soft-float/no-interrupts/libnrf_cc312_platform_0.9.10.a(entropy.c.obj)
                0x00012714                cc_mbedtls_entropy_func
 .text.RndStartupTest.constprop.0
                0x00012820       0xac C:/ncs/v1.6.0/nrfxlib/crypto/nrf_cc312_platform/lib/cortex-m33/soft-float/no-interrupts/libnrf_cc312_platform_0.9.10.a(cc_lib.c.obj)
 .text.CC_LibInit
                0x000128cc       0x5c C:/ncs/v1.6.0/nrfxlib/crypto/nrf_cc312_platform/lib/cortex-m33/soft-float/no-interrupts/libnrf_cc312_platform_0.9.10.a(cc_lib.c.obj)
                0x000128cc                CC_LibInit
 .text.CC_HalInit
                0x00012928        0x4 C:/ncs/v1.6.0/nrfxlib/crypto/nrf_cc312_platform/lib/cortex-m33/soft-float/no-interrupts/libnrf_cc312_platform_0.9.10.a(cc_hal.c.obj)
                0x00012928                CC_HalInit
 .text.CC_HalClearInterruptBit
                0x0001292c       0x1c C:/ncs/v1.6.0/nrfxlib/crypto/nrf_cc312_platform/lib/cortex-m33/soft-float/no-interrupts/libnrf_cc312_platform_0.9.10.a(cc_hal.c.obj)
                0x0001292c                CC_HalClearInterruptBit
 .text.CC_HalMaskInterrupt
                0x00012948        0xc C:/ncs/v1.6.0/nrfxlib/crypto/nrf_cc312_platform/lib/cortex-m33/soft-float/no-interrupts/libnrf_cc312_platform_0.9.10.a(cc_hal.c.obj)
                0x00012948                CC_HalMaskInterrupt
 .text.CC_HalWaitInterrupt
                0x00012954        0xc C:/ncs/v1.6.0/nrfxlib/crypto/nrf_cc312_platform/lib/cortex-m33/soft-float/no-interrupts/libnrf_cc312_platform_0.9.10.a(cc_hal.c.obj)
                0x00012954                CC_HalWaitInterrupt
 .text.CC_HalWaitInterruptRND
                0x00012960        0xc C:/ncs/v1.6.0/nrfxlib/crypto/nrf_cc312_platform/lib/cortex-m33/soft-float/no-interrupts/libnrf_cc312_platform_0.9.10.a(cc_hal.c.obj)
                0x00012960                CC_HalWaitInterruptRND
 .text.CC_PalInit
                0x0001296c       0x5c C:/ncs/v1.6.0/nrfxlib/crypto/nrf_cc312_platform/lib/cortex-m33/soft-float/no-interrupts/libnrf_cc312_platform_0.9.10.a(cc_pal.c.obj)
                0x0001296c                CC_PalInit
 .text.CC_PalTerminate
                0x000129c8       0x34 C:/ncs/v1.6.0/nrfxlib/crypto/nrf_cc312_platform/lib/cortex-m33/soft-float/no-interrupts/libnrf_cc312_platform_0.9.10.a(cc_pal.c.obj)
                0x000129c8                CC_PalTerminate
 .text.CC_PalDmaInit
                0x000129fc        0x4 C:/ncs/v1.6.0/nrfxlib/crypto/nrf_cc312_platform/lib/cortex-m33/soft-float/no-interrupts/libnrf_cc312_platform_0.9.10.a(cc_pal_dma.c.obj)
                0x000129fc                CC_PalDmaInit
 .text.CC_PalDmaTerminate
                0x00012a00        0x4 C:/ncs/v1.6.0/nrfxlib/crypto/nrf_cc312_platform/lib/cortex-m33/soft-float/no-interrupts/libnrf_cc312_platform_0.9.10.a(cc_pal_dma.c.obj)
                0x00012a00                CC_PalDmaTerminate
 .text.CC_PalWaitInterruptRND
                0x00012a04       0x40 C:/ncs/v1.6.0/nrfxlib/crypto/nrf_cc312_platform/lib/cortex-m33/soft-float/no-interrupts/libnrf_cc312_platform_0.9.10.a(cc_pal_interrupt_ctrl.c.obj)
                0x00012a04                CC_PalWaitInterruptRND
 .text.CC_PalWaitInterrupt
                0x00012a44       0x28 C:/ncs/v1.6.0/nrfxlib/crypto/nrf_cc312_platform/lib/cortex-m33/soft-float/no-interrupts/libnrf_cc312_platform_0.9.10.a(cc_pal_interrupt_ctrl.c.obj)
                0x00012a44                CC_PalWaitInterrupt
 .text.CC_PalMutexCreate
                0x00012a6c       0x14 C:/ncs/v1.6.0/nrfxlib/crypto/nrf_cc312_platform/lib/cortex-m33/soft-float/no-interrupts/libnrf_cc312_platform_0.9.10.a(cc_pal_mutex.c.obj)
                0x00012a6c                CC_PalMutexCreate
 .text.CC_PalMutexDestroy
                0x00012a80       0x14 C:/ncs/v1.6.0/nrfxlib/crypto/nrf_cc312_platform/lib/cortex-m33/soft-float/no-interrupts/libnrf_cc312_platform_0.9.10.a(cc_pal_mutex.c.obj)
                0x00012a80                CC_PalMutexDestroy
 .text.CC_PalMutexLock
                0x00012a94       0x10 C:/ncs/v1.6.0/nrfxlib/crypto/nrf_cc312_platform/lib/cortex-m33/soft-float/no-interrupts/libnrf_cc312_platform_0.9.10.a(cc_pal_mutex.c.obj)
                0x00012a94                CC_PalMutexLock
 .text.CC_PalMutexUnlock
                0x00012aa4       0x14 C:/ncs/v1.6.0/nrfxlib/crypto/nrf_cc312_platform/lib/cortex-m33/soft-float/no-interrupts/libnrf_cc312_platform_0.9.10.a(cc_pal_mutex.c.obj)
                0x00012aa4                CC_PalMutexUnlock
 .text.CC_PalPowerSaveModeInit
                0x00012ab8       0x3c C:/ncs/v1.6.0/nrfxlib/crypto/nrf_cc312_platform/lib/cortex-m33/soft-float/no-interrupts/libnrf_cc312_platform_0.9.10.a(cc_pal_pm.c.obj)
                0x00012ab8                CC_PalPowerSaveModeInit
 .text.CC_PalPowerSaveModeSelect
                0x00012af4       0x84 C:/ncs/v1.6.0/nrfxlib/crypto/nrf_cc312_platform/lib/cortex-m33/soft-float/no-interrupts/libnrf_cc312_platform_0.9.10.a(cc_pal_pm.c.obj)
                0x00012af4                CC_PalPowerSaveModeSelect
 .text.mutex_init
                0x00012b78        0xc C:/ncs/v1.6.0/nrfxlib/crypto/nrf_cc312_platform/lib/cortex-m33/soft-float/no-interrupts/libnrf_cc312_platform_0.9.10.a(threading_alt.c.obj)
                0x00012b78                mutex_init
 .text.mutex_lock
                0x00012b84        0xc C:/ncs/v1.6.0/nrfxlib/crypto/nrf_cc312_platform/lib/cortex-m33/soft-float/no-interrupts/libnrf_cc312_platform_0.9.10.a(threading_alt.c.obj)
                0x00012b84                mutex_lock
 .text.mutex_unlock
                0x00012b90        0xc C:/ncs/v1.6.0/nrfxlib/crypto/nrf_cc312_platform/lib/cortex-m33/soft-float/no-interrupts/libnrf_cc312_platform_0.9.10.a(threading_alt.c.obj)
                0x00012b90                mutex_unlock
 .text.startTrngHW
                0x00012b9c      0x134 C:/ncs/v1.6.0/nrfxlib/crypto/nrf_cc312_platform/lib/cortex-m33/soft-float/no-interrupts/libnrf_cc312_platform_0.9.10.a(llf_rnd_trng90b.c.obj)
 .text.LLF_RND_RepetitionCounterTest.part.0
                0x00012cd0       0x58 C:/ncs/v1.6.0/nrfxlib/crypto/nrf_cc312_platform/lib/cortex-m33/soft-float/no-interrupts/libnrf_cc312_platform_0.9.10.a(llf_rnd_trng90b.c.obj)
 .text.LLF_RND_AdaptiveProportionTest
                0x00012d28       0xcc C:/ncs/v1.6.0/nrfxlib/crypto/nrf_cc312_platform/lib/cortex-m33/soft-float/no-interrupts/libnrf_cc312_platform_0.9.10.a(llf_rnd_trng90b.c.obj)
                0x00012d28                LLF_RND_AdaptiveProportionTest
 .text.getTrngSource
                0x00012df4      0x2c8 C:/ncs/v1.6.0/nrfxlib/crypto/nrf_cc312_platform/lib/cortex-m33/soft-float/no-interrupts/libnrf_cc312_platform_0.9.10.a(llf_rnd_trng90b.c.obj)
 .text.LLF_RND_GetTrngSource
                0x000130bc       0x18 C:/ncs/v1.6.0/nrfxlib/crypto/nrf_cc312_platform/lib/cortex-m33/soft-float/no-interrupts/libnrf_cc312_platform_0.9.10.a(llf_rnd_trng90b.c.obj)
                0x000130bc                LLF_RND_GetTrngSource
 .text.LLF_RND_RunTrngStartupTest
                0x000130d4       0x1c C:/ncs/v1.6.0/nrfxlib/crypto/nrf_cc312_platform/lib/cortex-m33/soft-float/no-interrupts/libnrf_cc312_platform_0.9.10.a(llf_rnd_trng90b.c.obj)
                0x000130d4                LLF_RND_RunTrngStartupTest
 .text.mbedtls_platform_zeroize
                0x000130f0       0x14 C:/ncs/v1.6.0/nrfxlib/crypto/nrf_cc312_platform/lib/cortex-m33/soft-float/no-interrupts/libnrf_cc312_platform_0.9.10.a(mbedtls_common.c.obj)
                0x000130f0                mbedtls_platform_zeroize
 .text.mbedtls_hardware_poll
                0x00013104      0x10c C:/ncs/v1.6.0/nrfxlib/crypto/nrf_cc312_platform/lib/cortex-m33/soft-float/no-interrupts/libnrf_cc312_platform_0.9.10.a(trng_api.c.obj)
                0x00013104                mbedtls_hardware_poll
 .text.cc_mbedtls_sha256_init
                0x00013210       0x28 C:/ncs/v1.6.0/nrfxlib/crypto/nrf_cc312_platform/lib/cortex-m33/soft-float/no-interrupts/libnrf_cc312_platform_0.9.10.a(sha256_alt.c.obj)
                0x00013210                cc_mbedtls_sha256_init
 .text.cc_mbedtls_sha256_free
                0x00013238        0xc C:/ncs/v1.6.0/nrfxlib/crypto/nrf_cc312_platform/lib/cortex-m33/soft-float/no-interrupts/libnrf_cc312_platform_0.9.10.a(sha256_alt.c.obj)
                0x00013238                cc_mbedtls_sha256_free
 .text.cc_mbedtls_sha256_starts_ret
                0x00013244       0x28 C:/ncs/v1.6.0/nrfxlib/crypto/nrf_cc312_platform/lib/cortex-m33/soft-float/no-interrupts/libnrf_cc312_platform_0.9.10.a(sha256_alt.c.obj)
                0x00013244                cc_mbedtls_sha256_starts_ret
 .text.cc_mbedtls_sha256_update_ret
                0x0001326c       0x10 C:/ncs/v1.6.0/nrfxlib/crypto/nrf_cc312_platform/lib/cortex-m33/soft-float/no-interrupts/libnrf_cc312_platform_0.9.10.a(sha256_alt.c.obj)
                0x0001326c                cc_mbedtls_sha256_update_ret
 .text.cc_mbedtls_sha256_finish_ret
                0x0001327c       0x48 C:/ncs/v1.6.0/nrfxlib/crypto/nrf_cc312_platform/lib/cortex-m33/soft-float/no-interrupts/libnrf_cc312_platform_0.9.10.a(sha256_alt.c.obj)
                0x0001327c                cc_mbedtls_sha256_finish_ret
 .text.mbedtls_sha_starts_internal
                0x000132c4       0x28 C:/ncs/v1.6.0/nrfxlib/crypto/nrf_cc312_platform/lib/cortex-m33/soft-float/no-interrupts/libnrf_cc312_platform_0.9.10.a(mbedtls_hash_common.c.obj)
                0x000132c4                mbedtls_sha_starts_internal
 .text.mbedtls_sha_finish_internal
                0x000132ec       0x5c C:/ncs/v1.6.0/nrfxlib/crypto/nrf_cc312_platform/lib/cortex-m33/soft-float/no-interrupts/libnrf_cc312_platform_0.9.10.a(mbedtls_hash_common.c.obj)
                0x000132ec                mbedtls_sha_finish_internal
 .text.mbedtls_sha_update_internal
                0x00013348       0xe4 C:/ncs/v1.6.0/nrfxlib/crypto/nrf_cc312_platform/lib/cortex-m33/soft-float/no-interrupts/libnrf_cc312_platform_0.9.10.a(mbedtls_hash_common.c.obj)
                0x00013348                mbedtls_sha_update_internal
 .text.ctr_drbg_update_internal
                0x0001342c      0x168 C:/ncs/v1.6.0/nrfxlib/crypto/nrf_cc312_platform/lib/cortex-m33/soft-float/no-interrupts/libnrf_cc312_platform_0.9.10.a(ctr_drbg.c.obj)
 .text.mbedtls_ctr_drbg_reseed_internal
                0x00013594      0x31c C:/ncs/v1.6.0/nrfxlib/crypto/nrf_cc312_platform/lib/cortex-m33/soft-float/no-interrupts/libnrf_cc312_platform_0.9.10.a(ctr_drbg.c.obj)
 .text.cc_mbedtls_ctr_drbg_init
                0x000138b0       0x24 C:/ncs/v1.6.0/nrfxlib/crypto/nrf_cc312_platform/lib/cortex-m33/soft-float/no-interrupts/libnrf_cc312_platform_0.9.10.a(ctr_drbg.c.obj)
                0x000138b0                cc_mbedtls_ctr_drbg_init
 .text.cc_mbedtls_ctr_drbg_seed
                0x000138d4       0xa4 C:/ncs/v1.6.0/nrfxlib/crypto/nrf_cc312_platform/lib/cortex-m33/soft-float/no-interrupts/libnrf_cc312_platform_0.9.10.a(ctr_drbg.c.obj)
                0x000138d4                cc_mbedtls_ctr_drbg_seed
 .text.cc_mbedtls_ctr_drbg_random_with_add
                0x00013978      0x1b4 C:/ncs/v1.6.0/nrfxlib/crypto/nrf_cc312_platform/lib/cortex-m33/soft-float/no-interrupts/libnrf_cc312_platform_0.9.10.a(ctr_drbg.c.obj)
                0x00013978                cc_mbedtls_ctr_drbg_random_with_add
 .text.cc_mbedtls_sha256_ret
                0x00013b2c       0x50 C:/ncs/v1.6.0/nrfxlib/crypto/nrf_cc312_platform/lib/cortex-m33/soft-float/no-interrupts/libnrf_cc312_platform_0.9.10.a(sha256.c.obj)
                0x00013b2c                cc_mbedtls_sha256_ret
 .text.RNG_PLAT_SetUserRngParameters
                0x00013b7c       0x7c C:/ncs/v1.6.0/nrfxlib/crypto/nrf_cc312_platform/lib/cortex-m33/soft-float/no-interrupts/libnrf_cc312_platform_0.9.10.a(cc_rng_plat.c.obj)
                0x00013b7c                RNG_PLAT_SetUserRngParameters
 .text.CC_PalMemCopyPlat
                0x00013bf8        0x4 C:/ncs/v1.6.0/nrfxlib/crypto/nrf_cc312_platform/lib/cortex-m33/soft-float/no-interrupts/libnrf_cc312_platform_0.9.10.a(cc_pal_mem.c.obj)
                0x00013bf8                CC_PalMemCopyPlat
 .text.CC_PalMemSetPlat
                0x00013bfc        0x4 C:/ncs/v1.6.0/nrfxlib/crypto/nrf_cc312_platform/lib/cortex-m33/soft-float/no-interrupts/libnrf_cc312_platform_0.9.10.a(cc_pal_mem.c.obj)
                0x00013bfc                CC_PalMemSetPlat
 .text.CC_PalMemSetZeroPlat
                0x00013c00        0x8 C:/ncs/v1.6.0/nrfxlib/crypto/nrf_cc312_platform/lib/cortex-m33/soft-float/no-interrupts/libnrf_cc312_platform_0.9.10.a(cc_pal_mem.c.obj)
                0x00013c00                CC_PalMemSetZeroPlat
 .text.CC_PalTrngParamGet
                0x00013c08       0xa8 C:/ncs/v1.6.0/nrfxlib/crypto/nrf_cc312_platform/lib/cortex-m33/soft-float/no-interrupts/libnrf_cc312_platform_0.9.10.a(cc_pal_trng.c.obj)
                0x00013c08                CC_PalTrngParamGet
 .text.LLF_RND_WaitRngInterrupt
                0x00013cb0       0x20 C:/ncs/v1.6.0/nrfxlib/crypto/nrf_cc312_platform/lib/cortex-m33/soft-float/no-interrupts/libnrf_cc312_platform_0.9.10.a(llf_rnd.c.obj)
                0x00013cb0                LLF_RND_WaitRngInterrupt
 .text.LLF_RND_GetRoscSampleCnt
                0x00013cd0       0x3c C:/ncs/v1.6.0/nrfxlib/crypto/nrf_cc312_platform/lib/cortex-m33/soft-float/no-interrupts/libnrf_cc312_platform_0.9.10.a(llf_rnd.c.obj)
                0x00013cd0                LLF_RND_GetRoscSampleCnt
 .text.LLF_RND_GetFastestRosc
                0x00013d0c       0x20 C:/ncs/v1.6.0/nrfxlib/crypto/nrf_cc312_platform/lib/cortex-m33/soft-float/no-interrupts/libnrf_cc312_platform_0.9.10.a(llf_rnd.c.obj)
                0x00013d0c                LLF_RND_GetFastestRosc
 .text.LLF_RND_TurnOffTrng
                0x00013d2c       0x2c C:/ncs/v1.6.0/nrfxlib/crypto/nrf_cc312_platform/lib/cortex-m33/soft-float/no-interrupts/libnrf_cc312_platform_0.9.10.a(llf_rnd.c.obj)
                0x00013d2c                LLF_RND_TurnOffTrng
 .text.SetDataBuffersInfo
                0x00013d58       0x64 C:/ncs/v1.6.0/nrfxlib/crypto/nrf_cc312_platform/lib/cortex-m33/soft-float/no-interrupts/libnrf_cc312_platform_0.9.10.a(driver_common.c.obj)
                0x00013d58                SetDataBuffersInfo
 .text.InitHashDrv
                0x00013dbc       0x54 C:/ncs/v1.6.0/nrfxlib/crypto/nrf_cc312_platform/lib/cortex-m33/soft-float/no-interrupts/libnrf_cc312_platform_0.9.10.a(hash_driver.c.obj)
                0x00013dbc                InitHashDrv
 .text.ProcessHashDrv
                0x00013e10      0x23c C:/ncs/v1.6.0/nrfxlib/crypto/nrf_cc312_platform/lib/cortex-m33/soft-float/no-interrupts/libnrf_cc312_platform_0.9.10.a(hash_driver.c.obj)
                0x00013e10                ProcessHashDrv
 .text.FinishHashDrv
                0x0001404c       0x80 C:/ncs/v1.6.0/nrfxlib/crypto/nrf_cc312_platform/lib/cortex-m33/soft-float/no-interrupts/libnrf_cc312_platform_0.9.10.a(hash_driver.c.obj)
                0x0001404c                FinishHashDrv
 .text.cc_mbedtls_aes_init
                0x000140cc       0x20 C:/ncs/v1.6.0/nrfxlib/crypto/nrf_cc312_platform/lib/cortex-m33/soft-float/no-interrupts/libnrf_cc312_platform_0.9.10.a(aes_alt.c.obj)
                0x000140cc                cc_mbedtls_aes_init
 .text.cc_mbedtls_aes_free
                0x000140ec        0xc C:/ncs/v1.6.0/nrfxlib/crypto/nrf_cc312_platform/lib/cortex-m33/soft-float/no-interrupts/libnrf_cc312_platform_0.9.10.a(aes_alt.c.obj)
                0x000140ec                cc_mbedtls_aes_free
 .text.cc_mbedtls_aes_setkey_enc
                0x000140f8       0x44 C:/ncs/v1.6.0/nrfxlib/crypto/nrf_cc312_platform/lib/cortex-m33/soft-float/no-interrupts/libnrf_cc312_platform_0.9.10.a(aes_alt.c.obj)
                0x000140f8                cc_mbedtls_aes_setkey_enc
 .text.cc_mbedtls_aes_crypt_ecb
                0x0001413c       0x54 C:/ncs/v1.6.0/nrfxlib/crypto/nrf_cc312_platform/lib/cortex-m33/soft-float/no-interrupts/libnrf_cc312_platform_0.9.10.a(aes_alt.c.obj)
                0x0001413c                cc_mbedtls_aes_crypt_ecb
 .text.CC_PalDataBufferAttrGet
                0x00014190        0x8 C:/ncs/v1.6.0/nrfxlib/crypto/nrf_cc312_platform/lib/cortex-m33/soft-float/no-interrupts/libnrf_cc312_platform_0.9.10.a(cc_pal_buff_attr.c.obj)
                0x00014190                CC_PalDataBufferAttrGet
 .text.LoadAesKey
                0x00014198      0x110 C:/ncs/v1.6.0/nrfxlib/crypto/nrf_cc312_platform/lib/cortex-m33/soft-float/no-interrupts/libnrf_cc312_platform_0.9.10.a(aes_driver.c.obj)
 .text.ProcessAesDrv
                0x000142a8      0x424 C:/ncs/v1.6.0/nrfxlib/crypto/nrf_cc312_platform/lib/cortex-m33/soft-float/no-interrupts/libnrf_cc312_platform_0.9.10.a(aes_driver.c.obj)
                0x000142a8                ProcessAesDrv
 .text.FinishAesDrv
                0x000146cc      0x2b8 C:/ncs/v1.6.0/nrfxlib/crypto/nrf_cc312_platform/lib/cortex-m33/soft-float/no-interrupts/libnrf_cc312_platform_0.9.10.a(aes_driver.c.obj)
                0x000146cc                FinishAesDrv
 .text.kmu_validate_slot_and_size
                0x00014984       0x2c C:/ncs/v1.6.0/nrfxlib/crypto/nrf_cc312_platform/lib/cortex-m33/soft-float/no-interrupts/libnrf_cc312_platform_0.9.10.a(kmu_shared.c.obj)
                0x00014984                kmu_validate_slot_and_size
 .text.kmu_validate_slot_and_size_no_kdr
                0x000149b0       0x30 C:/ncs/v1.6.0/nrfxlib/crypto/nrf_cc312_platform/lib/cortex-m33/soft-float/no-interrupts/libnrf_cc312_platform_0.9.10.a(kmu_shared.c.obj)
                0x000149b0                kmu_validate_slot_and_size_no_kdr
 .text.kmu_load_key_aes
                0x000149e0      0x3a8 C:/ncs/v1.6.0/nrfxlib/crypto/nrf_cc312_platform/lib/cortex-m33/soft-float/no-interrupts/libnrf_cc312_platform_0.9.10.a(kmu_shared.c.obj)
                0x000149e0                kmu_load_key_aes
 .text.kmu_derive_cmac
                0x00014d88      0x118 C:/ncs/v1.6.0/nrfxlib/crypto/nrf_cc312_platform/lib/cortex-m33/soft-float/no-interrupts/libnrf_cc312_platform_0.9.10.a(kmu_shared.c.obj)
                0x00014d88                kmu_derive_cmac
 .text.UtilCmacBuildDataForDerivation
                0x00014ea0       0xb8 C:/ncs/v1.6.0/nrfxlib/crypto/nrf_cc312_platform/lib/cortex-m33/soft-float/no-interrupts/libnrf_cc312_platform_0.9.10.a(cc_util_cmac.c.obj)
                0x00014ea0                UtilCmacBuildDataForDerivation
 .text.main     0x00014f58        0xe app/libapp.a(main.c.obj)
                0x00014f58                main
 .text.sys_notify_validate
                0x00014f66       0x22 zephyr/libzephyr.a(notify.c.obj)
                0x00014f66                sys_notify_validate
 .text.arch_printk_char_out
                0x00014f88        0x4 zephyr/libzephyr.a(printk.c.obj)
                0x00014f88                arch_printk_char_out
 .text.printk   0x00014f8c       0x1a zephyr/libzephyr.a(printk.c.obj)
                0x00014f8c                printk
 .text.process_recheck
                0x00014fa6       0x38 zephyr/libzephyr.a(onoff.c.obj)
 .text.notify_one
                0x00014fde       0x2c zephyr/libzephyr.a(onoff.c.obj)
 .text.validate_args
                0x0001500a       0x1e zephyr/libzephyr.a(onoff.c.obj)
 .text.onoff_manager_init
                0x00015028       0x26 zephyr/libzephyr.a(onoff.c.obj)
                0x00015028                onoff_manager_init
 .text.z_thread_entry
                0x0001504e       0x14 zephyr/libzephyr.a(thread_entry.c.obj)
                0x0001504e                z_thread_entry
 .text.encode_uint
                0x00015062       0x96 zephyr/libzephyr.a(cbprintf_complete.c.obj)
 .text.outs     0x000150f8       0x2c zephyr/libzephyr.a(cbprintf_complete.c.obj)
 .text.assert_post_action
                0x00015124        0xe zephyr/libzephyr.a(assert.c.obj)
                0x00015124                assert_post_action
 .text._ConfigAbsSyms
                0x00015132        0x2 zephyr/libzephyr.a(configs.c.obj)
                0x00015132                _ConfigAbsSyms
 .text.z_platform_init
                0x00015134        0x4 zephyr/libzephyr.a(soc.c.obj)
                0x00015134                z_platform_init
 .text.pm_power_state_exit_post_ops
                0x00015138       0x16 zephyr/libzephyr.a(power.c.obj)
                0x00015138                pm_power_state_exit_post_ops
 .text.z_log_minimal_printk
                0x0001514e       0x1a zephyr/libzephyr.a(log_minimal.c.obj)
                0x0001514e                z_log_minimal_printk
 .text.pm_policy_next_state
                0x00015168        0xa zephyr/libzephyr.a(policy_residency.c.obj)
                0x00015168                pm_policy_next_state
 .text.set_starting_state
                0x00015172       0x3c zephyr/libzephyr.a(clock_control_nrf.c.obj)
 .text.set_on_state
                0x000151ae       0x26 zephyr/libzephyr.a(clock_control_nrf.c.obj)
 .text.onoff_started_callback
                0x000151d4        0xc zephyr/libzephyr.a(clock_control_nrf.c.obj)
 .text.hfclkaudio_start
                0x000151e0        0x6 zephyr/libzephyr.a(clock_control_nrf.c.obj)
 .text.hfclk192m_start
                0x000151e6        0x6 zephyr/libzephyr.a(clock_control_nrf.c.obj)
 .text.lfclk_start
                0x000151ec        0x6 zephyr/libzephyr.a(clock_control_nrf.c.obj)
 .text.hfclkaudio_stop
                0x000151f2        0x6 zephyr/libzephyr.a(clock_control_nrf.c.obj)
 .text.hfclk192m_stop
                0x000151f8        0x6 zephyr/libzephyr.a(clock_control_nrf.c.obj)
 .text.lfclk_stop
                0x000151fe        0x6 zephyr/libzephyr.a(clock_control_nrf.c.obj)
 .text.api_stop
                0x00015204        0x6 zephyr/libzephyr.a(clock_control_nrf.c.obj)
 .text.blocking_start_callback
                0x0001520a        0x6 zephyr/libzephyr.a(clock_control_nrf.c.obj)
 .text.api_start
                0x00015210       0x34 zephyr/libzephyr.a(clock_control_nrf.c.obj)
 .text.sys_clock_idle_exit
                0x00015244        0x2 zephyr/libzephyr.a(sys_clock_init.c.obj)
                0x00015244                sys_clock_idle_exit
 .text.sys_clock_disable
                0x00015246        0x2 zephyr/libzephyr.a(sys_clock_init.c.obj)
                0x00015246                sys_clock_disable
 .text.abort_function
                0x00015248        0x6 zephyr/libzephyr.a(nrf_cc3xx_platform_abort_zephyr.c.obj)
 .text.z_irq_spurious
                0x0001524e        0x8 zephyr/arch/arch/arm/core/aarch32/libarch__arm__core__aarch32.a(irq_manage.c.obj)
                0x0001524e                z_irq_spurious
 .text.irq_target_state_set
                0x00015256       0x5e zephyr/arch/arch/arm/core/aarch32/libarch__arm__core__aarch32.a(irq_manage.c.obj)
                0x00015256                irq_target_state_set
 .text.configure_builtin_stack_guard
                0x000152b4        0x8 zephyr/arch/arch/arm/core/aarch32/libarch__arm__core__aarch32.a(thread.c.obj)
                0x000152b4                configure_builtin_stack_guard
 .text.z_do_kernel_oops
                0x000152bc        0x8 zephyr/arch/arch/arm/core/aarch32/libarch__arm__core__aarch32.a(fatal.c.obj)
                0x000152bc                z_do_kernel_oops
 .text.z_arm_nmi
                0x000152c4        0xe zephyr/arch/arch/arm/core/aarch32/libarch__arm__core__aarch32.a(nmi.c.obj)
                0x000152c4                z_arm_nmi
 .text.arm_cmse_mpu_region_get
                0x000152d2       0x12 zephyr/arch/arch/arm/core/aarch32/cortex_m/cmse/libarch__arm__core__aarch32__cortex_m__cmse.a(arm_core_cmse.c.obj)
                0x000152d2                arm_cmse_mpu_region_get
 .text.arm_cmse_addr_is_secure
                0x000152e4        0xa zephyr/arch/arch/arm/core/aarch32/cortex_m/cmse/libarch__arm__core__aarch32__cortex_m__cmse.a(arm_core_cmse.c.obj)
                0x000152e4                arm_cmse_addr_is_secure
 .text.strlen   0x000152ee        0xe zephyr/lib/libc/minimal/liblib__libc__minimal.a(string.c.obj)
                0x000152ee                strlen
 .text.strnlen  0x000152fc       0x12 zephyr/lib/libc/minimal/liblib__libc__minimal.a(string.c.obj)
                0x000152fc                strnlen
 .text.strcmp   0x0001530e       0x18 zephyr/lib/libc/minimal/liblib__libc__minimal.a(string.c.obj)
                0x0001530e                strcmp
 .text.memcmp   0x00015326       0x20 zephyr/lib/libc/minimal/liblib__libc__minimal.a(string.c.obj)
                0x00015326                memcmp
 .text.memmove  0x00015346       0x2e zephyr/lib/libc/minimal/liblib__libc__minimal.a(string.c.obj)
                0x00015346                memmove
 .text.memcpy   0x00015374       0x56 zephyr/lib/libc/minimal/liblib__libc__minimal.a(string.c.obj)
                0x00015374                memcpy
 .text.memset   0x000153ca       0x46 zephyr/lib/libc/minimal/liblib__libc__minimal.a(string.c.obj)
                0x000153ca                memset
 .text._stdout_hook_default
                0x00015410        0x6 zephyr/lib/libc/minimal/liblib__libc__minimal.a(stdout_console.c.obj)
 .text.uarte_nrfx_isr_int
                0x00015416       0x74 zephyr/drivers/serial/libdrivers__serial.a(uart_nrfx_uarte.c.obj)
 .text.uarte_nrfx_config_get
                0x0001548a       0x10 zephyr/drivers/serial/libdrivers__serial.a(uart_nrfx_uarte.c.obj)
 .text.uarte_nrfx_err_check
                0x0001549a        0xe zephyr/drivers/serial/libdrivers__serial.a(uart_nrfx_uarte.c.obj)
 .text.is_tx_ready
                0x000154a8       0x20 zephyr/drivers/serial/libdrivers__serial.a(uart_nrfx_uarte.c.obj)
 .text.uarte_nrfx_poll_in
                0x000154c8       0x26 zephyr/drivers/serial/libdrivers__serial.a(uart_nrfx_uarte.c.obj)
 .text.nrf_gpio_cfg_output
                0x000154ee       0x26 zephyr/drivers/serial/libdrivers__serial.a(uart_nrfx_uarte.c.obj)
 .text.uarte_0_init
                0x00015514      0x112 zephyr/drivers/serial/libdrivers__serial.a(uart_nrfx_uarte.c.obj)
 .text.hw_cc3xx_init_internal
                0x00015626        0x4 modules/nrf/drivers/hw_cc310/lib..__nrf__drivers__hw_cc310.a(hw_cc310.c.obj)
 .text.hw_cc3xx_init
                0x0001562a       0x12 modules/nrf/drivers/hw_cc310/lib..__nrf__drivers__hw_cc310.a(hw_cc310.c.obj)
 .text.nrfx_isr
                0x0001563c        0x2 modules/hal_nordic/nrfx/libmodules__hal_nordic__nrfx.a(nrfx_glue.c.obj)
                0x0001563c                nrfx_isr
 .text.nrfx_busy_wait
                0x0001563e        0x4 modules/hal_nordic/nrfx/libmodules__hal_nordic__nrfx.a(nrfx_glue.c.obj)
                0x0001563e                nrfx_busy_wait
 .text.z_device_state_init
                0x00015642        0x2 zephyr/kernel/libkernel.a(device.c.obj)
                0x00015642                z_device_state_init
 .text.z_device_ready
                0x00015644       0x12 zephyr/kernel/libkernel.a(device.c.obj)
                0x00015644                z_device_ready
 .text.k_mem_slab_init
                0x00015656       0x38 zephyr/kernel/libkernel.a(mem_slab.c.obj)
                0x00015656                k_mem_slab_init
 .text.k_is_in_isr
                0x0001568e        0xc zephyr/kernel/libkernel.a(thread.c.obj)
                0x0001568e                k_is_in_isr
 .text.k_thread_name_get
                0x0001569a        0x4 zephyr/kernel/libkernel.a(thread.c.obj)
                0x0001569a                k_thread_name_get
 .text.z_pm_save_idle_exit
                0x0001569e        0xe zephyr/kernel/libkernel.a(idle.c.obj)
                0x0001569e                z_pm_save_idle_exit
 .text.z_impl_k_mutex_init
                0x000156ac        0xe zephyr/kernel/libkernel.a(mutex.c.obj)
                0x000156ac                z_impl_k_mutex_init
 .text.z_reschedule_irqlock
                0x000156ba       0x18 zephyr/kernel/libkernel.a(sched.c.obj)
                0x000156ba                z_reschedule_irqlock
 .text.z_reschedule_unlocked
                0x000156d2       0x14 zephyr/kernel/libkernel.a(sched.c.obj)
 .text.z_priq_dumb_best
                0x000156e6       0x14 zephyr/kernel/libkernel.a(sched.c.obj)
                0x000156e6                z_priq_dumb_best
 .text.sys_clock_tick_get_32
                0x000156fa        0x8 zephyr/kernel/libkernel.a(timeout.c.obj)
                0x000156fa                sys_clock_tick_get_32
 .text.z_impl_k_busy_wait
                0x00015702        0x8 zephyr/kernel/libkernel.a(timeout.c.obj)
                0x00015702                z_impl_k_busy_wait
 .text._OffsetAbsSyms
                0x0001570a        0x2 zephyr/CMakeFiles/offsets.dir/./arch/arm/core/offsets/offsets.c.obj
                0x0001570a                _OffsetAbsSyms
 *(SORT_BY_ALIGNMENT(.TEXT.*))
 *(SORT_BY_ALIGNMENT(.gnu.linkonce.t.*))
 *(SORT_BY_ALIGNMENT(.glue_7t))
 .glue_7t       0x0001570c        0x0 linker stubs
 *(SORT_BY_ALIGNMENT(.glue_7))
 .glue_7        0x0001570c        0x0 linker stubs
 *(SORT_BY_ALIGNMENT(.vfp11_veneer))
 .vfp11_veneer  0x0001570c        0x0 linker stubs
 *(SORT_BY_ALIGNMENT(.v4_bx))
 .v4_bx         0x0001570c        0x0 linker stubs
                0x0001570c                _image_text_end = .

.ARM.exidx      0x0001570c        0x8
                0x0001570c                __exidx_start = .
 *(SORT_BY_ALIGNMENT(.ARM.exidx*) SORT_BY_ALIGNMENT(gnu.linkonce.armexidx.*))
 .ARM.exidx     0x0001570c        0x8 c:/ncs/v1.6.0/toolchain/opt/bin/../lib/gcc/arm-none-eabi/9.2.1/thumb/v8-m.main/nofp\libgcc.a(_udivmoddi4.o)
                0x00015714                __exidx_end = .
                0x00015714                _image_rodata_start = .

initlevel       0x00015714       0x50
                0x00015714                __init_start = .
                0x00015714                __init_PRE_KERNEL_1_start = .
 *(SORT_BY_NAME(SORT_BY_ALIGNMENT(.z_init_PRE_KERNEL_1[0-9]_*)))
 .z_init_PRE_KERNEL_10_
                0x00015714        0x8 zephyr/libzephyr.a(soc.c.obj)
 *(SORT_BY_NAME(SORT_BY_ALIGNMENT(.z_init_PRE_KERNEL_1[1-9][0-9]_*)))
 .z_init_PRE_KERNEL_130_
                0x0001571c        0x8 zephyr/kernel/libkernel.a(mem_slab.c.obj)
 .z_init_PRE_KERNEL_140_
                0x00015724        0x8 modules/nrf/drivers/hw_cc310/lib..__nrf__drivers__hw_cc310.a(hw_cc310.c.obj)
 .z_init_PRE_KERNEL_150_
                0x0001572c        0x8 zephyr/libzephyr.a(clock_control_nrf.c.obj)
 .z_init_PRE_KERNEL_150_
                0x00015734        0x8 zephyr/drivers/serial/libdrivers__serial.a(uart_nrfx_uarte.c.obj)
 .z_init_PRE_KERNEL_150_
                0x0001573c        0x8 zephyr/drivers/entropy/libdrivers__entropy.a(entropy_cc310.c.obj)
 .z_init_PRE_KERNEL_160_
                0x00015744        0x8 zephyr/libzephyr.a(uart_console.c.obj)
                0x0001574c                __init_PRE_KERNEL_2_start = .
 *(SORT_BY_NAME(SORT_BY_ALIGNMENT(.z_init_PRE_KERNEL_2[0-9]_*)))
 .z_init_PRE_KERNEL_20_
                0x0001574c        0x8 zephyr/libzephyr.a(sys_clock_init.c.obj)
 *(SORT_BY_NAME(SORT_BY_ALIGNMENT(.z_init_PRE_KERNEL_2[1-9][0-9]_*)))
                0x00015754                __init_POST_KERNEL_start = .
 *(SORT_BY_NAME(SORT_BY_ALIGNMENT(.z_init_POST_KERNEL[0-9]_*)))
 *(SORT_BY_NAME(SORT_BY_ALIGNMENT(.z_init_POST_KERNEL[1-9][0-9]_*)))
 .z_init_POST_KERNEL40_
                0x00015754        0x8 modules/nrf/drivers/hw_cc310/lib..__nrf__drivers__hw_cc310.a(hw_cc310.c.obj)
 .z_init_POST_KERNEL90_
                0x0001575c        0x8 modules/nrf/subsys/fw_info/lib..__nrf__subsys__fw_info.a(fw_info.c.obj)
                0x00015764                __init_APPLICATION_start = .
 *(SORT_BY_NAME(SORT_BY_ALIGNMENT(.z_init_APPLICATION[0-9]_*)))
 *(SORT_BY_NAME(SORT_BY_ALIGNMENT(.z_init_APPLICATION[1-9][0-9]_*)))
                0x00015764                __init_SMP_start = .
 *(SORT_BY_NAME(SORT_BY_ALIGNMENT(.z_init_SMP[0-9]_*)))
 *(SORT_BY_NAME(SORT_BY_ALIGNMENT(.z_init_SMP[1-9][0-9]_*)))
                0x00015764                __init_end = .

sw_isr_table    0x00015764      0x228
                0x00015764                . = ALIGN (0x0)
 *(SORT_BY_ALIGNMENT(.gnu.linkonce.sw_isr_table*))
 .gnu.linkonce.sw_isr_table
                0x00015764      0x228 zephyr/arch/common/libisr_tables.a(isr_tables.c.obj)
                0x00015764                _sw_isr_table

initlevel_error
                0x00015714        0x0
 *(SORT_BY_NAME(SORT_BY_ALIGNMENT(.z_init_[_A-Z0-9]*)))
                0x00000001                ASSERT ((SIZEOF (initlevel_error) == 0x0), Undefined initialization levels used.)

app_shmem_regions
                0x0001598c        0x0
                0x0001598c                __app_shmem_regions_start = .
 *(SORT_BY_NAME(SORT_BY_ALIGNMENT(.app_regions.*)))
                0x0001598c                __app_shmem_regions_end = .

bt_l2cap_fixed_chan_area
                0x0001598c        0x0
                0x0001598c                _bt_l2cap_fixed_chan_list_start = .
 *(SORT_BY_NAME(SORT_BY_ALIGNMENT(._bt_l2cap_fixed_chan.static.*)))
                0x0001598c                _bt_l2cap_fixed_chan_list_end = .

bt_gatt_service_static_area
                0x0001598c        0x0
                0x0001598c                _bt_gatt_service_static_list_start = .
 *(SORT_BY_NAME(SORT_BY_ALIGNMENT(._bt_gatt_service_static.static.*)))
                0x0001598c                _bt_gatt_service_static_list_end = .

k_p4wq_initparam_area
                0x0001598c        0x0
                0x0001598c                _k_p4wq_initparam_list_start = .
 *(SORT_BY_NAME(SORT_BY_ALIGNMENT(._k_p4wq_initparam.static.*)))
                0x0001598c                _k_p4wq_initparam_list_end = .

log_strings_sections
                0x0001598c        0x0
                0x0001598c                __log_strings_start = .
 *(SORT_BY_NAME(SORT_BY_ALIGNMENT(.log_strings*)))
                0x0001598c                __log_strings_end = .

log_const_sections
                0x0001598c       0x38
                0x0001598c                __log_const_start = .
 *(SORT_BY_NAME(SORT_BY_ALIGNMENT(.log_const_*)))
 .log_const_clock_control
                0x0001598c        0x8 zephyr/libzephyr.a(clock_control_nrf.c.obj)
                0x0001598c                log_const_clock_control
 .log_const_fatal_error
                0x00015994        0x8 modules/nrf/lib/fatal_error/lib..__nrf__lib__fatal_error.a(fatal_error.c.obj)
                0x00015994                log_const_fatal_error
 .log_const_mpu
                0x0001599c        0x8 zephyr/arch/arch/arm/core/aarch32/mpu/libarch__arm__core__aarch32__mpu.a(arm_core_mpu.c.obj)
                0x0001599c                log_const_mpu
 .log_const_os  0x000159a4        0x8 zephyr/kernel/libkernel.a(init.c.obj)
                0x000159a4                log_const_os
 .log_const_power
                0x000159ac        0x8 zephyr/libzephyr.a(power.c.obj)
                0x000159ac                log_const_power
 .log_const_soc
                0x000159b4        0x8 zephyr/libzephyr.a(soc.c.obj)
                0x000159b4                log_const_soc
 .log_const_uart_nrfx_uarte
                0x000159bc        0x8 zephyr/drivers/serial/libdrivers__serial.a(uart_nrfx_uarte.c.obj)
                0x000159bc                log_const_uart_nrfx_uarte
                0x000159c4                __log_const_end = .

log_backends_sections
                0x000159c4        0x0
                0x000159c4                __log_backends_start = .
 *(SORT_BY_ALIGNMENT(._log_backend.*))
                0x000159c4                __log_backends_end = .

shell_area      0x000159c4        0x0
                0x000159c4                _shell_list_start = .
 *(SORT_BY_NAME(SORT_BY_ALIGNMENT(._shell.static.*)))
                0x000159c4                _shell_list_end = .

shell_root_cmds_sections
                0x000159c4        0x0
                0x000159c4                __shell_root_cmds_start = .
 *(SORT_BY_NAME(SORT_BY_ALIGNMENT(.shell_root_cmd_*)))
                0x000159c4                __shell_root_cmds_end = .

font_entry_sections
                0x000159c4        0x0
                0x000159c4                __font_entry_start = .
 *(SORT_BY_NAME(SORT_BY_ALIGNMENT(._cfb_font.*)))
                0x000159c4                __font_entry_end = .

tracing_backend_area
                0x000159c4        0x0
                0x000159c4                _tracing_backend_list_start = .
 *(SORT_BY_NAME(SORT_BY_ALIGNMENT(._tracing_backend.static.*)))
                0x000159c4                _tracing_backend_list_end = .

zephyr_dbg_info
 *(SORT_BY_ALIGNMENT(.dbg_thread_info))

device_handles  0x000159c4       0x22
                0x000159c4                __device_handles_start = .
 *(SORT_BY_NAME(SORT_BY_ALIGNMENT(.__device_handles_pass1*)))
 .__device_handles_pass1
                0x000159c4        0xa zephyr/libzephyr.a(clock_control_nrf.c.obj)
                0x000159c4                __devicehdl_DT_N_S_soc_S_peripheral_50000000_S_clock_5000
 .__device_handles_pass1
                0x000159ce        0x6 zephyr/libzephyr.a(sys_clock_init.c.obj)
                0x000159ce                __devicehdl_sys_init_sys_clock_driver_init0
 .__device_handles_pass1
                0x000159d4        0xa zephyr/drivers/serial/libdrivers__serial.a(uart_nrfx_uarte.c.obj)
                0x000159d4                __devicehdl_DT_N_S_soc_S_peripheral_50000000_S_uart_8000
 .__device_handles_pass1
                0x000159de        0x8 zephyr/drivers/entropy/libdrivers__entropy.a(entropy_cc310.c.obj)
                0x000159de                __devicehdl_DT_N_S_soc_S_crypto_50844000
                0x000159e6                __device_handles_end = .

rodata          0x000159f0     0x3434
 *(SORT_BY_ALIGNMENT(.rodata))
 .rodata        0x000159f0       0x18 modules/nrf/subsys/fw_info/lib..__nrf__subsys__fw_info.a(fw_info.c.obj)
 .rodata        0x00015a08     0x200c C:/Users/mario/OneDrive/Escritorio/bls-hsm/secure_module/zephyr/spm/mylib/src/libblst.a(server.o)
                0x00015a08                BLS12_381_P
                0x00015a98                BLS12_381_Rx
                0x00015cd8                BLS12_381_RR
                0x000166f8                BLS12_381_G1
                0x00016788                BLS12_381_G2
                0x00016dc8                BLS12_381_r
                0x00016f40                BLS12_381_rRR
                0x00017860                BLS12_381_p0
                0x00017864                BLS12_381_NEG_G2
                0x00017984                BLS12_381_NEG_G1
 .rodata        0x00017a14       0x20 app/libapp.a(main.c.obj)
 *(SORT_BY_ALIGNMENT(.rodata.*))
 *fill*         0x00017a34        0xc 
 .rodata.delay_machine_code.9518
                0x00017a40        0x6 zephyr/libzephyr.a(soc.c.obj)
 *fill*         0x00017a46        0x2 
 .rodata.clock_control_api
                0x00017a48       0x14 zephyr/libzephyr.a(clock_control_nrf.c.obj)
 .rodata.config
                0x00017a5c       0x30 zephyr/libzephyr.a(clock_control_nrf.c.obj)
 .rodata.transitions.12244
                0x00017a8c        0xc zephyr/libzephyr.a(clock_control_nrf.c.obj)
 .rodata.periph.12807
                0x00017a98      0x168 zephyr/libzephyr.a(spm.c.obj)
 .rodata.apis   0x00017c00        0x8 zephyr/libzephyr.a(nrf_cc3xx_platform_abort_zephyr.c.obj)
 .rodata.mutex_apis
                0x00017c08       0x10 zephyr/libzephyr.a(nrf_cc3xx_platform_mutex_zephyr.c.obj)
 .rodata.mutexes
                0x00017c18       0x14 zephyr/libzephyr.a(nrf_cc3xx_platform_mutex_zephyr.c.obj)
 .rodata.static_regions
                0x00017c2c        0xc zephyr/arch/arch/arm/core/aarch32/mpu/libarch__arm__core__aarch32__mpu.a(arm_core_mpu.c.obj)
 .rodata.mpu_config
                0x00017c38        0x8 zephyr/soc/arm/common/cortex_m/libsoc__arm__common__cortex_m.a(arm_mpu_regions.c.obj)
                0x00017c38                mpu_config
 .rodata.mpu_regions
                0x00017c40       0x20 zephyr/soc/arm/common/cortex_m/libsoc__arm__common__cortex_m.a(arm_mpu_regions.c.obj)
 .rodata.uart_nrfx_uarte_driver_api
                0x00017c60       0x14 zephyr/drivers/serial/libdrivers__serial.a(uart_nrfx_uarte.c.obj)
 .rodata.uarte_0z_config
                0x00017c74        0x8 zephyr/drivers/serial/libdrivers__serial.a(uart_nrfx_uarte.c.obj)
 .rodata.entropy_cc3xx_rng_api
                0x00017c7c        0x8 zephyr/drivers/entropy/libdrivers__entropy.a(entropy_cc310.c.obj)
 .rodata.levels.9827
                0x00017c84       0x14 zephyr/kernel/libkernel.a(device.c.obj)
 .rodata._k_neg_eagain
                0x00017c98        0x4 zephyr/kernel/libkernel.a(errno.c.obj)
                0x00017c98                _k_neg_eagain
 .rodata.CSWTCH.417
                0x00017c9c       0x14 zephyr/kernel/libkernel.a(fatal.c.obj)
 .rodata.str1.4
                0x00017cb0       0x12 C:/Users/mario/OneDrive/Escritorio/bls-hsm/secure_module/zephyr/spm/mylib/src/libblst.a(server.o)
 *fill*         0x00017cc2        0x2 
 .rodata.CSWTCH.8
                0x00017cc4       0x20 C:/ncs/v1.6.0/nrfxlib/crypto/nrf_cc312_platform/lib/cortex-m33/soft-float/no-interrupts/libnrf_cc312_platform_0.9.10.a(nrf_cc3xx_platform.c.obj)
 .rodata.mutex_free.str1.4
                0x00017ce4       0x26 C:/ncs/v1.6.0/nrfxlib/crypto/nrf_cc312_platform/lib/cortex-m33/soft-float/no-interrupts/libnrf_cc312_platform_0.9.10.a(nrf_cc3xx_platform_mutex.c.obj)
 *fill*         0x00017d0a        0x2 
 .rodata.mutex_init.str1.4
                0x00017d0c       0x23 C:/ncs/v1.6.0/nrfxlib/crypto/nrf_cc312_platform/lib/cortex-m33/soft-float/no-interrupts/libnrf_cc312_platform_0.9.10.a(nrf_cc3xx_platform_mutex.c.obj)
 *fill*         0x00017d2f        0x1 
 .rodata.RndStartupTest.constprop.0.str1.4
                0x00017d30       0x6f C:/ncs/v1.6.0/nrfxlib/crypto/nrf_cc312_platform/lib/cortex-m33/soft-float/no-interrupts/libnrf_cc312_platform_0.9.10.a(cc_lib.c.obj)
 *fill*         0x00017d9f        0x1 
 .rodata.CC_PalPowerSaveModeInit.str1.4
                0x00017da0       0x20 C:/ncs/v1.6.0/nrfxlib/crypto/nrf_cc312_platform/lib/cortex-m33/soft-float/no-interrupts/libnrf_cc312_platform_0.9.10.a(cc_pal_pm.c.obj)
 .rodata.mbedtls_hardware_poll.str1.4
                0x00017dc0       0x16 C:/ncs/v1.6.0/nrfxlib/crypto/nrf_cc312_platform/lib/cortex-m33/soft-float/no-interrupts/libnrf_cc312_platform_0.9.10.a(trng_api.c.obj)
                                 0x6e (size before relaxing)
 *fill*         0x00017dd6        0x2 
 .rodata.cc_mbedtls_sha256_init.str1.4
                0x00017dd8        0xe C:/ncs/v1.6.0/nrfxlib/crypto/nrf_cc312_platform/lib/cortex-m33/soft-float/no-interrupts/libnrf_cc312_platform_0.9.10.a(sha256_alt.c.obj)
 .rodata.ProcessHashDrv.str1.4
                0x00017de6       0x6f C:/ncs/v1.6.0/nrfxlib/crypto/nrf_cc312_platform/lib/cortex-m33/soft-float/no-interrupts/libnrf_cc312_platform_0.9.10.a(hash_driver.c.obj)
 *fill*         0x00017de6        0x2 
 .rodata.HASH_LARVAL_SHA1
                0x00017de8       0x14 C:/ncs/v1.6.0/nrfxlib/crypto/nrf_cc312_platform/lib/cortex-m33/soft-float/no-interrupts/libnrf_cc312_platform_0.9.10.a(hash_driver.c.obj)
 .rodata.HASH_LARVAL_SHA224
                0x00017dfc       0x20 C:/ncs/v1.6.0/nrfxlib/crypto/nrf_cc312_platform/lib/cortex-m33/soft-float/no-interrupts/libnrf_cc312_platform_0.9.10.a(hash_driver.c.obj)
 .rodata.HASH_LARVAL_SHA256
                0x00017e1c       0x20 C:/ncs/v1.6.0/nrfxlib/crypto/nrf_cc312_platform/lib/cortex-m33/soft-float/no-interrupts/libnrf_cc312_platform_0.9.10.a(hash_driver.c.obj)
 .rodata.cc_mbedtls_aes_init.str1.4
                0x00017e3c       0x13 C:/ncs/v1.6.0/nrfxlib/crypto/nrf_cc312_platform/lib/cortex-m33/soft-float/no-interrupts/libnrf_cc312_platform_0.9.10.a(aes_alt.c.obj)
 .rodata.ProcessAesDrv.str1.4
                0x00017e4f       0x6f C:/ncs/v1.6.0/nrfxlib/crypto/nrf_cc312_platform/lib/cortex-m33/soft-float/no-interrupts/libnrf_cc312_platform_0.9.10.a(aes_driver.c.obj)
 .rodata.sys_notify_finalize.str1.1
                0x00017e4f       0x3b zephyr/libzephyr.a(notify.c.obj)
 .rodata.process_event.str1.1
                0x00017e8a       0x48 zephyr/libzephyr.a(onoff.c.obj)
                                 0x60 (size before relaxing)
 .rodata.cbvprintf.str1.1
                0x00017ed2        0x6 zephyr/libzephyr.a(cbprintf_complete.c.obj)
 .rodata.sys_reboot.str1.1
                0x00017ed8       0x29 zephyr/libzephyr.a(reboot.c.obj)
 .rodata.nrf_gpio_pin_port_decode.str1.1
                0x00017f01       0x33 zephyr/libzephyr.a(soc.c.obj)
                                 0x4b (size before relaxing)
 .rodata.str1.1
                0x00017f34        0x4 zephyr/libzephyr.a(soc.c.obj)
 .rodata.pm_state_notify.str1.1
                0x00017f38       0x3e zephyr/libzephyr.a(power.c.obj)
 .rodata.pm_power_state_force.str1.1
                0x00017f38       0x25 zephyr/libzephyr.a(power.c.obj)
 .rodata.str1.1
                0x00017f5d        0x6 zephyr/libzephyr.a(power.c.obj)
 .rodata.uart_console_init.str1.1
                0x00017f63        0x7 zephyr/libzephyr.a(uart_console.c.obj)
 .rodata.get_status.str1.1
                0x00017f6a       0x3d zephyr/libzephyr.a(clock_control_nrf.c.obj)
                                 0x55 (size before relaxing)
 .rodata.str1.1
                0x00017fa7       0x2f zephyr/libzephyr.a(clock_control_nrf.c.obj)
                                 0x35 (size before relaxing)
 .rodata.sys_clock_isr.str1.1
                0x00017fd6       0x32 zephyr/libzephyr.a(sys_clock_init.c.obj)
                                 0x4a (size before relaxing)
 .rodata.str1.1
                0x00018008        0xa zephyr/libzephyr.a(sys_clock_init.c.obj)
 .rodata.config_regions.str1.1
                0x00018012       0x53 zephyr/libzephyr.a(spm.c.obj)
                                 0x70 (size before relaxing)
 .rodata.spm_jump.str1.1
                0x00018065       0x75 zephyr/libzephyr.a(spm.c.obj)
 .rodata.spm_config.str1.1
                0x000180da      0x12e zephyr/libzephyr.a(spm.c.obj)
                                0x136 (size before relaxing)
 .rodata.str1.1
                0x00018208      0x1b5 zephyr/libzephyr.a(spm.c.obj)
 .rodata.mutex_free_platform.str1.1
                0x000183bd       0x26 zephyr/libzephyr.a(nrf_cc3xx_platform_mutex_zephyr.c.obj)
 .rodata.mutex_init_platform.str1.1
                0x000183e3       0x2d zephyr/libzephyr.a(nrf_cc3xx_platform_mutex_zephyr.c.obj)
 .rodata.z_arm_irq_priority_set.str1.1
                0x00018410       0x36 zephyr/arch/arch/arm/core/aarch32/libarch__arm__core__aarch32.a(irq_manage.c.obj)
                                 0x4e (size before relaxing)
 .rodata.z_arm_fatal_error.str1.1
                0x00018446       0xaf zephyr/arch/arch/arm/core/aarch32/libarch__arm__core__aarch32.a(fatal.c.obj)
 .rodata.mem_manage_fault.isra.0.str1.1
                0x000184f5      0x135 zephyr/arch/arch/arm/core/aarch32/cortex_m/libarch__arm__core__aarch32__cortex_m.a(fault.c.obj)
                                0x14d (size before relaxing)
 .rodata.bus_fault.isra.0.str1.1